91.166.71.69 - - [29/Mar/2021:19:59:16 +0200] "GET /secureX/gethint.php?q=hell HTTP/1.1" 200 206 "http://82.121.247.198/secureX/index.html" "Mozilla/5.0 (Windows NT 10.0; Win64; x64; rv:87.0) Gecko/20100101 Firefox/87.0"
91.166.71.69 - - [29/Mar/2021:19:59:16 +0200] "GET /secureX/gethint.php?q=hello HTTP/1.1" 200 206 "http://82.121.247.198/secureX/index.html" "Mozilla/5.0 (Windows NT 10.0; Win64; x64; rv:87.0) Gecko/20100101 Firefox/87.0"
::1 - - [29/Mar/2021:19:59:16 +0200] "OPTIONS * HTTP/1.0" 200 128 "-" "Apache/2.4.38 (Raspbian) (internal dummy connection)"
35.173.236.211 - - [29/Mar/2021:19:59:16 +0200] "GET /secureX/fichier.txt HTTP/1.1" 200 231 "-" "Go-http-client/1.1"
91.166.71.69 - - [29/Mar/2021:19:59:17 +0200] "GET /secureX/gethint.php?q=hello HTTP/1.1" 200 206 "http://82.121.247.198/secureX/index.html" "Mozilla/5.0 (Windows NT 10.0; Win64; x64; rv:87.0) Gecko/20100101 Firefox/87.0"
35.173.236.211 - - [29/Mar/2021:19:59:17 +0200] "GET /secureX/fichier.txt HTTP/1.1" 200 231 "-" "Go-http-client/1.1"
35.173.236.211 - - [29/Mar/2021:19:59:18 +0200] "GET /secureX/fichier.txt HTTP/1.1" 200 229 "-" "Go-http-client/1.1"
34.201.1.41 - - [29/Mar/2021:19:59:17 +0200] "GET /secureX/set_secureX_action.php?value=1 HTTP/1.1" 200 149 "-" "Go-http-client/1.1"
34.201.1.41 - - [29/Mar/2021:19:59:18 +0200] "GET /secureX/set_secureX_action.php?value=1 HTTP/1.1" 200 149 "-" "Go-http-client/1.1"
34.201.1.41 - - [29/Mar/2021:19:59:19 +0200] "GET /secureX/set_secureX_action.php?value=1 HTTP/1.1" 200 149 "-" "Go-http-client/1.1"
91.166.71.69 - - [29/Mar/2021:19:59:19 +0200] "GET /secureX/Ajax_SomePage.php?value=1&_=1617040748769 HTTP/1.1" 200 373 "http://82.121.247.198/secureX/index.html" "Mozilla/5.0 (Windows NT 10.0; Win64; x64; rv:87.0) Gecko/20100101 Firefox/87.0"
34.201.1.41 - - [29/Mar/2021:19:59:22 +0200] "GET /secureX/fichier.txt HTTP/1.1" 200 229 "-" "Go-http-client/1.1"
34.201.1.41 - - [29/Mar/2021:19:59:23 +0200] "GET /secureX/fichier.txt HTTP/1.1" 200 229 "-" "Go-http-client/1.1"
91.166.71.69 - - [29/Mar/2021:19:59:22 +0200] "GET /secureX/display_hi_patrick.php HTTP/1.1" 200 410 "http://82.121.247.198/secureX/index.html" "Mozilla/5.0 (Windows NT 10.0; Win64; x64; rv:87.0) Gecko/20100101 Firefox/87.0"
35.173.236.211 - - [29/Mar/2021:19:59:24 +0200] "GET /secureX/fichier.txt HTTP/1.1" 200 229 "-" "Go-http-client/1.1"
35.173.236.211 - - [29/Mar/2021:19:59:23 +0200] "GET /secureX/set_secureX_action.php?value=1 HTTP/1.1" 200 149 "-" "Go-http-client/1.1"
34.201.1.41 - - [29/Mar/2021:19:59:24 +0200] "GET /secureX/set_secureX_action.php?value=1 HTTP/1.1" 200 149 "-" "Go-http-client/1.1"
34.201.1.41 - - [29/Mar/2021:19:59:25 +0200] "GET /secureX/set_secureX_action.php?value=1 HTTP/1.1" 200 149 "-" "Go-http-client/1.1"
35.173.236.211 - - [29/Mar/2021:19:59:28 +0200] "GET /secureX/fichier.txt HTTP/1.1" 200 229 "-" "Go-http-client/1.1"
34.201.1.41 - - [29/Mar/2021:19:59:29 +0200] "GET /secureX/fichier.txt HTTP/1.1" 200 229 "-" "Go-http-client/1.1"
34.201.1.41 - - [29/Mar/2021:19:59:30 +0200] "GET /secureX/fichier.txt HTTP/1.1" 200 229 "-" "Go-http-client/1.1"
34.201.1.41 - - [29/Mar/2021:19:59:29 +0200] "GET /secureX/set_secureX_action.php?value=1 HTTP/1.1" 200 149 "-" "Go-http-client/1.1"
35.173.236.211 - - [29/Mar/2021:19:59:30 +0200] "GET /secureX/set_secureX_action.php?value=1 HTTP/1.1" 200 149 "-" "Go-http-client/1.1"
34.201.1.41 - - [29/Mar/2021:19:59:31 +0200] "GET /secureX/set_secureX_action.php?value=1 HTTP/1.1" 200 149 "-" "Go-http-client/1.1"
34.201.1.41 - - [29/Mar/2021:19:59:35 +0200] "GET /secureX/fichier.txt HTTP/1.1" 200 229 "-" "Go-http-client/1.1"
91.166.71.69 - - [29/Mar/2021:19:59:35 +0200] "GET /secureX/gethint.php?q=w HTTP/1.1" 200 207 "http://82.121.247.198/secureX/index.html" "Mozilla/5.0 (Windows NT 10.0; Win64; x64; rv:87.0) Gecko/20100101 Firefox/87.0"
34.201.1.41 - - [29/Mar/2021:19:59:35 +0200] "GET /secureX/fichier.txt HTTP/1.1" 200 229 "-" "Go-http-client/1.1"
91.166.71.69 - - [29/Mar/2021:19:59:36 +0200] "GET /secureX/gethint.php?q=wh HTTP/1.1" 200 206 "http://82.121.247.198/secureX/index.html" "Mozilla/5.0 (Windows NT 10.0; Win64; x64; rv:87.0) Gecko/20100101 Firefox/87.0"
91.166.71.69 - - [29/Mar/2021:19:59:36 +0200] "GET /secureX/gethint.php?q=who HTTP/1.1" 200 206 "http://82.121.247.198/secureX/index.html" "Mozilla/5.0 (Windows NT 10.0; Win64; x64; rv:87.0) Gecko/20100101 Firefox/87.0"
34.201.1.41 - - [29/Mar/2021:19:59:36 +0200] "GET /secureX/fichier.txt HTTP/1.1" 200 229 "-" "Go-http-client/1.1"
91.166.71.69 - - [29/Mar/2021:19:59:37 +0200] "GET /secureX/gethint.php?q=whoa HTTP/1.1" 200 206 "http://82.121.247.198/secureX/index.html" "Mozilla/5.0 (Windows NT 10.0; Win64; x64; rv:87.0) Gecko/20100101 Firefox/87.0"
91.166.71.69 - - [29/Mar/2021:19:59:37 +0200] "GET /secureX/gethint.php?q=who HTTP/1.1" 200 206 "http://82.121.247.198/secureX/index.html" "Mozilla/5.0 (Windows NT 10.0; Win64; x64; rv:87.0) Gecko/20100101 Firefox/87.0"
91.166.71.69 - - [29/Mar/2021:19:59:38 +0200] "GET /secureX/gethint.php?q=who HTTP/1.1" 200 206 "http://82.121.247.198/secureX/index.html" "Mozilla/5.0 (Windows NT 10.0; Win64; x64; rv:87.0) Gecko/20100101 Firefox/87.0"
91.166.71.69 - - [29/Mar/2021:19:59:38 +0200] "GET /secureX/gethint.php?q=who%20a HTTP/1.1" 200 206 "http://82.121.247.198/secureX/index.html" "Mozilla/5.0 (Windows NT 10.0; Win64; x64; rv:87.0) Gecko/20100101 Firefox/87.0"
34.201.1.41 - - [29/Mar/2021:19:59:35 +0200] "GET /secureX/set_secureX_action.php?value=1 HTTP/1.1" 200 149 "-" "Go-http-client/1.1"
91.166.71.69 - - [29/Mar/2021:19:59:38 +0200] "GET /secureX/gethint.php?q=who%20are HTTP/1.1" 200 206 "http://82.121.247.198/secureX/index.html" "Mozilla/5.0 (Windows NT 10.0; Win64; x64; rv:87.0) Gecko/20100101 Firefox/87.0"
91.166.71.69 - - [29/Mar/2021:19:59:38 +0200] "GET /secureX/gethint.php?q=who%20are HTTP/1.1" 200 206 "http://82.121.247.198/secureX/index.html" "Mozilla/5.0 (Windows NT 10.0; Win64; x64; rv:87.0) Gecko/20100101 Firefox/87.0"
91.166.71.69 - - [29/Mar/2021:19:59:38 +0200] "GET /secureX/gethint.php?q=who%20are HTTP/1.1" 200 206 "http://82.121.247.198/secureX/index.html" "Mozilla/5.0 (Windows NT 10.0; Win64; x64; rv:87.0) Gecko/20100101 Firefox/87.0"
91.166.71.69 - - [29/Mar/2021:19:59:39 +0200] "GET /secureX/gethint.php?q=who%20are%20y HTTP/1.1" 200 206 "http://82.121.247.198/secureX/index.html" "Mozilla/5.0 (Windows NT 10.0; Win64; x64; rv:87.0) Gecko/20100101 Firefox/87.0"
34.201.1.41 - - [29/Mar/2021:19:59:36 +0200] "GET /secureX/set_secureX_action.php?value=1 HTTP/1.1" 200 149 "-" "Go-http-client/1.1"
91.166.71.69 - - [29/Mar/2021:19:59:39 +0200] "GET /secureX/gethint.php?q=who%20are%20you HTTP/1.1" 200 206 "http://82.121.247.198/secureX/index.html" "Mozilla/5.0 (Windows NT 10.0; Win64; x64; rv:87.0) Gecko/20100101 Firefox/87.0"
91.166.71.69 - - [29/Mar/2021:19:59:39 +0200] "GET /secureX/gethint.php?q=who%20are%20you HTTP/1.1" 200 206 "http://82.121.247.198/secureX/index.html" "Mozilla/5.0 (Windows NT 10.0; Win64; x64; rv:87.0) Gecko/20100101 Firefox/87.0"
91.166.71.69 - - [29/Mar/2021:19:59:40 +0200] "GET /secureX/gethint.php?q=who%20are%20you HTTP/1.1" 200 206 "http://82.121.247.198/secureX/index.html" "Mozilla/5.0 (Windows NT 10.0; Win64; x64; rv:87.0) Gecko/20100101 Firefox/87.0"
91.166.71.69 - - [29/Mar/2021:19:59:40 +0200] "GET /secureX/gethint.php?q=who%20are%20you%20s HTTP/1.1" 200 206 "http://82.121.247.198/secureX/index.html" "Mozilla/5.0 (Windows NT 10.0; Win64; x64; rv:87.0) Gecko/20100101 Firefox/87.0"
35.173.236.211 - - [29/Mar/2021:19:59:37 +0200] "GET /secureX/set_secureX_action.php?value=1 HTTP/1.1" 200 149 "-" "Go-http-client/1.1"
91.166.71.69 - - [29/Mar/2021:19:59:40 +0200] "GET /secureX/gethint.php?q=who%20are%20you%20se HTTP/1.1" 200 206 "http://82.121.247.198/secureX/index.html" "Mozilla/5.0 (Windows NT 10.0; Win64; x64; rv:87.0) Gecko/20100101 Firefox/87.0"
91.166.71.69 - - [29/Mar/2021:19:59:40 +0200] "GET /secureX/gethint.php?q=who%20are%20you%20sec HTTP/1.1" 200 206 "http://82.121.247.198/secureX/index.html" "Mozilla/5.0 (Windows NT 10.0; Win64; x64; rv:87.0) Gecko/20100101 Firefox/87.0"
91.166.71.69 - - [29/Mar/2021:19:59:40 +0200] "GET /secureX/gethint.php?q=who%20are%20you%20secu HTTP/1.1" 200 206 "http://82.121.247.198/secureX/index.html" "Mozilla/5.0 (Windows NT 10.0; Win64; x64; rv:87.0) Gecko/20100101 Firefox/87.0"
91.166.71.69 - - [29/Mar/2021:19:59:40 +0200] "GET /secureX/gethint.php?q=who%20are%20you%20secure HTTP/1.1" 200 206 "http://82.121.247.198/secureX/index.html" "Mozilla/5.0 (Windows NT 10.0; Win64; x64; rv:87.0) Gecko/20100101 Firefox/87.0"
34.201.1.41 - - [29/Mar/2021:19:59:41 +0200] "GET /secureX/fichier.txt HTTP/1.1" 200 231 "-" "Go-http-client/1.1"
91.166.71.69 - - [29/Mar/2021:19:59:41 +0200] "GET /secureX/gethint.php?q=who%20are%20you%20secure HTTP/1.1" 200 206 "http://82.121.247.198/secureX/index.html" "Mozilla/5.0 (Windows NT 10.0; Win64; x64; rv:87.0) Gecko/20100101 Firefox/87.0"
91.166.71.69 - - [29/Mar/2021:19:59:41 +0200] "GET /secureX/gethint.php?q=who%20are%20you%20secureX HTTP/1.1" 200 206 "http://82.121.247.198/secureX/index.html" "Mozilla/5.0 (Windows NT 10.0; Win64; x64; rv:87.0) Gecko/20100101 Firefox/87.0"
91.166.71.69 - - [29/Mar/2021:19:59:41 +0200] "GET /secureX/gethint.php?q=who%20are%20you%20secureX HTTP/1.1" 200 207 "http://82.121.247.198/secureX/index.html" "Mozilla/5.0 (Windows NT 10.0; Win64; x64; rv:87.0) Gecko/20100101 Firefox/87.0"
35.173.236.211 - - [29/Mar/2021:19:59:41 +0200] "GET /secureX/fichier.txt HTTP/1.1" 200 231 "-" "Go-http-client/1.1"
91.166.71.69 - - [29/Mar/2021:19:59:42 +0200] "GET /secureX/gethint.php?q=who%20are%20you%20secureX HTTP/1.1" 200 206 "http://82.121.247.198/secureX/index.html" "Mozilla/5.0 (Windows NT 10.0; Win64; x64; rv:87.0) Gecko/20100101 Firefox/87.0"
91.166.71.69 - - [29/Mar/2021:19:59:42 +0200] "GET /secureX/gethint.php?q=who%20are%20you%20secureX%20? HTTP/1.1" 200 206 "http://82.121.247.198/secureX/index.html" "Mozilla/5.0 (Windows NT 10.0; Win64; x64; rv:87.0) Gecko/20100101 Firefox/87.0"
91.166.71.69 - - [29/Mar/2021:19:59:42 +0200] "GET /secureX/gethint.php?q=who%20are%20you%20secureX%20? HTTP/1.1" 200 206 "http://82.121.247.198/secureX/index.html" "Mozilla/5.0 (Windows NT 10.0; Win64; x64; rv:87.0) Gecko/20100101 Firefox/87.0"
34.201.1.41 - - [29/Mar/2021:19:59:42 +0200] "GET /secureX/fichier.txt HTTP/1.1" 200 231 "-" "Go-http-client/1.1"
34.201.1.41 - - [29/Mar/2021:19:59:41 +0200] "GET /secureX/set_secureX_action.php?value=2 HTTP/1.1" 200 149 "-" "Go-http-client/1.1"
34.201.1.41 - - [29/Mar/2021:19:59:42 +0200] "GET /secureX/set_secureX_action.php?value=2 HTTP/1.1" 200 149 "-" "Go-http-client/1.1"
34.201.1.41 - - [29/Mar/2021:19:59:43 +0200] "GET /secureX/set_secureX_action.php?value=2 HTTP/1.1" 200 149 "-" "Go-http-client/1.1"
::1 - - [29/Mar/2021:19:59:47 +0200] "OPTIONS * HTTP/1.0" 200 128 "-" "Apache/2.4.38 (Raspbian) (internal dummy connection)"
34.201.1.41 - - [29/Mar/2021:19:59:47 +0200] "GET /secureX/fichier.txt HTTP/1.1" 200 229 "-" "Go-http-client/1.1"
34.201.1.41 - - [29/Mar/2021:19:59:48 +0200] "GET /secureX/fichier.txt HTTP/1.1" 200 229 "-" "Go-http-client/1.1"
34.201.1.41 - - [29/Mar/2021:19:59:49 +0200] "GET /secureX/fichier.txt HTTP/1.1" 200 229 "-" "Go-http-client/1.1"
34.201.1.41 - - [29/Mar/2021:19:59:48 +0200] "GET /secureX/set_secureX_action.php?value=2 HTTP/1.1" 200 149 "-" "Go-http-client/1.1"
35.173.236.211 - - [29/Mar/2021:19:59:48 +0200] "GET /secureX/set_secureX_action.php?value=2 HTTP/1.1" 200 149 "-" "Go-http-client/1.1"
34.201.1.41 - - [29/Mar/2021:19:59:49 +0200] "GET /secureX/set_secureX_action.php?value=2 HTTP/1.1" 200 149 "-" "Go-http-client/1.1"
91.166.71.69 - - [29/Mar/2021:19:59:50 +0200] "GET /secureX/Ajax_SomePage.php?value=1&_=1617040748770 HTTP/1.1" 200 374 "http://82.121.247.198/secureX/index.html" "Mozilla/5.0 (Windows NT 10.0; Win64; x64; rv:87.0) Gecko/20100101 Firefox/87.0"
91.166.71.69 - - [29/Mar/2021:19:59:53 +0200] "GET /secureX/display_what_i_am.php HTTP/1.1" 200 403 "http://82.121.247.198/secureX/index.html" "Mozilla/5.0 (Windows NT 10.0; Win64; x64; rv:87.0) Gecko/20100101 Firefox/87.0"
91.166.71.69 - - [29/Mar/2021:19:59:53 +0200] "GET /secureX/sons/what_i_am.mp3 HTTP/1.1" 206 199964 "http://82.121.247.198/secureX/display_what_i_am.php" "Mozilla/5.0 (Windows NT 10.0; Win64; x64; rv:87.0) Gecko/20100101 Firefox/87.0"
35.173.236.211 - - [29/Mar/2021:19:59:53 +0200] "GET /secureX/fichier.txt HTTP/1.1" 200 229 "-" "Go-http-client/1.1"
35.173.236.211 - - [29/Mar/2021:19:59:54 +0200] "GET /secureX/fichier.txt HTTP/1.1" 200 229 "-" "Go-http-client/1.1"
35.173.236.211 - - [29/Mar/2021:19:59:55 +0200] "GET /secureX/fichier.txt HTTP/1.1" 200 229 "-" "Go-http-client/1.1"
34.201.1.41 - - [29/Mar/2021:19:59:54 +0200] "GET /secureX/set_secureX_action.php?value=2 HTTP/1.1" 200 149 "-" "Go-http-client/1.1"
35.173.236.211 - - [29/Mar/2021:19:59:54 +0200] "GET /secureX/set_secureX_action.php?value=2 HTTP/1.1" 200 149 "-" "Go-http-client/1.1"
91.166.71.69 - - [29/Mar/2021:19:59:53 +0200] "GET /secureX/images/what_i_am.gif HTTP/1.1" 200 19646725 "http://82.121.247.198/secureX/display_what_i_am.php" "Mozilla/5.0 (Windows NT 10.0; Win64; x64; rv:87.0) Gecko/20100101 Firefox/87.0"
35.173.236.211 - - [29/Mar/2021:19:59:55 +0200] "GET /secureX/set_secureX_action.php?value=2 HTTP/1.1" 200 149 "-" "Go-http-client/1.1"
35.173.236.211 - - [29/Mar/2021:20:00:00 +0200] "GET /secureX/fichier.txt HTTP/1.1" 200 229 "-" "Go-http-client/1.1"
34.201.1.41 - - [29/Mar/2021:20:00:00 +0200] "GET /secureX/fichier.txt HTTP/1.1" 200 229 "-" "Go-http-client/1.1"
34.201.1.41 - - [29/Mar/2021:20:00:01 +0200] "GET /secureX/fichier.txt HTTP/1.1" 200 229 "-" "Go-http-client/1.1"
34.201.1.41 - - [29/Mar/2021:20:00:00 +0200] "GET /secureX/set_secureX_action.php?value=2 HTTP/1.1" 200 149 "-" "Go-http-client/1.1"
35.173.236.211 - - [29/Mar/2021:20:00:00 +0200] "GET /secureX/set_secureX_action.php?value=2 HTTP/1.1" 200 149 "-" "Go-http-client/1.1"
34.201.1.41 - - [29/Mar/2021:20:00:01 +0200] "GET /secureX/set_secureX_action.php?value=2 HTTP/1.1" 200 149 "-" "Go-http-client/1.1"
::1 - - [29/Mar/2021:20:00:05 +0200] "OPTIONS * HTTP/1.0" 200 128 "-" "Apache/2.4.38 (Raspbian) (internal dummy connection)"
35.173.236.211 - - [29/Mar/2021:20:00:06 +0200] "GET /secureX/fichier.txt HTTP/1.1" 200 229 "-" "Go-http-client/1.1"
34.201.1.41 - - [29/Mar/2021:20:00:06 +0200] "GET /secureX/fichier.txt HTTP/1.1" 200 229 "-" "Go-http-client/1.1"
35.173.236.211 - - [29/Mar/2021:20:00:07 +0200] "GET /secureX/fichier.txt HTTP/1.1" 200 229 "-" "Go-http-client/1.1"
34.201.1.41 - - [29/Mar/2021:20:00:06 +0200] "GET /secureX/set_secureX_action.php?value=2 HTTP/1.1" 200 149 "-" "Go-http-client/1.1"
91.166.71.69 - - [29/Mar/2021:20:00:09 +0200] "GET /secureX/gethint.php?q=an HTTP/1.1" 200 207 "http://82.121.247.198/secureX/index.html" "Mozilla/5.0 (Windows NT 10.0; Win64; x64; rv:87.0) Gecko/20100101 Firefox/87.0"
35.173.236.211 - - [29/Mar/2021:20:00:06 +0200] "GET /secureX/set_secureX_action.php?value=2 HTTP/1.1" 200 149 "-" "Go-http-client/1.1"
91.166.71.69 - - [29/Mar/2021:20:00:09 +0200] "GET /secureX/gethint.php?q=an HTTP/1.1" 200 206 "http://82.121.247.198/secureX/index.html" "Mozilla/5.0 (Windows NT 10.0; Win64; x64; rv:87.0) Gecko/20100101 Firefox/87.0"
91.166.71.69 - - [29/Mar/2021:20:00:10 +0200] "GET /secureX/gethint.php?q=and HTTP/1.1" 200 206 "http://82.121.247.198/secureX/index.html" "Mozilla/5.0 (Windows NT 10.0; Win64; x64; rv:87.0) Gecko/20100101 Firefox/87.0"
91.166.71.69 - - [29/Mar/2021:20:00:10 +0200] "GET /secureX/gethint.php?q=and HTTP/1.1" 200 206 "http://82.121.247.198/secureX/index.html" "Mozilla/5.0 (Windows NT 10.0; Win64; x64; rv:87.0) Gecko/20100101 Firefox/87.0"
34.201.1.41 - - [29/Mar/2021:20:00:07 +0200] "GET /secureX/set_secureX_action.php?value=2 HTTP/1.1" 200 149 "-" "Go-http-client/1.1"
91.166.71.69 - - [29/Mar/2021:20:00:11 +0200] "GET /secureX/gethint.php?q=and%20wh HTTP/1.1" 200 206 "http://82.121.247.198/secureX/index.html" "Mozilla/5.0 (Windows NT 10.0; Win64; x64; rv:87.0) Gecko/20100101 Firefox/87.0"
91.166.71.69 - - [29/Mar/2021:20:00:11 +0200] "GET /secureX/gethint.php?q=and%20wh HTTP/1.1" 200 206 "http://82.121.247.198/secureX/index.html" "Mozilla/5.0 (Windows NT 10.0; Win64; x64; rv:87.0) Gecko/20100101 Firefox/87.0"
91.166.71.69 - - [29/Mar/2021:20:00:11 +0200] "GET /secureX/gethint.php?q=and%20wha HTTP/1.1" 200 206 "http://82.121.247.198/secureX/index.html" "Mozilla/5.0 (Windows NT 10.0; Win64; x64; rv:87.0) Gecko/20100101 Firefox/87.0"
91.166.71.69 - - [29/Mar/2021:20:00:11 +0200] "GET /secureX/gethint.php?q=and%20what HTTP/1.1" 200 206 "http://82.121.247.198/secureX/index.html" "Mozilla/5.0 (Windows NT 10.0; Win64; x64; rv:87.0) Gecko/20100101 Firefox/87.0"
91.166.71.69 - - [29/Mar/2021:20:00:12 +0200] "GET /secureX/gethint.php?q=and%20what HTTP/1.1" 200 206 "http://82.121.247.198/secureX/index.html" "Mozilla/5.0 (Windows NT 10.0; Win64; x64; rv:87.0) Gecko/20100101 Firefox/87.0"
35.173.236.211 - - [29/Mar/2021:20:00:12 +0200] "GET /secureX/fichier.txt HTTP/1.1" 200 229 "-" "Go-http-client/1.1"
91.166.71.69 - - [29/Mar/2021:20:00:12 +0200] "GET /secureX/gethint.php?q=and%20what%20a HTTP/1.1" 200 206 "http://82.121.247.198/secureX/index.html" "Mozilla/5.0 (Windows NT 10.0; Win64; x64; rv:87.0) Gecko/20100101 Firefox/87.0"
34.201.1.41 - - [29/Mar/2021:20:00:12 +0200] "GET /secureX/fichier.txt HTTP/1.1" 200 229 "-" "Go-http-client/1.1"
91.166.71.69 - - [29/Mar/2021:20:00:12 +0200] "GET /secureX/gethint.php?q=and%20what%20abo HTTP/1.1" 200 206 "http://82.121.247.198/secureX/index.html" "Mozilla/5.0 (Windows NT 10.0; Win64; x64; rv:87.0) Gecko/20100101 Firefox/87.0"
91.166.71.69 - - [29/Mar/2021:20:00:12 +0200] "GET /secureX/gethint.php?q=and%20what%20abou HTTP/1.1" 200 206 "http://82.121.247.198/secureX/index.html" "Mozilla/5.0 (Windows NT 10.0; Win64; x64; rv:87.0) Gecko/20100101 Firefox/87.0"
91.166.71.69 - - [29/Mar/2021:20:00:12 +0200] "GET /secureX/gethint.php?q=and%20what%20abou HTTP/1.1" 200 206 "http://82.121.247.198/secureX/index.html" "Mozilla/5.0 (Windows NT 10.0; Win64; x64; rv:87.0) Gecko/20100101 Firefox/87.0"
91.166.71.69 - - [29/Mar/2021:20:00:13 +0200] "GET /secureX/gethint.php?q=and%20what%20about HTTP/1.1" 200 206 "http://82.121.247.198/secureX/index.html" "Mozilla/5.0 (Windows NT 10.0; Win64; x64; rv:87.0) Gecko/20100101 Firefox/87.0"
35.173.236.211 - - [29/Mar/2021:20:00:13 +0200] "GET /secureX/fichier.txt HTTP/1.1" 200 229 "-" "Go-http-client/1.1"
91.166.71.69 - - [29/Mar/2021:20:00:13 +0200] "GET /secureX/gethint.php?q=and%20what%20about HTTP/1.1" 200 206 "http://82.121.247.198/secureX/index.html" "Mozilla/5.0 (Windows NT 10.0; Win64; x64; rv:87.0) Gecko/20100101 Firefox/87.0"
35.173.236.211 - - [29/Mar/2021:20:00:12 +0200] "GET /secureX/set_secureX_action.php?value=2 HTTP/1.1" 200 149 "-" "Go-http-client/1.1"
34.201.1.41 - - [29/Mar/2021:20:00:12 +0200] "GET /secureX/set_secureX_action.php?value=2 HTTP/1.1" 200 149 "-" "Go-http-client/1.1"
34.201.1.41 - - [29/Mar/2021:20:00:13 +0200] "GET /secureX/set_secureX_action.php?value=2 HTTP/1.1" 200 149 "-" "Go-http-client/1.1"
91.166.71.69 - - [29/Mar/2021:20:00:17 +0200] "GET /secureX/gethint.php?q=and%20what%20about%20tr HTTP/1.1" 200 206 "http://82.121.247.198/secureX/index.html" "Mozilla/5.0 (Windows NT 10.0; Win64; x64; rv:87.0) Gecko/20100101 Firefox/87.0"
91.166.71.69 - - [29/Mar/2021:20:00:17 +0200] "GET /secureX/gethint.php?q=and%20what%20about%20tr HTTP/1.1" 200 206 "http://82.121.247.198/secureX/index.html" "Mozilla/5.0 (Windows NT 10.0; Win64; x64; rv:87.0) Gecko/20100101 Firefox/87.0"
34.201.1.41 - - [29/Mar/2021:20:00:18 +0200] "GET /secureX/fichier.txt HTTP/1.1" 200 229 "-" "Go-http-client/1.1"
34.201.1.41 - - [29/Mar/2021:20:00:18 +0200] "GET /secureX/fichier.txt HTTP/1.1" 200 229 "-" "Go-http-client/1.1"
34.201.1.41 - - [29/Mar/2021:20:00:19 +0200] "GET /secureX/fichier.txt HTTP/1.1" 200 229 "-" "Go-http-client/1.1"
91.166.71.69 - - [29/Mar/2021:20:00:19 +0200] "GET /secureX/gethint.php?q=and%20what%20about%20t HTTP/1.1" 200 206 "http://82.121.247.198/secureX/index.html" "Mozilla/5.0 (Windows NT 10.0; Win64; x64; rv:87.0) Gecko/20100101 Firefox/87.0"
91.166.71.69 - - [29/Mar/2021:20:00:20 +0200] "GET /secureX/gethint.php?q=and%20what%20about HTTP/1.1" 200 206 "http://82.121.247.198/secureX/index.html" "Mozilla/5.0 (Windows NT 10.0; Win64; x64; rv:87.0) Gecko/20100101 Firefox/87.0"
91.166.71.69 - - [29/Mar/2021:20:00:20 +0200] "GET /secureX/gethint.php?q=and%20what%20about%20h HTTP/1.1" 200 206 "http://82.121.247.198/secureX/index.html" "Mozilla/5.0 (Windows NT 10.0; Win64; x64; rv:87.0) Gecko/20100101 Firefox/87.0"
91.166.71.69 - - [29/Mar/2021:20:00:21 +0200] "GET /secureX/gethint.php?q=and%20what%20about HTTP/1.1" 200 206 "http://82.121.247.198/secureX/index.html" "Mozilla/5.0 (Windows NT 10.0; Win64; x64; rv:87.0) Gecko/20100101 Firefox/87.0"
91.166.71.69 - - [29/Mar/2021:20:00:21 +0200] "GET /secureX/gethint.php?q=and%20what%20about%20t HTTP/1.1" 200 206 "http://82.121.247.198/secureX/index.html" "Mozilla/5.0 (Windows NT 10.0; Win64; x64; rv:87.0) Gecko/20100101 Firefox/87.0"
35.173.236.211 - - [29/Mar/2021:20:00:18 +0200] "GET /secureX/set_secureX_action.php?value=2 HTTP/1.1" 200 149 "-" "Go-http-client/1.1"
91.166.71.69 - - [29/Mar/2021:20:00:21 +0200] "GET /secureX/gethint.php?q=and%20what%20about%20th HTTP/1.1" 200 206 "http://82.121.247.198/secureX/index.html" "Mozilla/5.0 (Windows NT 10.0; Win64; x64; rv:87.0) Gecko/20100101 Firefox/87.0"
91.166.71.69 - - [29/Mar/2021:20:00:21 +0200] "GET /secureX/gethint.php?q=and%20what%20about%20thre HTTP/1.1" 200 206 "http://82.121.247.198/secureX/index.html" "Mozilla/5.0 (Windows NT 10.0; Win64; x64; rv:87.0) Gecko/20100101 Firefox/87.0"
91.166.71.69 - - [29/Mar/2021:20:00:21 +0200] "GET /secureX/gethint.php?q=and%20what%20about%20thre HTTP/1.1" 200 206 "http://82.121.247.198/secureX/index.html" "Mozilla/5.0 (Windows NT 10.0; Win64; x64; rv:87.0) Gecko/20100101 Firefox/87.0"
35.173.236.211 - - [29/Mar/2021:20:00:18 +0200] "GET /secureX/set_secureX_action.php?value=2 HTTP/1.1" 200 149 "-" "Go-http-client/1.1"
91.166.71.69 - - [29/Mar/2021:20:00:22 +0200] "GET /secureX/gethint.php?q=and%20what%20about%20threa HTTP/1.1" 200 206 "http://82.121.247.198/secureX/index.html" "Mozilla/5.0 (Windows NT 10.0; Win64; x64; rv:87.0) Gecko/20100101 Firefox/87.0"
91.166.71.69 - - [29/Mar/2021:20:00:22 +0200] "GET /secureX/gethint.php?q=and%20what%20about%20threat HTTP/1.1" 200 206 "http://82.121.247.198/secureX/index.html" "Mozilla/5.0 (Windows NT 10.0; Win64; x64; rv:87.0) Gecko/20100101 Firefox/87.0"
91.166.71.69 - - [29/Mar/2021:20:00:22 +0200] "GET /secureX/gethint.php?q=and%20what%20about%20threat HTTP/1.1" 200 206 "http://82.121.247.198/secureX/index.html" "Mozilla/5.0 (Windows NT 10.0; Win64; x64; rv:87.0) Gecko/20100101 Firefox/87.0"
91.166.71.69 - - [29/Mar/2021:20:00:22 +0200] "GET /secureX/gethint.php?q=and%20what%20about%20threat%20re HTTP/1.1" 200 206 "http://82.121.247.198/secureX/index.html" "Mozilla/5.0 (Windows NT 10.0; Win64; x64; rv:87.0) Gecko/20100101 Firefox/87.0"
91.166.71.69 - - [29/Mar/2021:20:00:22 +0200] "GET /secureX/gethint.php?q=and%20what%20about%20threat%20re HTTP/1.1" 200 206 "http://82.121.247.198/secureX/index.html" "Mozilla/5.0 (Windows NT 10.0; Win64; x64; rv:87.0) Gecko/20100101 Firefox/87.0"
34.201.1.41 - - [29/Mar/2021:20:00:19 +0200] "GET /secureX/set_secureX_action.php?value=2 HTTP/1.1" 200 149 "-" "Go-http-client/1.1"
91.166.71.69 - - [29/Mar/2021:20:00:23 +0200] "GET /secureX/gethint.php?q=and%20what%20about%20threat%20rea HTTP/1.1" 200 206 "http://82.121.247.198/secureX/index.html" "Mozilla/5.0 (Windows NT 10.0; Win64; x64; rv:87.0) Gecko/20100101 Firefox/87.0"
91.166.71.69 - - [29/Mar/2021:20:00:23 +0200] "GET /secureX/gethint.php?q=and%20what%20about%20threat%20reas HTTP/1.1" 200 206 "http://82.121.247.198/secureX/index.html" "Mozilla/5.0 (Windows NT 10.0; Win64; x64; rv:87.0) Gecko/20100101 Firefox/87.0"
35.173.236.211 - - [29/Mar/2021:20:00:24 +0200] "GET /secureX/fichier.txt HTTP/1.1" 200 229 "-" "Go-http-client/1.1"
91.166.71.69 - - [29/Mar/2021:20:00:24 +0200] "GET /secureX/gethint.php?q=and%20what%20about%20threat%20rea HTTP/1.1" 200 206 "http://82.121.247.198/secureX/index.html" "Mozilla/5.0 (Windows NT 10.0; Win64; x64; rv:87.0) Gecko/20100101 Firefox/87.0"
91.166.71.69 - - [29/Mar/2021:20:00:24 +0200] "GET /secureX/gethint.php?q=and%20what%20about%20threat%20re HTTP/1.1" 200 206 "http://82.121.247.198/secureX/index.html" "Mozilla/5.0 (Windows NT 10.0; Win64; x64; rv:87.0) Gecko/20100101 Firefox/87.0"
35.173.236.211 - - [29/Mar/2021:20:00:24 +0200] "GET /secureX/fichier.txt HTTP/1.1" 200 229 "-" "Go-http-client/1.1"
91.166.71.69 - - [29/Mar/2021:20:00:24 +0200] "GET /secureX/gethint.php?q=and%20what%20about%20threat%20res HTTP/1.1" 200 206 "http://82.121.247.198/secureX/index.html" "Mozilla/5.0 (Windows NT 10.0; Win64; x64; rv:87.0) Gecko/20100101 Firefox/87.0"
91.166.71.69 - - [29/Mar/2021:20:00:24 +0200] "GET /secureX/gethint.php?q=and%20what%20about%20threat%20resp HTTP/1.1" 200 206 "http://82.121.247.198/secureX/index.html" "Mozilla/5.0 (Windows NT 10.0; Win64; x64; rv:87.0) Gecko/20100101 Firefox/87.0"
91.166.71.69 - - [29/Mar/2021:20:00:25 +0200] "GET /secureX/gethint.php?q=and%20what%20about%20threat%20respon HTTP/1.1" 200 206 "http://82.121.247.198/secureX/index.html" "Mozilla/5.0 (Windows NT 10.0; Win64; x64; rv:87.0) Gecko/20100101 Firefox/87.0"
91.166.71.69 - - [29/Mar/2021:20:00:25 +0200] "GET /secureX/gethint.php?q=and%20what%20about%20threat%20respon HTTP/1.1" 200 206 "http://82.121.247.198/secureX/index.html" "Mozilla/5.0 (Windows NT 10.0; Win64; x64; rv:87.0) Gecko/20100101 Firefox/87.0"
91.166.71.69 - - [29/Mar/2021:20:00:25 +0200] "GET /secureX/gethint.php?q=and%20what%20about%20threat%20respons HTTP/1.1" 200 206 "http://82.121.247.198/secureX/index.html" "Mozilla/5.0 (Windows NT 10.0; Win64; x64; rv:87.0) Gecko/20100101 Firefox/87.0"
91.166.71.69 - - [29/Mar/2021:20:00:25 +0200] "GET /secureX/gethint.php?q=and%20what%20about%20threat%20response HTTP/1.1" 200 206 "http://82.121.247.198/secureX/index.html" "Mozilla/5.0 (Windows NT 10.0; Win64; x64; rv:87.0) Gecko/20100101 Firefox/87.0"
34.201.1.41 - - [29/Mar/2021:20:00:25 +0200] "GET /secureX/fichier.txt HTTP/1.1" 200 231 "-" "Go-http-client/1.1"
91.166.71.69 - - [29/Mar/2021:20:00:25 +0200] "GET /secureX/gethint.php?q=and%20what%20about%20threat%20response HTTP/1.1" 200 206 "http://82.121.247.198/secureX/index.html" "Mozilla/5.0 (Windows NT 10.0; Win64; x64; rv:87.0) Gecko/20100101 Firefox/87.0"
91.166.71.69 - - [29/Mar/2021:20:00:26 +0200] "GET /secureX/gethint.php?q=and%20what%20about%20threat%20response%20? HTTP/1.1" 200 206 "http://82.121.247.198/secureX/index.html" "Mozilla/5.0 (Windows NT 10.0; Win64; x64; rv:87.0) Gecko/20100101 Firefox/87.0"
91.166.71.69 - - [29/Mar/2021:20:00:26 +0200] "GET /secureX/gethint.php?q=and%20what%20about%20threat%20response%20? HTTP/1.1" 200 207 "http://82.121.247.198/secureX/index.html" "Mozilla/5.0 (Windows NT 10.0; Win64; x64; rv:87.0) Gecko/20100101 Firefox/87.0"
35.173.236.211 - - [29/Mar/2021:20:00:24 +0200] "GET /secureX/set_secureX_action.php?value=2 HTTP/1.1" 200 149 "-" "Go-http-client/1.1"
34.201.1.41 - - [29/Mar/2021:20:00:25 +0200] "GET /secureX/set_secureX_action.php?value=2 HTTP/1.1" 200 149 "-" "Go-http-client/1.1"
35.173.236.211 - - [29/Mar/2021:20:00:25 +0200] "GET /secureX/set_secureX_action.php?value=5 HTTP/1.1" 200 149 "-" "Go-http-client/1.1"
34.201.1.41 - - [29/Mar/2021:20:00:30 +0200] "GET /secureX/fichier.txt HTTP/1.1" 200 229 "-" "Go-http-client/1.1"
34.201.1.41 - - [29/Mar/2021:20:00:30 +0200] "GET /secureX/fichier.txt HTTP/1.1" 200 229 "-" "Go-http-client/1.1"
35.173.236.211 - - [29/Mar/2021:20:00:31 +0200] "GET /secureX/fichier.txt HTTP/1.1" 200 229 "-" "Go-http-client/1.1"
35.173.236.211 - - [29/Mar/2021:20:00:30 +0200] "GET /secureX/set_secureX_action.php?value=5 HTTP/1.1" 200 149 "-" "Go-http-client/1.1"
34.201.1.41 - - [29/Mar/2021:20:00:31 +0200] "GET /secureX/set_secureX_action.php?value=5 HTTP/1.1" 200 149 "-" "Go-http-client/1.1"
91.166.71.69 - - [29/Mar/2021:20:00:32 +0200] "GET /secureX/Ajax_SomePage.php?value=1&_=1617040748771 HTTP/1.1" 200 377 "http://82.121.247.198/secureX/index.html" "Mozilla/5.0 (Windows NT 10.0; Win64; x64; rv:87.0) Gecko/20100101 Firefox/87.0"
91.166.71.69 - - [29/Mar/2021:20:00:35 +0200] "GET /secureX/display_threat_response.php HTTP/1.1" 200 408 "http://82.121.247.198/secureX/index.html" "Mozilla/5.0 (Windows NT 10.0; Win64; x64; rv:87.0) Gecko/20100101 Firefox/87.0"
34.201.1.41 - - [29/Mar/2021:20:00:32 +0200] "GET /secureX/set_secureX_action.php?value=5 HTTP/1.1" 200 149 "-" "Go-http-client/1.1"
91.166.71.69 - - [29/Mar/2021:20:00:35 +0200] "GET /secureX/sons/threat_response-3.mp3 HTTP/1.1" 206 195523 "http://82.121.247.198/secureX/display_threat_response.php" "Mozilla/5.0 (Windows NT 10.0; Win64; x64; rv:87.0) Gecko/20100101 Firefox/87.0"
34.201.1.41 - - [29/Mar/2021:20:00:37 +0200] "GET /secureX/fichier.txt HTTP/1.1" 200 229 "-" "Go-http-client/1.1"
34.201.1.41 - - [29/Mar/2021:20:00:37 +0200] "GET /secureX/fichier.txt HTTP/1.1" 200 229 "-" "Go-http-client/1.1"
34.201.1.41 - - [29/Mar/2021:20:00:37 +0200] "GET /secureX/fichier.txt HTTP/1.1" 200 229 "-" "Go-http-client/1.1"
91.166.71.69 - - [29/Mar/2021:20:00:35 +0200] "GET /secureX/images/threat_response.gif HTTP/1.1" 200 12487184 "http://82.121.247.198/secureX/display_threat_response.php" "Mozilla/5.0 (Windows NT 10.0; Win64; x64; rv:87.0) Gecko/20100101 Firefox/87.0"
35.173.236.211 - - [29/Mar/2021:20:00:37 +0200] "GET /secureX/set_secureX_action.php?value=5 HTTP/1.1" 200 149 "-" "Go-http-client/1.1"
35.173.236.211 - - [29/Mar/2021:20:00:37 +0200] "GET /secureX/set_secureX_action.php?value=5 HTTP/1.1" 200 149 "-" "Go-http-client/1.1"
35.173.236.211 - - [29/Mar/2021:20:00:38 +0200] "GET /secureX/set_secureX_action.php?value=5 HTTP/1.1" 200 149 "-" "Go-http-client/1.1"
35.173.236.211 - - [29/Mar/2021:20:00:43 +0200] "GET /secureX/fichier.txt HTTP/1.1" 200 229 "-" "Go-http-client/1.1"
35.173.236.211 - - [29/Mar/2021:20:00:43 +0200] "GET /secureX/fichier.txt HTTP/1.1" 200 229 "-" "Go-http-client/1.1"
35.173.236.211 - - [29/Mar/2021:20:00:43 +0200] "GET /secureX/fichier.txt HTTP/1.1" 200 229 "-" "Go-http-client/1.1"
35.173.236.211 - - [29/Mar/2021:20:00:43 +0200] "GET /secureX/set_secureX_action.php?value=5 HTTP/1.1" 200 149 "-" "Go-http-client/1.1"
34.201.1.41 - - [29/Mar/2021:20:00:43 +0200] "GET /secureX/set_secureX_action.php?value=5 HTTP/1.1" 200 149 "-" "Go-http-client/1.1"
34.201.1.41 - - [29/Mar/2021:20:00:44 +0200] "GET /secureX/set_secureX_action.php?value=5 HTTP/1.1" 200 149 "-" "Go-http-client/1.1"
::1 - - [29/Mar/2021:20:00:48 +0200] "OPTIONS * HTTP/1.0" 200 128 "-" "Apache/2.4.38 (Raspbian) (internal dummy connection)"
35.173.236.211 - - [29/Mar/2021:20:00:49 +0200] "GET /secureX/fichier.txt HTTP/1.1" 200 229 "-" "Go-http-client/1.1"
34.201.1.41 - - [29/Mar/2021:20:00:49 +0200] "GET /secureX/fichier.txt HTTP/1.1" 200 229 "-" "Go-http-client/1.1"
35.173.236.211 - - [29/Mar/2021:20:00:49 +0200] "GET /secureX/fichier.txt HTTP/1.1" 200 229 "-" "Go-http-client/1.1"
35.173.236.211 - - [29/Mar/2021:20:00:49 +0200] "GET /secureX/set_secureX_action.php?value=5 HTTP/1.1" 200 149 "-" "Go-http-client/1.1"
35.173.236.211 - - [29/Mar/2021:20:00:49 +0200] "GET /secureX/set_secureX_action.php?value=5 HTTP/1.1" 200 149 "-" "Go-http-client/1.1"
35.173.236.211 - - [29/Mar/2021:20:00:50 +0200] "GET /secureX/set_secureX_action.php?value=5 HTTP/1.1" 200 149 "-" "Go-http-client/1.1"
35.173.236.211 - - [29/Mar/2021:20:00:55 +0200] "GET /secureX/fichier.txt HTTP/1.1" 200 229 "-" "Go-http-client/1.1"
35.173.236.211 - - [29/Mar/2021:20:00:55 +0200] "GET /secureX/fichier.txt HTTP/1.1" 200 229 "-" "Go-http-client/1.1"
35.173.236.211 - - [29/Mar/2021:20:00:55 +0200] "GET /secureX/fichier.txt HTTP/1.1" 200 229 "-" "Go-http-client/1.1"
34.201.1.41 - - [29/Mar/2021:20:00:55 +0200] "GET /secureX/set_secureX_action.php?value=5 HTTP/1.1" 200 149 "-" "Go-http-client/1.1"
35.173.236.211 - - [29/Mar/2021:20:00:55 +0200] "GET /secureX/set_secureX_action.php?value=5 HTTP/1.1" 200 149 "-" "Go-http-client/1.1"
35.173.236.211 - - [29/Mar/2021:20:00:56 +0200] "GET /secureX/set_secureX_action.php?value=5 HTTP/1.1" 200 149 "-" "Go-http-client/1.1"
::1 - - [29/Mar/2021:20:01:01 +0200] "OPTIONS * HTTP/1.0" 200 128 "-" "Apache/2.4.38 (Raspbian) (internal dummy connection)"
34.201.1.41 - - [29/Mar/2021:20:01:02 +0200] "GET /secureX/fichier.txt HTTP/1.1" 200 229 "-" "Go-http-client/1.1"
35.173.236.211 - - [29/Mar/2021:20:01:02 +0200] "GET /secureX/fichier.txt HTTP/1.1" 200 229 "-" "Go-http-client/1.1"
35.173.236.211 - - [29/Mar/2021:20:01:02 +0200] "GET /secureX/fichier.txt HTTP/1.1" 200 229 "-" "Go-http-client/1.1"
35.173.236.211 - - [29/Mar/2021:20:01:02 +0200] "GET /secureX/set_secureX_action.php?value=5 HTTP/1.1" 200 149 "-" "Go-http-client/1.1"
35.173.236.211 - - [29/Mar/2021:20:01:03 +0200] "GET /secureX/set_secureX_action.php?value=5 HTTP/1.1" 200 149 "-" "Go-http-client/1.1"
34.201.1.41 - - [29/Mar/2021:20:01:03 +0200] "GET /secureX/set_secureX_action.php?value=5 HTTP/1.1" 200 149 "-" "Go-http-client/1.1"
::1 - - [29/Mar/2021:20:01:07 +0200] "OPTIONS * HTTP/1.0" 200 128 "-" "Apache/2.4.38 (Raspbian) (internal dummy connection)"
34.201.1.41 - - [29/Mar/2021:20:01:08 +0200] "GET /secureX/fichier.txt HTTP/1.1" 200 229 "-" "Go-http-client/1.1"
35.173.236.211 - - [29/Mar/2021:20:01:08 +0200] "GET /secureX/fichier.txt HTTP/1.1" 200 229 "-" "Go-http-client/1.1"
34.201.1.41 - - [29/Mar/2021:20:01:08 +0200] "GET /secureX/fichier.txt HTTP/1.1" 200 229 "-" "Go-http-client/1.1"
34.201.1.41 - - [29/Mar/2021:20:01:08 +0200] "GET /secureX/set_secureX_action.php?value=5 HTTP/1.1" 200 149 "-" "Go-http-client/1.1"
34.201.1.41 - - [29/Mar/2021:20:01:09 +0200] "GET /secureX/set_secureX_action.php?value=5 HTTP/1.1" 200 149 "-" "Go-http-client/1.1"
34.201.1.41 - - [29/Mar/2021:20:01:09 +0200] "GET /secureX/set_secureX_action.php?value=5 HTTP/1.1" 200 149 "-" "Go-http-client/1.1"
::1 - - [29/Mar/2021:20:01:13 +0200] "OPTIONS * HTTP/1.0" 200 128 "-" "Apache/2.4.38 (Raspbian) (internal dummy connection)"
35.173.236.211 - - [29/Mar/2021:20:01:14 +0200] "GET /secureX/fichier.txt HTTP/1.1" 200 229 "-" "Go-http-client/1.1"
35.173.236.211 - - [29/Mar/2021:20:01:14 +0200] "GET /secureX/fichier.txt HTTP/1.1" 200 229 "-" "Go-http-client/1.1"
34.201.1.41 - - [29/Mar/2021:20:01:14 +0200] "GET /secureX/fichier.txt HTTP/1.1" 200 229 "-" "Go-http-client/1.1"
34.201.1.41 - - [29/Mar/2021:20:01:14 +0200] "GET /secureX/set_secureX_action.php?value=5 HTTP/1.1" 200 149 "-" "Go-http-client/1.1"
34.201.1.41 - - [29/Mar/2021:20:01:15 +0200] "GET /secureX/set_secureX_action.php?value=5 HTTP/1.1" 200 149 "-" "Go-http-client/1.1"
34.201.1.41 - - [29/Mar/2021:20:01:15 +0200] "GET /secureX/set_secureX_action.php?value=5 HTTP/1.1" 200 149 "-" "Go-http-client/1.1"
91.166.71.69 - - [29/Mar/2021:20:01:18 +0200] "GET /secureX/gethint.php?q=t HTTP/1.1" 200 207 "http://82.121.247.198/secureX/index.html" "Mozilla/5.0 (Windows NT 10.0; Win64; x64; rv:87.0) Gecko/20100101 Firefox/87.0"
91.166.71.69 - - [29/Mar/2021:20:01:18 +0200] "GET /secureX/gethint.php?q=te HTTP/1.1" 200 206 "http://82.121.247.198/secureX/index.html" "Mozilla/5.0 (Windows NT 10.0; Win64; x64; rv:87.0) Gecko/20100101 Firefox/87.0"
91.166.71.69 - - [29/Mar/2021:20:01:18 +0200] "GET /secureX/gethint.php?q=tel HTTP/1.1" 200 206 "http://82.121.247.198/secureX/index.html" "Mozilla/5.0 (Windows NT 10.0; Win64; x64; rv:87.0) Gecko/20100101 Firefox/87.0"
91.166.71.69 - - [29/Mar/2021:20:01:18 +0200] "GET /secureX/gethint.php?q=tell HTTP/1.1" 200 206 "http://82.121.247.198/secureX/index.html" "Mozilla/5.0 (Windows NT 10.0; Win64; x64; rv:87.0) Gecko/20100101 Firefox/87.0"
91.166.71.69 - - [29/Mar/2021:20:01:19 +0200] "GET /secureX/gethint.php?q=tell HTTP/1.1" 200 206 "http://82.121.247.198/secureX/index.html" "Mozilla/5.0 (Windows NT 10.0; Win64; x64; rv:87.0) Gecko/20100101 Firefox/87.0"
91.166.71.69 - - [29/Mar/2021:20:01:19 +0200] "GET /secureX/gethint.php?q=tell%20m HTTP/1.1" 200 206 "http://82.121.247.198/secureX/index.html" "Mozilla/5.0 (Windows NT 10.0; Win64; x64; rv:87.0) Gecko/20100101 Firefox/87.0"
91.166.71.69 - - [29/Mar/2021:20:01:19 +0200] "GET /secureX/gethint.php?q=tell%20me HTTP/1.1" 200 206 "http://82.121.247.198/secureX/index.html" "Mozilla/5.0 (Windows NT 10.0; Win64; x64; rv:87.0) Gecko/20100101 Firefox/87.0"
91.166.71.69 - - [29/Mar/2021:20:01:20 +0200] "GET /secureX/gethint.php?q=tell%20me HTTP/1.1" 200 206 "http://82.121.247.198/secureX/index.html" "Mozilla/5.0 (Windows NT 10.0; Win64; x64; rv:87.0) Gecko/20100101 Firefox/87.0"
91.166.71.69 - - [29/Mar/2021:20:01:20 +0200] "GET /secureX/gethint.php?q=tell%20me%20a HTTP/1.1" 200 206 "http://82.121.247.198/secureX/index.html" "Mozilla/5.0 (Windows NT 10.0; Win64; x64; rv:87.0) Gecko/20100101 Firefox/87.0"
34.201.1.41 - - [29/Mar/2021:20:01:20 +0200] "GET /secureX/fichier.txt HTTP/1.1" 200 229 "-" "Go-http-client/1.1"
91.166.71.69 - - [29/Mar/2021:20:01:20 +0200] "GET /secureX/gethint.php?q=tell%20me%20ab HTTP/1.1" 200 206 "http://82.121.247.198/secureX/index.html" "Mozilla/5.0 (Windows NT 10.0; Win64; x64; rv:87.0) Gecko/20100101 Firefox/87.0"
91.166.71.69 - - [29/Mar/2021:20:01:20 +0200] "GET /secureX/gethint.php?q=tell%20me%20abou HTTP/1.1" 200 206 "http://82.121.247.198/secureX/index.html" "Mozilla/5.0 (Windows NT 10.0; Win64; x64; rv:87.0) Gecko/20100101 Firefox/87.0"
91.166.71.69 - - [29/Mar/2021:20:01:20 +0200] "GET /secureX/gethint.php?q=tell%20me%20abou HTTP/1.1" 200 206 "http://82.121.247.198/secureX/index.html" "Mozilla/5.0 (Windows NT 10.0; Win64; x64; rv:87.0) Gecko/20100101 Firefox/87.0"
35.173.236.211 - - [29/Mar/2021:20:01:20 +0200] "GET /secureX/fichier.txt HTTP/1.1" 200 229 "-" "Go-http-client/1.1"
34.201.1.41 - - [29/Mar/2021:20:01:20 +0200] "GET /secureX/fichier.txt HTTP/1.1" 200 229 "-" "Go-http-client/1.1"
91.166.71.69 - - [29/Mar/2021:20:01:20 +0200] "GET /secureX/gethint.php?q=tell%20me%20about HTTP/1.1" 200 206 "http://82.121.247.198/secureX/index.html" "Mozilla/5.0 (Windows NT 10.0; Win64; x64; rv:87.0) Gecko/20100101 Firefox/87.0"
91.166.71.69 - - [29/Mar/2021:20:01:20 +0200] "GET /secureX/gethint.php?q=tell%20me%20about HTTP/1.1" 200 206 "http://82.121.247.198/secureX/index.html" "Mozilla/5.0 (Windows NT 10.0; Win64; x64; rv:87.0) Gecko/20100101 Firefox/87.0"
91.166.71.69 - - [29/Mar/2021:20:01:21 +0200] "GET /secureX/gethint.php?q=tell%20me%20about%20in HTTP/1.1" 200 206 "http://82.121.247.198/secureX/index.html" "Mozilla/5.0 (Windows NT 10.0; Win64; x64; rv:87.0) Gecko/20100101 Firefox/87.0"
91.166.71.69 - - [29/Mar/2021:20:01:21 +0200] "GET /secureX/gethint.php?q=tell%20me%20about%20inv HTTP/1.1" 200 206 "http://82.121.247.198/secureX/index.html" "Mozilla/5.0 (Windows NT 10.0; Win64; x64; rv:87.0) Gecko/20100101 Firefox/87.0"
91.166.71.69 - - [29/Mar/2021:20:01:21 +0200] "GET /secureX/gethint.php?q=tell%20me%20about%20inv HTTP/1.1" 200 206 "http://82.121.247.198/secureX/index.html" "Mozilla/5.0 (Windows NT 10.0; Win64; x64; rv:87.0) Gecko/20100101 Firefox/87.0"
91.166.71.69 - - [29/Mar/2021:20:01:21 +0200] "GET /secureX/gethint.php?q=tell%20me%20about%20inve HTTP/1.1" 200 206 "http://82.121.247.198/secureX/index.html" "Mozilla/5.0 (Windows NT 10.0; Win64; x64; rv:87.0) Gecko/20100101 Firefox/87.0"
91.166.71.69 - - [29/Mar/2021:20:01:21 +0200] "GET /secureX/gethint.php?q=tell%20me%20about%20inves HTTP/1.1" 200 206 "http://82.121.247.198/secureX/index.html" "Mozilla/5.0 (Windows NT 10.0; Win64; x64; rv:87.0) Gecko/20100101 Firefox/87.0"
91.166.71.69 - - [29/Mar/2021:20:01:22 +0200] "GET /secureX/gethint.php?q=tell%20me%20about%20invest HTTP/1.1" 200 206 "http://82.121.247.198/secureX/index.html" "Mozilla/5.0 (Windows NT 10.0; Win64; x64; rv:87.0) Gecko/20100101 Firefox/87.0"
91.166.71.69 - - [29/Mar/2021:20:01:22 +0200] "GET /secureX/gethint.php?q=tell%20me%20about%20investi HTTP/1.1" 200 206 "http://82.121.247.198/secureX/index.html" "Mozilla/5.0 (Windows NT 10.0; Win64; x64; rv:87.0) Gecko/20100101 Firefox/87.0"
91.166.71.69 - - [29/Mar/2021:20:01:23 +0200] "GET /secureX/gethint.php?q=tell%20me%20about%20investig HTTP/1.1" 200 206 "http://82.121.247.198/secureX/index.html" "Mozilla/5.0 (Windows NT 10.0; Win64; x64; rv:87.0) Gecko/20100101 Firefox/87.0"
91.166.71.69 - - [29/Mar/2021:20:01:23 +0200] "GET /secureX/gethint.php?q=tell%20me%20about%20investiga HTTP/1.1" 200 206 "http://82.121.247.198/secureX/index.html" "Mozilla/5.0 (Windows NT 10.0; Win64; x64; rv:87.0) Gecko/20100101 Firefox/87.0"
91.166.71.69 - - [29/Mar/2021:20:01:23 +0200] "GET /secureX/gethint.php?q=tell%20me%20about%20investigat HTTP/1.1" 200 206 "http://82.121.247.198/secureX/index.html" "Mozilla/5.0 (Windows NT 10.0; Win64; x64; rv:87.0) Gecko/20100101 Firefox/87.0"
91.166.71.69 - - [29/Mar/2021:20:01:23 +0200] "GET /secureX/gethint.php?q=tell%20me%20about%20investigatio HTTP/1.1" 200 206 "http://82.121.247.198/secureX/index.html" "Mozilla/5.0 (Windows NT 10.0; Win64; x64; rv:87.0) Gecko/20100101 Firefox/87.0"
91.166.71.69 - - [29/Mar/2021:20:01:23 +0200] "GET /secureX/gethint.php?q=tell%20me%20about%20investigatio HTTP/1.1" 200 206 "http://82.121.247.198/secureX/index.html" "Mozilla/5.0 (Windows NT 10.0; Win64; x64; rv:87.0) Gecko/20100101 Firefox/87.0"
34.201.1.41 - - [29/Mar/2021:20:01:20 +0200] "GET /secureX/set_secureX_action.php?value=5 HTTP/1.1" 200 149 "-" "Go-http-client/1.1"
91.166.71.69 - - [29/Mar/2021:20:01:23 +0200] "GET /secureX/gethint.php?q=tell%20me%20about%20investigation HTTP/1.1" 200 206 "http://82.121.247.198/secureX/index.html" "Mozilla/5.0 (Windows NT 10.0; Win64; x64; rv:87.0) Gecko/20100101 Firefox/87.0"
91.166.71.69 - - [29/Mar/2021:20:01:24 +0200] "GET /secureX/gethint.php?q=tell%20me%20about%20investigation HTTP/1.1" 200 206 "http://82.121.247.198/secureX/index.html" "Mozilla/5.0 (Windows NT 10.0; Win64; x64; rv:87.0) Gecko/20100101 Firefox/87.0"
35.173.236.211 - - [29/Mar/2021:20:01:21 +0200] "GET /secureX/set_secureX_action.php?value=5 HTTP/1.1" 200 149 "-" "Go-http-client/1.1"
34.201.1.41 - - [29/Mar/2021:20:01:21 +0200] "GET /secureX/set_secureX_action.php?value=5 HTTP/1.1" 200 149 "-" "Go-http-client/1.1"
91.166.71.69 - - [29/Mar/2021:20:01:24 +0200] "GET /secureX/gethint.php?q=tell%20me%20about%20investigation%20? HTTP/1.1" 200 206 "http://82.121.247.198/secureX/index.html" "Mozilla/5.0 (Windows NT 10.0; Win64; x64; rv:87.0) Gecko/20100101 Firefox/87.0"
91.166.71.69 - - [29/Mar/2021:20:01:24 +0200] "GET /secureX/gethint.php?q=tell%20me%20about%20investigation%20? HTTP/1.1" 200 206 "http://82.121.247.198/secureX/index.html" "Mozilla/5.0 (Windows NT 10.0; Win64; x64; rv:87.0) Gecko/20100101 Firefox/87.0"
91.166.71.69 - - [29/Mar/2021:20:01:25 +0200] "GET /secureX/gethint.php?q=tell%20me%20about%20investigation%20? HTTP/1.1" 200 206 "http://82.121.247.198/secureX/index.html" "Mozilla/5.0 (Windows NT 10.0; Win64; x64; rv:87.0) Gecko/20100101 Firefox/87.0"
::1 - - [29/Mar/2021:20:01:25 +0200] "OPTIONS * HTTP/1.0" 200 128 "-" "Apache/2.4.38 (Raspbian) (internal dummy connection)"
34.201.1.41 - - [29/Mar/2021:20:01:26 +0200] "GET /secureX/fichier.txt HTTP/1.1" 200 229 "-" "Go-http-client/1.1"
34.201.1.41 - - [29/Mar/2021:20:01:26 +0200] "GET /secureX/fichier.txt HTTP/1.1" 200 229 "-" "Go-http-client/1.1"
34.201.1.41 - - [29/Mar/2021:20:01:26 +0200] "GET /secureX/fichier.txt HTTP/1.1" 200 229 "-" "Go-http-client/1.1"
34.201.1.41 - - [29/Mar/2021:20:01:26 +0200] "GET /secureX/set_secureX_action.php?value=5 HTTP/1.1" 200 149 "-" "Go-http-client/1.1"
34.201.1.41 - - [29/Mar/2021:20:01:27 +0200] "GET /secureX/set_secureX_action.php?value=5 HTTP/1.1" 200 149 "-" "Go-http-client/1.1"
34.201.1.41 - - [29/Mar/2021:20:01:27 +0200] "GET /secureX/set_secureX_action.php?value=5 HTTP/1.1" 200 149 "-" "Go-http-client/1.1"
::1 - - [29/Mar/2021:20:01:31 +0200] "OPTIONS * HTTP/1.0" 200 128 "-" "Apache/2.4.38 (Raspbian) (internal dummy connection)"
91.166.71.69 - - [29/Mar/2021:20:01:32 +0200] "GET /secureX/gethint.php?q=tell%20me%20about%20inves HTTP/1.1" 200 207 "http://82.121.247.198/secureX/index.html" "Mozilla/5.0 (Windows NT 10.0; Win64; x64; rv:87.0) Gecko/20100101 Firefox/87.0"
34.201.1.41 - - [29/Mar/2021:20:01:32 +0200] "GET /secureX/fichier.txt HTTP/1.1" 200 229 "-" "Go-http-client/1.1"
91.166.71.69 - - [29/Mar/2021:20:01:32 +0200] "GET /secureX/gethint.php?q=tell%20me%20about%20inve HTTP/1.1" 200 206 "http://82.121.247.198/secureX/index.html" "Mozilla/5.0 (Windows NT 10.0; Win64; x64; rv:87.0) Gecko/20100101 Firefox/87.0"
91.166.71.69 - - [29/Mar/2021:20:01:32 +0200] "GET /secureX/gethint.php?q=tell%20me%20about%20inv HTTP/1.1" 200 206 "http://82.121.247.198/secureX/index.html" "Mozilla/5.0 (Windows NT 10.0; Win64; x64; rv:87.0) Gecko/20100101 Firefox/87.0"
34.201.1.41 - - [29/Mar/2021:20:01:32 +0200] "GET /secureX/fichier.txt HTTP/1.1" 200 229 "-" "Go-http-client/1.1"
35.173.236.211 - - [29/Mar/2021:20:01:32 +0200] "GET /secureX/fichier.txt HTTP/1.1" 200 229 "-" "Go-http-client/1.1"
91.166.71.69 - - [29/Mar/2021:20:01:32 +0200] "GET /secureX/gethint.php?q=tell%20me%20about%20in HTTP/1.1" 200 206 "http://82.121.247.198/secureX/index.html" "Mozilla/5.0 (Windows NT 10.0; Win64; x64; rv:87.0) Gecko/20100101 Firefox/87.0"
91.166.71.69 - - [29/Mar/2021:20:01:32 +0200] "GET /secureX/gethint.php?q=tell%20me%20about%20i HTTP/1.1" 200 206 "http://82.121.247.198/secureX/index.html" "Mozilla/5.0 (Windows NT 10.0; Win64; x64; rv:87.0) Gecko/20100101 Firefox/87.0"
91.166.71.69 - - [29/Mar/2021:20:01:33 +0200] "GET /secureX/gethint.php?q=tell%20me%20about HTTP/1.1" 200 206 "http://82.121.247.198/secureX/index.html" "Mozilla/5.0 (Windows NT 10.0; Win64; x64; rv:87.0) Gecko/20100101 Firefox/87.0"
91.166.71.69 - - [29/Mar/2021:20:01:33 +0200] "GET /secureX/gethint.php?q=tell%20me%20about%20o HTTP/1.1" 200 206 "http://82.121.247.198/secureX/index.html" "Mozilla/5.0 (Windows NT 10.0; Win64; x64; rv:87.0) Gecko/20100101 Firefox/87.0"
91.166.71.69 - - [29/Mar/2021:20:01:33 +0200] "GET /secureX/gethint.php?q=tell%20me%20about%20or HTTP/1.1" 200 206 "http://82.121.247.198/secureX/index.html" "Mozilla/5.0 (Windows NT 10.0; Win64; x64; rv:87.0) Gecko/20100101 Firefox/87.0"
91.166.71.69 - - [29/Mar/2021:20:01:34 +0200] "GET /secureX/gethint.php?q=tell%20me%20about%20orch HTTP/1.1" 200 206 "http://82.121.247.198/secureX/index.html" "Mozilla/5.0 (Windows NT 10.0; Win64; x64; rv:87.0) Gecko/20100101 Firefox/87.0"
91.166.71.69 - - [29/Mar/2021:20:01:34 +0200] "GET /secureX/gethint.php?q=tell%20me%20about%20orch HTTP/1.1" 200 206 "http://82.121.247.198/secureX/index.html" "Mozilla/5.0 (Windows NT 10.0; Win64; x64; rv:87.0) Gecko/20100101 Firefox/87.0"
91.166.71.69 - - [29/Mar/2021:20:01:34 +0200] "GET /secureX/gethint.php?q=tell%20me%20about%20orcher HTTP/1.1" 200 206 "http://82.121.247.198/secureX/index.html" "Mozilla/5.0 (Windows NT 10.0; Win64; x64; rv:87.0) Gecko/20100101 Firefox/87.0"
91.166.71.69 - - [29/Mar/2021:20:01:34 +0200] "GET /secureX/gethint.php?q=tell%20me%20about%20orcher HTTP/1.1" 200 206 "http://82.121.247.198/secureX/index.html" "Mozilla/5.0 (Windows NT 10.0; Win64; x64; rv:87.0) Gecko/20100101 Firefox/87.0"
91.166.71.69 - - [29/Mar/2021:20:01:34 +0200] "GET /secureX/gethint.php?q=tell%20me%20about%20orche HTTP/1.1" 200 206 "http://82.121.247.198/secureX/index.html" "Mozilla/5.0 (Windows NT 10.0; Win64; x64; rv:87.0) Gecko/20100101 Firefox/87.0"
91.166.71.69 - - [29/Mar/2021:20:01:35 +0200] "GET /secureX/gethint.php?q=tell%20me%20about%20orches HTTP/1.1" 200 206 "http://82.121.247.198/secureX/index.html" "Mozilla/5.0 (Windows NT 10.0; Win64; x64; rv:87.0) Gecko/20100101 Firefox/87.0"
91.166.71.69 - - [29/Mar/2021:20:01:35 +0200] "GET /secureX/gethint.php?q=tell%20me%20about%20orchestr HTTP/1.1" 200 206 "http://82.121.247.198/secureX/index.html" "Mozilla/5.0 (Windows NT 10.0; Win64; x64; rv:87.0) Gecko/20100101 Firefox/87.0"
91.166.71.69 - - [29/Mar/2021:20:01:35 +0200] "GET /secureX/gethint.php?q=tell%20me%20about%20orchestr HTTP/1.1" 200 206 "http://82.121.247.198/secureX/index.html" "Mozilla/5.0 (Windows NT 10.0; Win64; x64; rv:87.0) Gecko/20100101 Firefox/87.0"
35.173.236.211 - - [29/Mar/2021:20:01:32 +0200] "GET /secureX/set_secureX_action.php?value=5 HTTP/1.1" 200 149 "-" "Go-http-client/1.1"
91.166.71.69 - - [29/Mar/2021:20:01:35 +0200] "GET /secureX/gethint.php?q=tell%20me%20about%20orchestra HTTP/1.1" 200 206 "http://82.121.247.198/secureX/index.html" "Mozilla/5.0 (Windows NT 10.0; Win64; x64; rv:87.0) Gecko/20100101 Firefox/87.0"
91.166.71.69 - - [29/Mar/2021:20:01:36 +0200] "GET /secureX/gethint.php?q=tell%20me%20about%20orchestrat HTTP/1.1" 200 206 "http://82.121.247.198/secureX/index.html" "Mozilla/5.0 (Windows NT 10.0; Win64; x64; rv:87.0) Gecko/20100101 Firefox/87.0"
34.201.1.41 - - [29/Mar/2021:20:01:33 +0200] "GET /secureX/set_secureX_action.php?value=5 HTTP/1.1" 200 149 "-" "Go-http-client/1.1"
34.201.1.41 - - [29/Mar/2021:20:01:33 +0200] "GET /secureX/set_secureX_action.php?value=5 HTTP/1.1" 200 149 "-" "Go-http-client/1.1"
91.166.71.69 - - [29/Mar/2021:20:01:36 +0200] "GET /secureX/gethint.php?q=tell%20me%20about%20orchestratio HTTP/1.1" 200 206 "http://82.121.247.198/secureX/index.html" "Mozilla/5.0 (Windows NT 10.0; Win64; x64; rv:87.0) Gecko/20100101 Firefox/87.0"
91.166.71.69 - - [29/Mar/2021:20:01:36 +0200] "GET /secureX/gethint.php?q=tell%20me%20about%20orchestratio HTTP/1.1" 200 206 "http://82.121.247.198/secureX/index.html" "Mozilla/5.0 (Windows NT 10.0; Win64; x64; rv:87.0) Gecko/20100101 Firefox/87.0"
91.166.71.69 - - [29/Mar/2021:20:01:36 +0200] "GET /secureX/gethint.php?q=tell%20me%20about%20orchestration HTTP/1.1" 200 206 "http://82.121.247.198/secureX/index.html" "Mozilla/5.0 (Windows NT 10.0; Win64; x64; rv:87.0) Gecko/20100101 Firefox/87.0"
