91.166.71.69 - - [29/Mar/2021:20:01:37 +0200] "GET /secureX/gethint.php?q=tell%20me%20about%20orchestration HTTP/1.1" 200 206 "http://82.121.247.198/secureX/index.html" "Mozilla/5.0 (Windows NT 10.0; Win64; x64; rv:87.0) Gecko/20100101 Firefox/87.0"
91.166.71.69 - - [29/Mar/2021:20:01:37 +0200] "GET /secureX/gethint.php?q=tell%20me%20about%20orchestration%20p HTTP/1.1" 200 206 "http://82.121.247.198/secureX/index.html" "Mozilla/5.0 (Windows NT 10.0; Win64; x64; rv:87.0) Gecko/20100101 Firefox/87.0"
91.166.71.69 - - [29/Mar/2021:20:01:37 +0200] "GET /secureX/gethint.php?q=tell%20me%20about%20orchestration%20pl HTTP/1.1" 200 206 "http://82.121.247.198/secureX/index.html" "Mozilla/5.0 (Windows NT 10.0; Win64; x64; rv:87.0) Gecko/20100101 Firefox/87.0"
::1 - - [29/Mar/2021:20:01:37 +0200] "OPTIONS * HTTP/1.0" 200 128 "-" "Apache/2.4.38 (Raspbian) (internal dummy connection)"
91.166.71.69 - - [29/Mar/2021:20:01:37 +0200] "GET /secureX/gethint.php?q=tell%20me%20about%20orchestration%20plea HTTP/1.1" 200 206 "http://82.121.247.198/secureX/index.html" "Mozilla/5.0 (Windows NT 10.0; Win64; x64; rv:87.0) Gecko/20100101 Firefox/87.0"
91.166.71.69 - - [29/Mar/2021:20:01:38 +0200] "GET /secureX/gethint.php?q=tell%20me%20about%20orchestration%20plea HTTP/1.1" 200 206 "http://82.121.247.198/secureX/index.html" "Mozilla/5.0 (Windows NT 10.0; Win64; x64; rv:87.0) Gecko/20100101 Firefox/87.0"
91.166.71.69 - - [29/Mar/2021:20:01:38 +0200] "GET /secureX/gethint.php?q=tell%20me%20about%20orchestration%20pleas HTTP/1.1" 200 206 "http://82.121.247.198/secureX/index.html" "Mozilla/5.0 (Windows NT 10.0; Win64; x64; rv:87.0) Gecko/20100101 Firefox/87.0"
34.201.1.41 - - [29/Mar/2021:20:01:38 +0200] "GET /secureX/fichier.txt HTTP/1.1" 200 231 "-" "Go-http-client/1.1"
91.166.71.69 - - [29/Mar/2021:20:01:38 +0200] "GET /secureX/gethint.php?q=tell%20me%20about%20orchestration%20please HTTP/1.1" 200 206 "http://82.121.247.198/secureX/index.html" "Mozilla/5.0 (Windows NT 10.0; Win64; x64; rv:87.0) Gecko/20100101 Firefox/87.0"
34.201.1.41 - - [29/Mar/2021:20:01:38 +0200] "GET /secureX/fichier.txt HTTP/1.1" 200 231 "-" "Go-http-client/1.1"
34.201.1.41 - - [29/Mar/2021:20:01:38 +0200] "GET /secureX/fichier.txt HTTP/1.1" 200 231 "-" "Go-http-client/1.1"
35.173.236.211 - - [29/Mar/2021:20:01:38 +0200] "GET /secureX/set_secureX_action.php?value=3 HTTP/1.1" 200 149 "-" "Go-http-client/1.1"
34.201.1.41 - - [29/Mar/2021:20:01:39 +0200] "GET /secureX/set_secureX_action.php?value=3 HTTP/1.1" 200 149 "-" "Go-http-client/1.1"
35.173.236.211 - - [29/Mar/2021:20:01:39 +0200] "GET /secureX/set_secureX_action.php?value=3 HTTP/1.1" 200 149 "-" "Go-http-client/1.1"
::1 - - [29/Mar/2021:20:01:43 +0200] "OPTIONS * HTTP/1.0" 200 128 "-" "Apache/2.4.38 (Raspbian) (internal dummy connection)"
35.173.236.211 - - [29/Mar/2021:20:01:44 +0200] "GET /secureX/fichier.txt HTTP/1.1" 200 229 "-" "Go-http-client/1.1"
35.173.236.211 - - [29/Mar/2021:20:01:45 +0200] "GET /secureX/fichier.txt HTTP/1.1" 200 229 "-" "Go-http-client/1.1"
35.173.236.211 - - [29/Mar/2021:20:01:45 +0200] "GET /secureX/fichier.txt HTTP/1.1" 200 229 "-" "Go-http-client/1.1"
91.166.71.69 - - [29/Mar/2021:20:01:43 +0200] "GET /secureX/Ajax_SomePage.php?value=1&_=1617040748772 HTTP/1.1" 200 376 "http://82.121.247.198/secureX/index.html" "Mozilla/5.0 (Windows NT 10.0; Win64; x64; rv:87.0) Gecko/20100101 Firefox/87.0"
91.166.71.69 - - [29/Mar/2021:20:01:46 +0200] "GET /secureX/display_orchestration.php HTTP/1.1" 200 406 "http://82.121.247.198/secureX/index.html" "Mozilla/5.0 (Windows NT 10.0; Win64; x64; rv:87.0) Gecko/20100101 Firefox/87.0"
91.166.71.69 - - [29/Mar/2021:20:01:46 +0200] "GET /secureX/sons/orchestration-4.mp3 HTTP/1.1" 206 208454 "http://82.121.247.198/secureX/display_orchestration.php" "Mozilla/5.0 (Windows NT 10.0; Win64; x64; rv:87.0) Gecko/20100101 Firefox/87.0"
34.201.1.41 - - [29/Mar/2021:20:01:45 +0200] "GET /secureX/set_secureX_action.php?value=3 HTTP/1.1" 200 149 "-" "Go-http-client/1.1"
34.201.1.41 - - [29/Mar/2021:20:01:45 +0200] "GET /secureX/set_secureX_action.php?value=3 HTTP/1.1" 200 149 "-" "Go-http-client/1.1"
35.173.236.211 - - [29/Mar/2021:20:01:46 +0200] "GET /secureX/set_secureX_action.php?value=3 HTTP/1.1" 200 149 "-" "Go-http-client/1.1"
35.173.236.211 - - [29/Mar/2021:20:01:50 +0200] "GET /secureX/fichier.txt HTTP/1.1" 200 229 "-" "Go-http-client/1.1"
35.173.236.211 - - [29/Mar/2021:20:01:51 +0200] "GET /secureX/fichier.txt HTTP/1.1" 200 229 "-" "Go-http-client/1.1"
34.201.1.41 - - [29/Mar/2021:20:01:51 +0200] "GET /secureX/fichier.txt HTTP/1.1" 200 229 "-" "Go-http-client/1.1"
35.173.236.211 - - [29/Mar/2021:20:01:51 +0200] "GET /secureX/set_secureX_action.php?value=3 HTTP/1.1" 200 149 "-" "Go-http-client/1.1"
35.173.236.211 - - [29/Mar/2021:20:01:51 +0200] "GET /secureX/set_secureX_action.php?value=3 HTTP/1.1" 200 149 "-" "Go-http-client/1.1"
35.173.236.211 - - [29/Mar/2021:20:01:52 +0200] "GET /secureX/set_secureX_action.php?value=3 HTTP/1.1" 200 149 "-" "Go-http-client/1.1"
35.173.236.211 - - [29/Mar/2021:20:01:56 +0200] "GET /secureX/fichier.txt HTTP/1.1" 200 229 "-" "Go-http-client/1.1"
34.201.1.41 - - [29/Mar/2021:20:01:57 +0200] "GET /secureX/fichier.txt HTTP/1.1" 200 229 "-" "Go-http-client/1.1"
35.173.236.211 - - [29/Mar/2021:20:01:57 +0200] "GET /secureX/fichier.txt HTTP/1.1" 200 229 "-" "Go-http-client/1.1"
35.173.236.211 - - [29/Mar/2021:20:01:57 +0200] "GET /secureX/set_secureX_action.php?value=3 HTTP/1.1" 200 149 "-" "Go-http-client/1.1"
34.201.1.41 - - [29/Mar/2021:20:01:57 +0200] "GET /secureX/set_secureX_action.php?value=3 HTTP/1.1" 200 149 "-" "Go-http-client/1.1"
34.201.1.41 - - [29/Mar/2021:20:01:58 +0200] "GET /secureX/set_secureX_action.php?value=3 HTTP/1.1" 200 149 "-" "Go-http-client/1.1"
35.173.236.211 - - [29/Mar/2021:20:02:02 +0200] "GET /secureX/fichier.txt HTTP/1.1" 200 229 "-" "Go-http-client/1.1"
34.201.1.41 - - [29/Mar/2021:20:02:03 +0200] "GET /secureX/fichier.txt HTTP/1.1" 200 229 "-" "Go-http-client/1.1"
34.201.1.41 - - [29/Mar/2021:20:02:03 +0200] "GET /secureX/fichier.txt HTTP/1.1" 200 229 "-" "Go-http-client/1.1"
34.201.1.41 - - [29/Mar/2021:20:02:03 +0200] "GET /secureX/set_secureX_action.php?value=3 HTTP/1.1" 200 149 "-" "Go-http-client/1.1"
35.173.236.211 - - [29/Mar/2021:20:02:04 +0200] "GET /secureX/set_secureX_action.php?value=3 HTTP/1.1" 200 149 "-" "Go-http-client/1.1"
34.201.1.41 - - [29/Mar/2021:20:02:04 +0200] "GET /secureX/set_secureX_action.php?value=3 HTTP/1.1" 200 149 "-" "Go-http-client/1.1"
91.166.71.69 - - [29/Mar/2021:20:01:46 +0200] "GET /secureX/images/orchestration.gif HTTP/1.1" 200 60514177 "http://82.121.247.198/secureX/display_orchestration.php" "Mozilla/5.0 (Windows NT 10.0; Win64; x64; rv:87.0) Gecko/20100101 Firefox/87.0"
35.173.236.211 - - [29/Mar/2021:20:02:08 +0200] "GET /secureX/fichier.txt HTTP/1.1" 200 229 "-" "Go-http-client/1.1"
35.173.236.211 - - [29/Mar/2021:20:02:09 +0200] "GET /secureX/fichier.txt HTTP/1.1" 200 229 "-" "Go-http-client/1.1"
34.201.1.41 - - [29/Mar/2021:20:02:09 +0200] "GET /secureX/fichier.txt HTTP/1.1" 200 229 "-" "Go-http-client/1.1"
35.173.236.211 - - [29/Mar/2021:20:02:09 +0200] "GET /secureX/set_secureX_action.php?value=3 HTTP/1.1" 200 149 "-" "Go-http-client/1.1"
35.173.236.211 - - [29/Mar/2021:20:02:10 +0200] "GET /secureX/set_secureX_action.php?value=3 HTTP/1.1" 200 149 "-" "Go-http-client/1.1"
35.173.236.211 - - [29/Mar/2021:20:02:10 +0200] "GET /secureX/set_secureX_action.php?value=3 HTTP/1.1" 200 149 "-" "Go-http-client/1.1"
34.201.1.41 - - [29/Mar/2021:20:02:14 +0200] "GET /secureX/fichier.txt HTTP/1.1" 200 229 "-" "Go-http-client/1.1"
::1 - - [29/Mar/2021:20:02:14 +0200] "OPTIONS * HTTP/1.0" 200 128 "-" "Apache/2.4.38 (Raspbian) (internal dummy connection)"
35.173.236.211 - - [29/Mar/2021:20:02:15 +0200] "GET /secureX/fichier.txt HTTP/1.1" 200 229 "-" "Go-http-client/1.1"
34.201.1.41 - - [29/Mar/2021:20:02:15 +0200] "GET /secureX/fichier.txt HTTP/1.1" 200 229 "-" "Go-http-client/1.1"
34.201.1.41 - - [29/Mar/2021:20:02:15 +0200] "GET /secureX/set_secureX_action.php?value=3 HTTP/1.1" 200 149 "-" "Go-http-client/1.1"
34.201.1.41 - - [29/Mar/2021:20:02:16 +0200] "GET /secureX/set_secureX_action.php?value=3 HTTP/1.1" 200 149 "-" "Go-http-client/1.1"
34.201.1.41 - - [29/Mar/2021:20:02:16 +0200] "GET /secureX/set_secureX_action.php?value=3 HTTP/1.1" 200 149 "-" "Go-http-client/1.1"
34.201.1.41 - - [29/Mar/2021:20:02:20 +0200] "GET /secureX/fichier.txt HTTP/1.1" 200 229 "-" "Go-http-client/1.1"
34.201.1.41 - - [29/Mar/2021:20:02:21 +0200] "GET /secureX/fichier.txt HTTP/1.1" 200 229 "-" "Go-http-client/1.1"
35.173.236.211 - - [29/Mar/2021:20:02:21 +0200] "GET /secureX/fichier.txt HTTP/1.1" 200 229 "-" "Go-http-client/1.1"
34.201.1.41 - - [29/Mar/2021:20:02:21 +0200] "GET /secureX/set_secureX_action.php?value=3 HTTP/1.1" 200 149 "-" "Go-http-client/1.1"
35.173.236.211 - - [29/Mar/2021:20:02:22 +0200] "GET /secureX/set_secureX_action.php?value=3 HTTP/1.1" 200 149 "-" "Go-http-client/1.1"
34.201.1.41 - - [29/Mar/2021:20:02:22 +0200] "GET /secureX/set_secureX_action.php?value=3 HTTP/1.1" 200 149 "-" "Go-http-client/1.1"
35.173.236.211 - - [29/Mar/2021:20:02:26 +0200] "GET /secureX/fichier.txt HTTP/1.1" 200 229 "-" "Go-http-client/1.1"
35.173.236.211 - - [29/Mar/2021:20:02:27 +0200] "GET /secureX/fichier.txt HTTP/1.1" 200 229 "-" "Go-http-client/1.1"
35.173.236.211 - - [29/Mar/2021:20:02:27 +0200] "GET /secureX/fichier.txt HTTP/1.1" 200 229 "-" "Go-http-client/1.1"
35.173.236.211 - - [29/Mar/2021:20:02:27 +0200] "GET /secureX/set_secureX_action.php?value=3 HTTP/1.1" 200 149 "-" "Go-http-client/1.1"
34.201.1.41 - - [29/Mar/2021:20:02:28 +0200] "GET /secureX/set_secureX_action.php?value=3 HTTP/1.1" 200 149 "-" "Go-http-client/1.1"
34.201.1.41 - - [29/Mar/2021:20:02:28 +0200] "GET /secureX/set_secureX_action.php?value=3 HTTP/1.1" 200 149 "-" "Go-http-client/1.1"
34.201.1.41 - - [29/Mar/2021:20:02:32 +0200] "GET /secureX/fichier.txt HTTP/1.1" 200 229 "-" "Go-http-client/1.1"
34.201.1.41 - - [29/Mar/2021:20:02:33 +0200] "GET /secureX/fichier.txt HTTP/1.1" 200 229 "-" "Go-http-client/1.1"
34.201.1.41 - - [29/Mar/2021:20:02:33 +0200] "GET /secureX/fichier.txt HTTP/1.1" 200 229 "-" "Go-http-client/1.1"
35.173.236.211 - - [29/Mar/2021:20:02:33 +0200] "GET /secureX/set_secureX_action.php?value=3 HTTP/1.1" 200 149 "-" "Go-http-client/1.1"
35.173.236.211 - - [29/Mar/2021:20:02:34 +0200] "GET /secureX/set_secureX_action.php?value=3 HTTP/1.1" 200 149 "-" "Go-http-client/1.1"
34.201.1.41 - - [29/Mar/2021:20:02:34 +0200] "GET /secureX/set_secureX_action.php?value=3 HTTP/1.1" 200 149 "-" "Go-http-client/1.1"
35.173.236.211 - - [29/Mar/2021:20:02:38 +0200] "GET /secureX/fichier.txt HTTP/1.1" 200 229 "-" "Go-http-client/1.1"
35.173.236.211 - - [29/Mar/2021:20:02:39 +0200] "GET /secureX/fichier.txt HTTP/1.1" 200 229 "-" "Go-http-client/1.1"
35.173.236.211 - - [29/Mar/2021:20:02:39 +0200] "GET /secureX/fichier.txt HTTP/1.1" 200 229 "-" "Go-http-client/1.1"
35.173.236.211 - - [29/Mar/2021:20:02:38 +0200] "GET /secureX/set_secureX_action.php?value=3 HTTP/1.1" 200 149 "-" "Go-http-client/1.1"
35.173.236.211 - - [29/Mar/2021:20:02:40 +0200] "GET /secureX/set_secureX_action.php?value=3 HTTP/1.1" 200 149 "-" "Go-http-client/1.1"
34.201.1.41 - - [29/Mar/2021:20:02:40 +0200] "GET /secureX/set_secureX_action.php?value=3 HTTP/1.1" 200 149 "-" "Go-http-client/1.1"
34.201.1.41 - - [29/Mar/2021:20:02:44 +0200] "GET /secureX/fichier.txt HTTP/1.1" 200 229 "-" "Go-http-client/1.1"
34.201.1.41 - - [29/Mar/2021:20:02:45 +0200] "GET /secureX/fichier.txt HTTP/1.1" 200 229 "-" "Go-http-client/1.1"
34.201.1.41 - - [29/Mar/2021:20:02:45 +0200] "GET /secureX/fichier.txt HTTP/1.1" 200 229 "-" "Go-http-client/1.1"
35.173.236.211 - - [29/Mar/2021:20:02:44 +0200] "GET /secureX/set_secureX_action.php?value=3 HTTP/1.1" 200 149 "-" "Go-http-client/1.1"
34.201.1.41 - - [29/Mar/2021:20:02:46 +0200] "GET /secureX/set_secureX_action.php?value=3 HTTP/1.1" 200 149 "-" "Go-http-client/1.1"
34.201.1.41 - - [29/Mar/2021:20:02:46 +0200] "GET /secureX/set_secureX_action.php?value=3 HTTP/1.1" 200 149 "-" "Go-http-client/1.1"
35.173.236.211 - - [29/Mar/2021:20:02:50 +0200] "GET /secureX/fichier.txt HTTP/1.1" 200 229 "-" "Go-http-client/1.1"
35.173.236.211 - - [29/Mar/2021:20:02:51 +0200] "GET /secureX/fichier.txt HTTP/1.1" 200 229 "-" "Go-http-client/1.1"
35.173.236.211 - - [29/Mar/2021:20:02:51 +0200] "GET /secureX/fichier.txt HTTP/1.1" 200 229 "-" "Go-http-client/1.1"
91.166.71.69 - - [29/Mar/2021:20:02:52 +0200] "GET /secureX/gethint.php?q=c HTTP/1.1" 200 207 "http://82.121.247.198/secureX/index.html" "Mozilla/5.0 (Windows NT 10.0; Win64; x64; rv:87.0) Gecko/20100101 Firefox/87.0"
91.166.71.69 - - [29/Mar/2021:20:02:52 +0200] "GET /secureX/gethint.php?q=can HTTP/1.1" 200 206 "http://82.121.247.198/secureX/index.html" "Mozilla/5.0 (Windows NT 10.0; Win64; x64; rv:87.0) Gecko/20100101 Firefox/87.0"
91.166.71.69 - - [29/Mar/2021:20:02:52 +0200] "GET /secureX/gethint.php?q=can HTTP/1.1" 200 206 "http://82.121.247.198/secureX/index.html" "Mozilla/5.0 (Windows NT 10.0; Win64; x64; rv:87.0) Gecko/20100101 Firefox/87.0"
91.166.71.69 - - [29/Mar/2021:20:02:53 +0200] "GET /secureX/gethint.php?q=can HTTP/1.1" 200 206 "http://82.121.247.198/secureX/index.html" "Mozilla/5.0 (Windows NT 10.0; Win64; x64; rv:87.0) Gecko/20100101 Firefox/87.0"
91.166.71.69 - - [29/Mar/2021:20:02:53 +0200] "GET /secureX/gethint.php?q=can%20y HTTP/1.1" 200 206 "http://82.121.247.198/secureX/index.html" "Mozilla/5.0 (Windows NT 10.0; Win64; x64; rv:87.0) Gecko/20100101 Firefox/87.0"
35.173.236.211 - - [29/Mar/2021:20:02:50 +0200] "GET /secureX/set_secureX_action.php?value=3 HTTP/1.1" 200 149 "-" "Go-http-client/1.1"
91.166.71.69 - - [29/Mar/2021:20:02:54 +0200] "GET /secureX/gethint.php?q=can%20you HTTP/1.1" 200 206 "http://82.121.247.198/secureX/index.html" "Mozilla/5.0 (Windows NT 10.0; Win64; x64; rv:87.0) Gecko/20100101 Firefox/87.0"
91.166.71.69 - - [29/Mar/2021:20:02:54 +0200] "GET /secureX/gethint.php?q=can%20you HTTP/1.1" 200 206 "http://82.121.247.198/secureX/index.html" "Mozilla/5.0 (Windows NT 10.0; Win64; x64; rv:87.0) Gecko/20100101 Firefox/87.0"
91.166.71.69 - - [29/Mar/2021:20:02:54 +0200] "GET /secureX/gethint.php?q=can%20you HTTP/1.1" 200 206 "http://82.121.247.198/secureX/index.html" "Mozilla/5.0 (Windows NT 10.0; Win64; x64; rv:87.0) Gecko/20100101 Firefox/87.0"
91.166.71.69 - - [29/Mar/2021:20:02:54 +0200] "GET /secureX/gethint.php?q=can%20you%20t HTTP/1.1" 200 206 "http://82.121.247.198/secureX/index.html" "Mozilla/5.0 (Windows NT 10.0; Win64; x64; rv:87.0) Gecko/20100101 Firefox/87.0"
91.166.71.69 - - [29/Mar/2021:20:02:54 +0200] "GET /secureX/gethint.php?q=can%20you%20te HTTP/1.1" 200 206 "http://82.121.247.198/secureX/index.html" "Mozilla/5.0 (Windows NT 10.0; Win64; x64; rv:87.0) Gecko/20100101 Firefox/87.0"
91.166.71.69 - - [29/Mar/2021:20:02:54 +0200] "GET /secureX/gethint.php?q=can%20you%20tel HTTP/1.1" 200 206 "http://82.121.247.198/secureX/index.html" "Mozilla/5.0 (Windows NT 10.0; Win64; x64; rv:87.0) Gecko/20100101 Firefox/87.0"
91.166.71.69 - - [29/Mar/2021:20:02:54 +0200] "GET /secureX/gethint.php?q=can%20you%20tell HTTP/1.1" 200 206 "http://82.121.247.198/secureX/index.html" "Mozilla/5.0 (Windows NT 10.0; Win64; x64; rv:87.0) Gecko/20100101 Firefox/87.0"
91.166.71.69 - - [29/Mar/2021:20:02:55 +0200] "GET /secureX/gethint.php?q=can%20you%20tell HTTP/1.1" 200 206 "http://82.121.247.198/secureX/index.html" "Mozilla/5.0 (Windows NT 10.0; Win64; x64; rv:87.0) Gecko/20100101 Firefox/87.0"
91.166.71.69 - - [29/Mar/2021:20:02:55 +0200] "GET /secureX/gethint.php?q=can%20you%20tell%20m HTTP/1.1" 200 206 "http://82.121.247.198/secureX/index.html" "Mozilla/5.0 (Windows NT 10.0; Win64; x64; rv:87.0) Gecko/20100101 Firefox/87.0"
34.201.1.41 - - [29/Mar/2021:20:02:52 +0200] "GET /secureX/set_secureX_action.php?value=3 HTTP/1.1" 200 149 "-" "Go-http-client/1.1"
35.173.236.211 - - [29/Mar/2021:20:02:52 +0200] "GET /secureX/set_secureX_action.php?value=3 HTTP/1.1" 200 149 "-" "Go-http-client/1.1"
91.166.71.69 - - [29/Mar/2021:20:02:55 +0200] "GET /secureX/gethint.php?q=can%20you%20tell%20me HTTP/1.1" 200 206 "http://82.121.247.198/secureX/index.html" "Mozilla/5.0 (Windows NT 10.0; Win64; x64; rv:87.0) Gecko/20100101 Firefox/87.0"
91.166.71.69 - - [29/Mar/2021:20:02:56 +0200] "GET /secureX/gethint.php?q=can%20you%20tell%20me HTTP/1.1" 200 206 "http://82.121.247.198/secureX/index.html" "Mozilla/5.0 (Windows NT 10.0; Win64; x64; rv:87.0) Gecko/20100101 Firefox/87.0"
35.173.236.211 - - [29/Mar/2021:20:02:56 +0200] "GET /secureX/fichier.txt HTTP/1.1" 200 229 "-" "Go-http-client/1.1"
91.166.71.69 - - [29/Mar/2021:20:02:56 +0200] "GET /secureX/gethint.php?q=can%20you%20tell%20me%20a HTTP/1.1" 200 206 "http://82.121.247.198/secureX/index.html" "Mozilla/5.0 (Windows NT 10.0; Win64; x64; rv:87.0) Gecko/20100101 Firefox/87.0"
91.166.71.69 - - [29/Mar/2021:20:02:56 +0200] "GET /secureX/gethint.php?q=can%20you%20tell%20me%20ab HTTP/1.1" 200 206 "http://82.121.247.198/secureX/index.html" "Mozilla/5.0 (Windows NT 10.0; Win64; x64; rv:87.0) Gecko/20100101 Firefox/87.0"
91.166.71.69 - - [29/Mar/2021:20:02:57 +0200] "GET /secureX/gethint.php?q=can%20you%20tell%20me%20abou HTTP/1.1" 200 206 "http://82.121.247.198/secureX/index.html" "Mozilla/5.0 (Windows NT 10.0; Win64; x64; rv:87.0) Gecko/20100101 Firefox/87.0"
91.166.71.69 - - [29/Mar/2021:20:02:57 +0200] "GET /secureX/gethint.php?q=can%20you%20tell%20me%20abou HTTP/1.1" 200 206 "http://82.121.247.198/secureX/index.html" "Mozilla/5.0 (Windows NT 10.0; Win64; x64; rv:87.0) Gecko/20100101 Firefox/87.0"
91.166.71.69 - - [29/Mar/2021:20:02:57 +0200] "GET /secureX/gethint.php?q=can%20you%20tell%20me%20about HTTP/1.1" 200 206 "http://82.121.247.198/secureX/index.html" "Mozilla/5.0 (Windows NT 10.0; Win64; x64; rv:87.0) Gecko/20100101 Firefox/87.0"
91.166.71.69 - - [29/Mar/2021:20:02:57 +0200] "GET /secureX/gethint.php?q=can%20you%20tell%20me%20about HTTP/1.1" 200 206 "http://82.121.247.198/secureX/index.html" "Mozilla/5.0 (Windows NT 10.0; Win64; x64; rv:87.0) Gecko/20100101 Firefox/87.0"
34.201.1.41 - - [29/Mar/2021:20:02:57 +0200] "GET /secureX/fichier.txt HTTP/1.1" 200 229 "-" "Go-http-client/1.1"
35.173.236.211 - - [29/Mar/2021:20:02:58 +0200] "GET /secureX/fichier.txt HTTP/1.1" 200 229 "-" "Go-http-client/1.1"
91.166.71.69 - - [29/Mar/2021:20:02:58 +0200] "GET /secureX/gethint.php?q=can%20you%20tell%20me%20about%20in HTTP/1.1" 200 206 "http://82.121.247.198/secureX/index.html" "Mozilla/5.0 (Windows NT 10.0; Win64; x64; rv:87.0) Gecko/20100101 Firefox/87.0"
91.166.71.69 - - [29/Mar/2021:20:02:58 +0200] "GET /secureX/gethint.php?q=can%20you%20tell%20me%20about%20in HTTP/1.1" 200 206 "http://82.121.247.198/secureX/index.html" "Mozilla/5.0 (Windows NT 10.0; Win64; x64; rv:87.0) Gecko/20100101 Firefox/87.0"
91.166.71.69 - - [29/Mar/2021:20:02:58 +0200] "GET /secureX/gethint.php?q=can%20you%20tell%20me%20about%20int HTTP/1.1" 200 206 "http://82.121.247.198/secureX/index.html" "Mozilla/5.0 (Windows NT 10.0; Win64; x64; rv:87.0) Gecko/20100101 Firefox/87.0"
91.166.71.69 - - [29/Mar/2021:20:02:58 +0200] "GET /secureX/gethint.php?q=can%20you%20tell%20me%20about%20inte HTTP/1.1" 200 206 "http://82.121.247.198/secureX/index.html" "Mozilla/5.0 (Windows NT 10.0; Win64; x64; rv:87.0) Gecko/20100101 Firefox/87.0"
91.166.71.69 - - [29/Mar/2021:20:02:58 +0200] "GET /secureX/gethint.php?q=can%20you%20tell%20me%20about%20integ HTTP/1.1" 200 206 "http://82.121.247.198/secureX/index.html" "Mozilla/5.0 (Windows NT 10.0; Win64; x64; rv:87.0) Gecko/20100101 Firefox/87.0"
91.166.71.69 - - [29/Mar/2021:20:02:59 +0200] "GET /secureX/gethint.php?q=can%20you%20tell%20me%20about%20integr HTTP/1.1" 200 206 "http://82.121.247.198/secureX/index.html" "Mozilla/5.0 (Windows NT 10.0; Win64; x64; rv:87.0) Gecko/20100101 Firefox/87.0"
91.166.71.69 - - [29/Mar/2021:20:02:59 +0200] "GET /secureX/gethint.php?q=can%20you%20tell%20me%20about%20integra HTTP/1.1" 200 206 "http://82.121.247.198/secureX/index.html" "Mozilla/5.0 (Windows NT 10.0; Win64; x64; rv:87.0) Gecko/20100101 Firefox/87.0"
91.166.71.69 - - [29/Mar/2021:20:02:59 +0200] "GET /secureX/gethint.php?q=can%20you%20tell%20me%20about%20integrat HTTP/1.1" 200 206 "http://82.121.247.198/secureX/index.html" "Mozilla/5.0 (Windows NT 10.0; Win64; x64; rv:87.0) Gecko/20100101 Firefox/87.0"
91.166.71.69 - - [29/Mar/2021:20:02:59 +0200] "GET /secureX/gethint.php?q=can%20you%20tell%20me%20about%20integratio HTTP/1.1" 200 206 "http://82.121.247.198/secureX/index.html" "Mozilla/5.0 (Windows NT 10.0; Win64; x64; rv:87.0) Gecko/20100101 Firefox/87.0"
91.166.71.69 - - [29/Mar/2021:20:02:59 +0200] "GET /secureX/gethint.php?q=can%20you%20tell%20me%20about%20integratio HTTP/1.1" 200 206 "http://82.121.247.198/secureX/index.html" "Mozilla/5.0 (Windows NT 10.0; Win64; x64; rv:87.0) Gecko/20100101 Firefox/87.0"
91.166.71.69 - - [29/Mar/2021:20:02:59 +0200] "GET /secureX/gethint.php?q=can%20you%20tell%20me%20about%20integration HTTP/1.1" 200 206 "http://82.121.247.198/secureX/index.html" "Mozilla/5.0 (Windows NT 10.0; Win64; x64; rv:87.0) Gecko/20100101 Firefox/87.0"
34.201.1.41 - - [29/Mar/2021:20:02:56 +0200] "GET /secureX/set_secureX_action.php?value=3 HTTP/1.1" 200 149 "-" "Go-http-client/1.1"
91.166.71.69 - - [29/Mar/2021:20:02:59 +0200] "GET /secureX/gethint.php?q=can%20you%20tell%20me%20about%20integration HTTP/1.1" 200 206 "http://82.121.247.198/secureX/index.html" "Mozilla/5.0 (Windows NT 10.0; Win64; x64; rv:87.0) Gecko/20100101 Firefox/87.0"
91.166.71.69 - - [29/Mar/2021:20:03:00 +0200] "GET /secureX/gethint.php?q=can%20you%20tell%20me%20about%20integration%20p HTTP/1.1" 200 206 "http://82.121.247.198/secureX/index.html" "Mozilla/5.0 (Windows NT 10.0; Win64; x64; rv:87.0) Gecko/20100101 Firefox/87.0"
91.166.71.69 - - [29/Mar/2021:20:03:00 +0200] "GET /secureX/gethint.php?q=can%20you%20tell%20me%20about%20integration%20pl HTTP/1.1" 200 206 "http://82.121.247.198/secureX/index.html" "Mozilla/5.0 (Windows NT 10.0; Win64; x64; rv:87.0) Gecko/20100101 Firefox/87.0"
91.166.71.69 - - [29/Mar/2021:20:03:00 +0200] "GET /secureX/gethint.php?q=can%20you%20tell%20me%20about%20integration%20plea HTTP/1.1" 200 206 "http://82.121.247.198/secureX/index.html" "Mozilla/5.0 (Windows NT 10.0; Win64; x64; rv:87.0) Gecko/20100101 Firefox/87.0"
91.166.71.69 - - [29/Mar/2021:20:03:00 +0200] "GET /secureX/gethint.php?q=can%20you%20tell%20me%20about%20integration%20plea HTTP/1.1" 200 206 "http://82.121.247.198/secureX/index.html" "Mozilla/5.0 (Windows NT 10.0; Win64; x64; rv:87.0) Gecko/20100101 Firefox/87.0"
91.166.71.69 - - [29/Mar/2021:20:03:00 +0200] "GET /secureX/gethint.php?q=can%20you%20tell%20me%20about%20integration%20pleas HTTP/1.1" 200 206 "http://82.121.247.198/secureX/index.html" "Mozilla/5.0 (Windows NT 10.0; Win64; x64; rv:87.0) Gecko/20100101 Firefox/87.0"
91.166.71.69 - - [29/Mar/2021:20:03:00 +0200] "GET /secureX/gethint.php?q=can%20you%20tell%20me%20about%20integration%20please HTTP/1.1" 200 206 "http://82.121.247.198/secureX/index.html" "Mozilla/5.0 (Windows NT 10.0; Win64; x64; rv:87.0) Gecko/20100101 Firefox/87.0"
91.166.71.69 - - [29/Mar/2021:20:03:01 +0200] "GET /secureX/gethint.php?q=can%20you%20tell%20me%20about%20integration%20please HTTP/1.1" 200 206 "http://82.121.247.198/secureX/index.html" "Mozilla/5.0 (Windows NT 10.0; Win64; x64; rv:87.0) Gecko/20100101 Firefox/87.0"
34.201.1.41 - - [29/Mar/2021:20:02:58 +0200] "GET /secureX/set_secureX_action.php?value=3 HTTP/1.1" 200 149 "-" "Go-http-client/1.1"
34.201.1.41 - - [29/Mar/2021:20:02:58 +0200] "GET /secureX/set_secureX_action.php?value=3 HTTP/1.1" 200 149 "-" "Go-http-client/1.1"
91.166.71.69 - - [29/Mar/2021:20:03:01 +0200] "GET /secureX/gethint.php?q=can%20you%20tell%20me%20about%20integration%20please%20? HTTP/1.1" 200 206 "http://82.121.247.198/secureX/index.html" "Mozilla/5.0 (Windows NT 10.0; Win64; x64; rv:87.0) Gecko/20100101 Firefox/87.0"
91.166.71.69 - - [29/Mar/2021:20:03:01 +0200] "GET /secureX/gethint.php?q=can%20you%20tell%20me%20about%20integration%20please%20? HTTP/1.1" 200 207 "http://82.121.247.198/secureX/index.html" "Mozilla/5.0 (Windows NT 10.0; Win64; x64; rv:87.0) Gecko/20100101 Firefox/87.0"
34.201.1.41 - - [29/Mar/2021:20:03:02 +0200] "GET /secureX/fichier.txt HTTP/1.1" 200 231 "-" "Go-http-client/1.1"
34.201.1.41 - - [29/Mar/2021:20:03:04 +0200] "GET /secureX/fichier.txt HTTP/1.1" 200 229 "-" "Go-http-client/1.1"
35.173.236.211 - - [29/Mar/2021:20:03:04 +0200] "GET /secureX/fichier.txt HTTP/1.1" 200 229 "-" "Go-http-client/1.1"
34.201.1.41 - - [29/Mar/2021:20:03:02 +0200] "GET /secureX/set_secureX_action.php?value=4 HTTP/1.1" 200 149 "-" "Go-http-client/1.1"
34.201.1.41 - - [29/Mar/2021:20:03:04 +0200] "GET /secureX/set_secureX_action.php?value=4 HTTP/1.1" 200 149 "-" "Go-http-client/1.1"
34.201.1.41 - - [29/Mar/2021:20:03:04 +0200] "GET /secureX/set_secureX_action.php?value=4 HTTP/1.1" 200 149 "-" "Go-http-client/1.1"
35.173.236.211 - - [29/Mar/2021:20:03:08 +0200] "GET /secureX/fichier.txt HTTP/1.1" 200 229 "-" "Go-http-client/1.1"
34.201.1.41 - - [29/Mar/2021:20:03:10 +0200] "GET /secureX/fichier.txt HTTP/1.1" 200 229 "-" "Go-http-client/1.1"
34.201.1.41 - - [29/Mar/2021:20:03:10 +0200] "GET /secureX/fichier.txt HTTP/1.1" 200 229 "-" "Go-http-client/1.1"
91.166.71.69 - - [29/Mar/2021:20:03:09 +0200] "GET /secureX/Ajax_SomePage.php?value=1&_=1617040748773 HTTP/1.1" 200 375 "http://82.121.247.198/secureX/index.html" "Mozilla/5.0 (Windows NT 10.0; Win64; x64; rv:87.0) Gecko/20100101 Firefox/87.0"
91.166.71.69 - - [29/Mar/2021:20:03:12 +0200] "GET /secureX/display_integration.php HTTP/1.1" 200 402 "http://82.121.247.198/secureX/index.html" "Mozilla/5.0 (Windows NT 10.0; Win64; x64; rv:87.0) Gecko/20100101 Firefox/87.0"
91.166.71.69 - - [29/Mar/2021:20:03:12 +0200] "GET /secureX/images/2.jpg HTTP/1.1" 404 496 "http://82.121.247.198/secureX/display_integration.php" "Mozilla/5.0 (Windows NT 10.0; Win64; x64; rv:87.0) Gecko/20100101 Firefox/87.0"
34.201.1.41 - - [29/Mar/2021:20:03:09 +0200] "GET /secureX/set_secureX_action.php?value=4 HTTP/1.1" 200 149 "-" "Go-http-client/1.1"
91.166.71.69 - - [29/Mar/2021:20:03:12 +0200] "GET /secureX/sons/integration.mp3 HTTP/1.1" 206 143669 "http://82.121.247.198/secureX/display_integration.php" "Mozilla/5.0 (Windows NT 10.0; Win64; x64; rv:87.0) Gecko/20100101 Firefox/87.0"
34.201.1.41 - - [29/Mar/2021:20:03:11 +0200] "GET /secureX/set_secureX_action.php?value=4 HTTP/1.1" 200 149 "-" "Go-http-client/1.1"
35.173.236.211 - - [29/Mar/2021:20:03:11 +0200] "GET /secureX/set_secureX_action.php?value=4 HTTP/1.1" 200 149 "-" "Go-http-client/1.1"
34.201.1.41 - - [29/Mar/2021:20:03:14 +0200] "GET /secureX/fichier.txt HTTP/1.1" 200 229 "-" "Go-http-client/1.1"
35.173.236.211 - - [29/Mar/2021:20:03:16 +0200] "GET /secureX/fichier.txt HTTP/1.1" 200 229 "-" "Go-http-client/1.1"
35.173.236.211 - - [29/Mar/2021:20:03:16 +0200] "GET /secureX/fichier.txt HTTP/1.1" 200 229 "-" "Go-http-client/1.1"
34.201.1.41 - - [29/Mar/2021:20:03:15 +0200] "GET /secureX/set_secureX_action.php?value=4 HTTP/1.1" 200 149 "-" "Go-http-client/1.1"
34.201.1.41 - - [29/Mar/2021:20:03:17 +0200] "GET /secureX/set_secureX_action.php?value=4 HTTP/1.1" 200 149 "-" "Go-http-client/1.1"
34.201.1.41 - - [29/Mar/2021:20:03:17 +0200] "GET /secureX/set_secureX_action.php?value=4 HTTP/1.1" 200 149 "-" "Go-http-client/1.1"
34.201.1.41 - - [29/Mar/2021:20:03:20 +0200] "GET /secureX/fichier.txt HTTP/1.1" 200 229 "-" "Go-http-client/1.1"
34.201.1.41 - - [29/Mar/2021:20:03:23 +0200] "GET /secureX/fichier.txt HTTP/1.1" 200 229 "-" "Go-http-client/1.1"
35.173.236.211 - - [29/Mar/2021:20:03:23 +0200] "GET /secureX/fichier.txt HTTP/1.1" 200 229 "-" "Go-http-client/1.1"
35.173.236.211 - - [29/Mar/2021:20:03:21 +0200] "GET /secureX/set_secureX_action.php?value=4 HTTP/1.1" 200 149 "-" "Go-http-client/1.1"
34.201.1.41 - - [29/Mar/2021:20:03:23 +0200] "GET /secureX/set_secureX_action.php?value=4 HTTP/1.1" 200 149 "-" "Go-http-client/1.1"
35.173.236.211 - - [29/Mar/2021:20:03:23 +0200] "GET /secureX/set_secureX_action.php?value=4 HTTP/1.1" 200 149 "-" "Go-http-client/1.1"
35.173.236.211 - - [29/Mar/2021:20:03:26 +0200] "GET /secureX/fichier.txt HTTP/1.1" 200 229 "-" "Go-http-client/1.1"
35.173.236.211 - - [29/Mar/2021:20:03:29 +0200] "GET /secureX/fichier.txt HTTP/1.1" 200 229 "-" "Go-http-client/1.1"
34.201.1.41 - - [29/Mar/2021:20:03:29 +0200] "GET /secureX/fichier.txt HTTP/1.1" 200 229 "-" "Go-http-client/1.1"
34.201.1.41 - - [29/Mar/2021:20:03:27 +0200] "GET /secureX/set_secureX_action.php?value=4 HTTP/1.1" 200 149 "-" "Go-http-client/1.1"
34.201.1.41 - - [29/Mar/2021:20:03:29 +0200] "GET /secureX/set_secureX_action.php?value=4 HTTP/1.1" 200 149 "-" "Go-http-client/1.1"
34.201.1.41 - - [29/Mar/2021:20:03:29 +0200] "GET /secureX/set_secureX_action.php?value=4 HTTP/1.1" 200 149 "-" "Go-http-client/1.1"
35.173.236.211 - - [29/Mar/2021:20:03:32 +0200] "GET /secureX/fichier.txt HTTP/1.1" 200 229 "-" "Go-http-client/1.1"
34.201.1.41 - - [29/Mar/2021:20:03:35 +0200] "GET /secureX/fichier.txt HTTP/1.1" 200 229 "-" "Go-http-client/1.1"
35.173.236.211 - - [29/Mar/2021:20:03:35 +0200] "GET /secureX/fichier.txt HTTP/1.1" 200 229 "-" "Go-http-client/1.1"
34.201.1.41 - - [29/Mar/2021:20:03:33 +0200] "GET /secureX/set_secureX_action.php?value=4 HTTP/1.1" 200 149 "-" "Go-http-client/1.1"
35.173.236.211 - - [29/Mar/2021:20:03:35 +0200] "GET /secureX/set_secureX_action.php?value=4 HTTP/1.1" 200 149 "-" "Go-http-client/1.1"
34.201.1.41 - - [29/Mar/2021:20:03:35 +0200] "GET /secureX/set_secureX_action.php?value=4 HTTP/1.1" 200 149 "-" "Go-http-client/1.1"
35.173.236.211 - - [29/Mar/2021:20:03:38 +0200] "GET /secureX/fichier.txt HTTP/1.1" 200 229 "-" "Go-http-client/1.1"
34.201.1.41 - - [29/Mar/2021:20:03:41 +0200] "GET /secureX/fichier.txt HTTP/1.1" 200 229 "-" "Go-http-client/1.1"
35.173.236.211 - - [29/Mar/2021:20:03:41 +0200] "GET /secureX/fichier.txt HTTP/1.1" 200 229 "-" "Go-http-client/1.1"
35.173.236.211 - - [29/Mar/2021:20:03:39 +0200] "GET /secureX/set_secureX_action.php?value=4 HTTP/1.1" 200 149 "-" "Go-http-client/1.1"
34.201.1.41 - - [29/Mar/2021:20:03:41 +0200] "GET /secureX/set_secureX_action.php?value=4 HTTP/1.1" 200 149 "-" "Go-http-client/1.1"
34.201.1.41 - - [29/Mar/2021:20:03:41 +0200] "GET /secureX/set_secureX_action.php?value=4 HTTP/1.1" 200 149 "-" "Go-http-client/1.1"
35.173.236.211 - - [29/Mar/2021:20:03:44 +0200] "GET /secureX/fichier.txt HTTP/1.1" 200 229 "-" "Go-http-client/1.1"
91.166.71.69 - - [29/Mar/2021:20:03:47 +0200] "GET /secureX/gethint.php?q=th HTTP/1.1" 200 207 "http://82.121.247.198/secureX/index.html" "Mozilla/5.0 (Windows NT 10.0; Win64; x64; rv:87.0) Gecko/20100101 Firefox/87.0"
91.166.71.69 - - [29/Mar/2021:20:03:47 +0200] "GET /secureX/gethint.php?q=th HTTP/1.1" 200 207 "http://82.121.247.198/secureX/index.html" "Mozilla/5.0 (Windows NT 10.0; Win64; x64; rv:87.0) Gecko/20100101 Firefox/87.0"
35.173.236.211 - - [29/Mar/2021:20:03:47 +0200] "GET /secureX/fichier.txt HTTP/1.1" 200 229 "-" "Go-http-client/1.1"
35.173.236.211 - - [29/Mar/2021:20:03:47 +0200] "GET /secureX/fichier.txt HTTP/1.1" 200 229 "-" "Go-http-client/1.1"
91.166.71.69 - - [29/Mar/2021:20:03:47 +0200] "GET /secureX/gethint.php?q=than HTTP/1.1" 200 206 "http://82.121.247.198/secureX/index.html" "Mozilla/5.0 (Windows NT 10.0; Win64; x64; rv:87.0) Gecko/20100101 Firefox/87.0"
91.166.71.69 - - [29/Mar/2021:20:03:47 +0200] "GET /secureX/gethint.php?q=than HTTP/1.1" 200 206 "http://82.121.247.198/secureX/index.html" "Mozilla/5.0 (Windows NT 10.0; Win64; x64; rv:87.0) Gecko/20100101 Firefox/87.0"
35.173.236.211 - - [29/Mar/2021:20:03:45 +0200] "GET /secureX/set_secureX_action.php?value=4 HTTP/1.1" 200 149 "-" "Go-http-client/1.1"
91.166.71.69 - - [29/Mar/2021:20:03:48 +0200] "GET /secureX/gethint.php?q=thank HTTP/1.1" 200 206 "http://82.121.247.198/secureX/index.html" "Mozilla/5.0 (Windows NT 10.0; Win64; x64; rv:87.0) Gecko/20100101 Firefox/87.0"
91.166.71.69 - - [29/Mar/2021:20:03:48 +0200] "GET /secureX/gethint.php?q=thank HTTP/1.1" 200 206 "http://82.121.247.198/secureX/index.html" "Mozilla/5.0 (Windows NT 10.0; Win64; x64; rv:87.0) Gecko/20100101 Firefox/87.0"
91.166.71.69 - - [29/Mar/2021:20:03:48 +0200] "GET /secureX/gethint.php?q=thank%20y HTTP/1.1" 200 206 "http://82.121.247.198/secureX/index.html" "Mozilla/5.0 (Windows NT 10.0; Win64; x64; rv:87.0) Gecko/20100101 Firefox/87.0"
91.166.71.69 - - [29/Mar/2021:20:03:48 +0200] "GET /secureX/gethint.php?q=thank%20you HTTP/1.1" 200 206 "http://82.121.247.198/secureX/index.html" "Mozilla/5.0 (Windows NT 10.0; Win64; x64; rv:87.0) Gecko/20100101 Firefox/87.0"
91.166.71.69 - - [29/Mar/2021:20:03:48 +0200] "GET /secureX/gethint.php?q=thank%20you HTTP/1.1" 200 206 "http://82.121.247.198/secureX/index.html" "Mozilla/5.0 (Windows NT 10.0; Win64; x64; rv:87.0) Gecko/20100101 Firefox/87.0"
91.166.71.69 - - [29/Mar/2021:20:03:49 +0200] "GET /secureX/gethint.php?q=thank%20you HTTP/1.1" 200 206 "http://82.121.247.198/secureX/index.html" "Mozilla/5.0 (Windows NT 10.0; Win64; x64; rv:87.0) Gecko/20100101 Firefox/87.0"
91.166.71.69 - - [29/Mar/2021:20:03:50 +0200] "GET /secureX/gethint.php?q=thank%20you%20! HTTP/1.1" 200 206 "http://82.121.247.198/secureX/index.html" "Mozilla/5.0 (Windows NT 10.0; Win64; x64; rv:87.0) Gecko/20100101 Firefox/87.0"
34.201.1.41 - - [29/Mar/2021:20:03:47 +0200] "GET /secureX/set_secureX_action.php?value=4 HTTP/1.1" 200 149 "-" "Go-http-client/1.1"
34.201.1.41 - - [29/Mar/2021:20:03:50 +0200] "GET /secureX/fichier.txt HTTP/1.1" 200 229 "-" "Go-http-client/1.1"
34.201.1.41 - - [29/Mar/2021:20:03:47 +0200] "GET /secureX/set_secureX_action.php?value=4 HTTP/1.1" 200 149 "-" "Go-http-client/1.1"
91.166.71.69 - - [29/Mar/2021:20:03:52 +0200] "GET /secureX/gethint.php?q=thank%20you%20! HTTP/1.1" 200 206 "http://82.121.247.198/secureX/index.html" "Mozilla/5.0 (Windows NT 10.0; Win64; x64; rv:87.0) Gecko/20100101 Firefox/87.0"
34.201.1.41 - - [29/Mar/2021:20:03:53 +0200] "GET /secureX/fichier.txt HTTP/1.1" 200 229 "-" "Go-http-client/1.1"
34.201.1.41 - - [29/Mar/2021:20:03:53 +0200] "GET /secureX/fichier.txt HTTP/1.1" 200 229 "-" "Go-http-client/1.1"
34.201.1.41 - - [29/Mar/2021:20:03:51 +0200] "GET /secureX/set_secureX_action.php?value=4 HTTP/1.1" 200 149 "-" "Go-http-client/1.1"
34.201.1.41 - - [29/Mar/2021:20:03:56 +0200] "GET /secureX/fichier.txt HTTP/1.1" 200 229 "-" "Go-http-client/1.1"
35.173.236.211 - - [29/Mar/2021:20:03:53 +0200] "GET /secureX/set_secureX_action.php?value=4 HTTP/1.1" 200 149 "-" "Go-http-client/1.1"
34.201.1.41 - - [29/Mar/2021:20:03:53 +0200] "GET /secureX/set_secureX_action.php?value=4 HTTP/1.1" 200 149 "-" "Go-http-client/1.1"
91.166.71.69 - - [29/Mar/2021:20:03:56 +0200] "GET /secureX/gethint.php?q=B HTTP/1.1" 200 206 "http://82.121.247.198/secureX/index.html" "Mozilla/5.0 (Windows NT 10.0; Win64; x64; rv:87.0) Gecko/20100101 Firefox/87.0"
91.166.71.69 - - [29/Mar/2021:20:03:57 +0200] "GET /secureX/gethint.php?q=B HTTP/1.1" 200 206 "http://82.121.247.198/secureX/index.html" "Mozilla/5.0 (Windows NT 10.0; Win64; x64; rv:87.0) Gecko/20100101 Firefox/87.0"
91.166.71.69 - - [29/Mar/2021:20:03:57 +0200] "GET /secureX/gethint.php?q=By HTTP/1.1" 200 206 "http://82.121.247.198/secureX/index.html" "Mozilla/5.0 (Windows NT 10.0; Win64; x64; rv:87.0) Gecko/20100101 Firefox/87.0"
91.166.71.69 - - [29/Mar/2021:20:03:58 +0200] "GET /secureX/gethint.php?q=Bye HTTP/1.1" 200 206 "http://82.121.247.198/secureX/index.html" "Mozilla/5.0 (Windows NT 10.0; Win64; x64; rv:87.0) Gecko/20100101 Firefox/87.0"
91.166.71.69 - - [29/Mar/2021:20:03:58 +0200] "GET /secureX/gethint.php?q=Bye HTTP/1.1" 200 206 "http://82.121.247.198/secureX/index.html" "Mozilla/5.0 (Windows NT 10.0; Win64; x64; rv:87.0) Gecko/20100101 Firefox/87.0"
91.166.71.69 - - [29/Mar/2021:20:03:58 +0200] "GET /secureX/gethint.php?q=Bye HTTP/1.1" 200 206 "http://82.121.247.198/secureX/index.html" "Mozilla/5.0 (Windows NT 10.0; Win64; x64; rv:87.0) Gecko/20100101 Firefox/87.0"
34.201.1.41 - - [29/Mar/2021:20:03:59 +0200] "GET /secureX/fichier.txt HTTP/1.1" 200 229 "-" "Go-http-client/1.1"
35.173.236.211 - - [29/Mar/2021:20:03:59 +0200] "GET /secureX/fichier.txt HTTP/1.1" 200 229 "-" "Go-http-client/1.1"
35.173.236.211 - - [29/Mar/2021:20:03:57 +0200] "GET /secureX/set_secureX_action.php?value=4 HTTP/1.1" 200 149 "-" "Go-http-client/1.1"
91.166.71.69 - - [29/Mar/2021:20:04:00 +0200] "GET /secureX/gethint.php?q=Bye%20bu HTTP/1.1" 200 206 "http://82.121.247.198/secureX/index.html" "Mozilla/5.0 (Windows NT 10.0; Win64; x64; rv:87.0) Gecko/20100101 Firefox/87.0"
91.166.71.69 - - [29/Mar/2021:20:04:01 +0200] "GET /secureX/gethint.php?q=Bye%20bu HTTP/1.1" 200 206 "http://82.121.247.198/secureX/index.html" "Mozilla/5.0 (Windows NT 10.0; Win64; x64; rv:87.0) Gecko/20100101 Firefox/87.0"
91.166.71.69 - - [29/Mar/2021:20:04:01 +0200] "GET /secureX/gethint.php?q=Bye%20b HTTP/1.1" 200 206 "http://82.121.247.198/secureX/index.html" "Mozilla/5.0 (Windows NT 10.0; Win64; x64; rv:87.0) Gecko/20100101 Firefox/87.0"
91.166.71.69 - - [29/Mar/2021:20:04:01 +0200] "GET /secureX/gethint.php?q=Bye%20bu HTTP/1.1" 200 206 "http://82.121.247.198/secureX/index.html" "Mozilla/5.0 (Windows NT 10.0; Win64; x64; rv:87.0) Gecko/20100101 Firefox/87.0"
91.166.71.69 - - [29/Mar/2021:20:04:02 +0200] "GET /secureX/gethint.php?q=Bye%20bue HTTP/1.1" 200 206 "http://82.121.247.198/secureX/index.html" "Mozilla/5.0 (Windows NT 10.0; Win64; x64; rv:87.0) Gecko/20100101 Firefox/87.0"
35.173.236.211 - - [29/Mar/2021:20:04:02 +0200] "GET /secureX/fichier.txt HTTP/1.1" 200 229 "-" "Go-http-client/1.1"
91.166.71.69 - - [29/Mar/2021:20:04:02 +0200] "GET /secureX/gethint.php?q=Bye%20bu HTTP/1.1" 200 206 "http://82.121.247.198/secureX/index.html" "Mozilla/5.0 (Windows NT 10.0; Win64; x64; rv:87.0) Gecko/20100101 Firefox/87.0"
34.201.1.41 - - [29/Mar/2021:20:03:59 +0200] "GET /secureX/set_secureX_action.php?value=4 HTTP/1.1" 200 149 "-" "Go-http-client/1.1"
91.166.71.69 - - [29/Mar/2021:20:04:02 +0200] "GET /secureX/gethint.php?q=Bye%20b HTTP/1.1" 200 206 "http://82.121.247.198/secureX/index.html" "Mozilla/5.0 (Windows NT 10.0; Win64; x64; rv:87.0) Gecko/20100101 Firefox/87.0"
34.201.1.41 - - [29/Mar/2021:20:03:59 +0200] "GET /secureX/set_secureX_action.php?value=4 HTTP/1.1" 200 149 "-" "Go-http-client/1.1"
91.166.71.69 - - [29/Mar/2021:20:04:03 +0200] "GET /secureX/gethint.php?q=Bye%20by HTTP/1.1" 200 206 "http://82.121.247.198/secureX/index.html" "Mozilla/5.0 (Windows NT 10.0; Win64; x64; rv:87.0) Gecko/20100101 Firefox/87.0"
91.166.71.69 - - [29/Mar/2021:20:04:03 +0200] "GET /secureX/gethint.php?q=Bye%20bye HTTP/1.1" 200 206 "http://82.121.247.198/secureX/index.html" "Mozilla/5.0 (Windows NT 10.0; Win64; x64; rv:87.0) Gecko/20100101 Firefox/87.0"
91.166.71.69 - - [29/Mar/2021:20:04:03 +0200] "GET /secureX/gethint.php?q=Bye%20bye HTTP/1.1" 200 206 "http://82.121.247.198/secureX/index.html" "Mozilla/5.0 (Windows NT 10.0; Win64; x64; rv:87.0) Gecko/20100101 Firefox/87.0"
35.173.236.211 - - [29/Mar/2021:20:04:05 +0200] "GET /secureX/fichier.txt HTTP/1.1" 200 230 "-" "Go-http-client/1.1"
35.173.236.211 - - [29/Mar/2021:20:04:05 +0200] "GET /secureX/fichier.txt HTTP/1.1" 200 230 "-" "Go-http-client/1.1"
35.173.236.211 - - [29/Mar/2021:20:04:03 +0200] "GET /secureX/set_secureX_action.php?value=4 HTTP/1.1" 200 149 "-" "Go-http-client/1.1"
35.173.236.211 - - [29/Mar/2021:20:04:08 +0200] "GET /secureX/fichier.txt HTTP/1.1" 200 230 "-" "Go-http-client/1.1"
34.201.1.41 - - [29/Mar/2021:20:04:05 +0200] "GET /secureX/set_secureX_action.php?value=10 HTTP/1.1" 200 149 "-" "Go-http-client/1.1"
34.201.1.41 - - [29/Mar/2021:20:04:05 +0200] "GET /secureX/set_secureX_action.php?value=10 HTTP/1.1" 200 149 "-" "Go-http-client/1.1"
35.173.236.211 - - [29/Mar/2021:20:04:08 +0200] "GET /secureX/set_secureX_action.php?value=10 HTTP/1.1" 200 149 "-" "Go-http-client/1.1"
::1 - - [29/Mar/2021:20:04:12 +0200] "OPTIONS * HTTP/1.0" 200 128 "-" "Apache/2.4.38 (Raspbian) (internal dummy connection)"
::1 - - [29/Mar/2021:20:04:14 +0200] "OPTIONS * HTTP/1.0" 200 128 "-" "Apache/2.4.38 (Raspbian) (internal dummy connection)"
::1 - - [29/Mar/2021:20:04:15 +0200] "OPTIONS * HTTP/1.0" 200 128 "-" "Apache/2.4.38 (Raspbian) (internal dummy connection)"
::1 - - [29/Mar/2021:20:04:16 +0200] "OPTIONS * HTTP/1.0" 200 128 "-" "Apache/2.4.38 (Raspbian) (internal dummy connection)"
::1 - - [29/Mar/2021:20:04:18 +0200] "OPTIONS * HTTP/1.0" 200 128 "-" "Apache/2.4.38 (Raspbian) (internal dummy connection)"
91.166.71.69 - - [29/Mar/2021:20:04:21 +0200] "GET /secureX/gethint.php?q=B HTTP/1.1" 200 207 "http://82.121.247.198/secureX/index.html" "Mozilla/5.0 (Windows NT 10.0; Win64; x64; rv:87.0) Gecko/20100101 Firefox/87.0"
91.166.71.69 - - [29/Mar/2021:20:04:28 +0200] "GET /secureX/gethint.php?q=h HTTP/1.1" 200 207 "http://82.121.247.198/secureX/index.html" "Mozilla/5.0 (Windows NT 10.0; Win64; x64; rv:87.0) Gecko/20100101 Firefox/87.0"
91.166.71.69 - - [29/Mar/2021:20:04:28 +0200] "GET /secureX/gethint.php?q=he HTTP/1.1" 200 206 "http://82.121.247.198/secureX/index.html" "Mozilla/5.0 (Windows NT 10.0; Win64; x64; rv:87.0) Gecko/20100101 Firefox/87.0"
91.166.71.69 - - [29/Mar/2021:20:04:29 +0200] "GET /secureX/gethint.php?q=hel HTTP/1.1" 200 206 "http://82.121.247.198/secureX/index.html" "Mozilla/5.0 (Windows NT 10.0; Win64; x64; rv:87.0) Gecko/20100101 Firefox/87.0"
91.166.71.69 - - [29/Mar/2021:20:04:29 +0200] "GET /secureX/gethint.php?q=hell HTTP/1.1" 200 206 "http://82.121.247.198/secureX/index.html" "Mozilla/5.0 (Windows NT 10.0; Win64; x64; rv:87.0) Gecko/20100101 Firefox/87.0"
91.166.71.69 - - [29/Mar/2021:20:04:29 +0200] "GET /secureX/gethint.php?q=hello HTTP/1.1" 200 206 "http://82.121.247.198/secureX/index.html" "Mozilla/5.0 (Windows NT 10.0; Win64; x64; rv:87.0) Gecko/20100101 Firefox/87.0"
91.166.71.69 - - [29/Mar/2021:20:04:29 +0200] "GET /secureX/gethint.php?q=hello HTTP/1.1" 200 206 "http://82.121.247.198/secureX/index.html" "Mozilla/5.0 (Windows NT 10.0; Win64; x64; rv:87.0) Gecko/20100101 Firefox/87.0"
91.166.71.69 - - [29/Mar/2021:20:04:30 +0200] "GET /secureX/gethint.php?q=hello HTTP/1.1" 200 206 "http://82.121.247.198/secureX/index.html" "Mozilla/5.0 (Windows NT 10.0; Win64; x64; rv:87.0) Gecko/20100101 Firefox/87.0"
91.166.71.69 - - [29/Mar/2021:20:04:32 +0200] "GET /secureX/gethint.php?q=hello HTTP/1.1" 200 206 "http://82.121.247.198/secureX/index.html" "Mozilla/5.0 (Windows NT 10.0; Win64; x64; rv:87.0) Gecko/20100101 Firefox/87.0"
91.166.71.69 - - [29/Mar/2021:20:04:53 +0200] "GET /secureX/gethint.php?q=hello%20s HTTP/1.1" 200 207 "http://82.121.247.198/secureX/index.html" "Mozilla/5.0 (Windows NT 10.0; Win64; x64; rv:87.0) Gecko/20100101 Firefox/87.0"
91.166.71.69 - - [29/Mar/2021:20:04:54 +0200] "GET /secureX/gethint.php?q=hello%20se HTTP/1.1" 200 206 "http://82.121.247.198/secureX/index.html" "Mozilla/5.0 (Windows NT 10.0; Win64; x64; rv:87.0) Gecko/20100101 Firefox/87.0"
91.166.71.69 - - [29/Mar/2021:20:04:54 +0200] "GET /secureX/gethint.php?q=hello%20secu HTTP/1.1" 200 206 "http://82.121.247.198/secureX/index.html" "Mozilla/5.0 (Windows NT 10.0; Win64; x64; rv:87.0) Gecko/20100101 Firefox/87.0"
91.166.71.69 - - [29/Mar/2021:20:04:54 +0200] "GET /secureX/gethint.php?q=hello%20secu HTTP/1.1" 200 206 "http://82.121.247.198/secureX/index.html" "Mozilla/5.0 (Windows NT 10.0; Win64; x64; rv:87.0) Gecko/20100101 Firefox/87.0"
91.166.71.69 - - [29/Mar/2021:20:04:54 +0200] "GET /secureX/gethint.php?q=hello%20secure HTTP/1.1" 200 206 "http://82.121.247.198/secureX/index.html" "Mozilla/5.0 (Windows NT 10.0; Win64; x64; rv:87.0) Gecko/20100101 Firefox/87.0"
91.166.71.69 - - [29/Mar/2021:20:04:54 +0200] "GET /secureX/gethint.php?q=hello%20secure HTTP/1.1" 200 206 "http://82.121.247.198/secureX/index.html" "Mozilla/5.0 (Windows NT 10.0; Win64; x64; rv:87.0) Gecko/20100101 Firefox/87.0"
91.166.71.69 - - [29/Mar/2021:20:04:55 +0200] "GET /secureX/gethint.php?q=hello%20secureX HTTP/1.1" 200 206 "http://82.121.247.198/secureX/index.html" "Mozilla/5.0 (Windows NT 10.0; Win64; x64; rv:87.0) Gecko/20100101 Firefox/87.0"
91.166.71.69 - - [29/Mar/2021:20:04:55 +0200] "GET /secureX/gethint.php?q=hello%20secureX HTTP/1.1" 200 206 "http://82.121.247.198/secureX/index.html" "Mozilla/5.0 (Windows NT 10.0; Win64; x64; rv:87.0) Gecko/20100101 Firefox/87.0"
91.166.71.69 - - [29/Mar/2021:20:04:55 +0200] "GET /secureX/gethint.php?q=hello%20secureX HTTP/1.1" 200 206 "http://82.121.247.198/secureX/index.html" "Mozilla/5.0 (Windows NT 10.0; Win64; x64; rv:87.0) Gecko/20100101 Firefox/87.0"
91.166.71.69 - - [29/Mar/2021:20:04:59 +0200] "GET /secureX/gethint.php?q=hello%20secureX HTTP/1.1" 200 206 "http://82.121.247.198/secureX/index.html" "Mozilla/5.0 (Windows NT 10.0; Win64; x64; rv:87.0) Gecko/20100101 Firefox/87.0"
91.166.71.69 - - [29/Mar/2021:20:04:59 +0200] "GET /secureX/gethint.php?q=hello%20secureX HTTP/1.1" 200 206 "http://82.121.247.198/secureX/index.html" "Mozilla/5.0 (Windows NT 10.0; Win64; x64; rv:87.0) Gecko/20100101 Firefox/87.0"
91.166.71.69 - - [29/Mar/2021:20:05:00 +0200] "GET /secureX/gethint.php?q=h HTTP/1.1" 200 206 "http://82.121.247.198/secureX/index.html" "Mozilla/5.0 (Windows NT 10.0; Win64; x64; rv:87.0) Gecko/20100101 Firefox/87.0"
91.166.71.69 - - [29/Mar/2021:20:05:00 +0200] "GET /secureX/gethint.php?q=he HTTP/1.1" 200 206 "http://82.121.247.198/secureX/index.html" "Mozilla/5.0 (Windows NT 10.0; Win64; x64; rv:87.0) Gecko/20100101 Firefox/87.0"
91.166.71.69 - - [29/Mar/2021:20:05:01 +0200] "GET /secureX/gethint.php?q=hel HTTP/1.1" 200 206 "http://82.121.247.198/secureX/index.html" "Mozilla/5.0 (Windows NT 10.0; Win64; x64; rv:87.0) Gecko/20100101 Firefox/87.0"
91.166.71.69 - - [29/Mar/2021:20:05:01 +0200] "GET /secureX/gethint.php?q=hell HTTP/1.1" 200 206 "http://82.121.247.198/secureX/index.html" "Mozilla/5.0 (Windows NT 10.0; Win64; x64; rv:87.0) Gecko/20100101 Firefox/87.0"
91.166.71.69 - - [29/Mar/2021:20:05:01 +0200] "GET /secureX/gethint.php?q=hello HTTP/1.1" 200 206 "http://82.121.247.198/secureX/index.html" "Mozilla/5.0 (Windows NT 10.0; Win64; x64; rv:87.0) Gecko/20100101 Firefox/87.0"
91.166.71.69 - - [29/Mar/2021:20:05:02 +0200] "GET /secureX/Ajax_SomePage.php?value=1&_=1617040748774 HTTP/1.1" 200 367 "http://82.121.247.198/secureX/index.html" "Mozilla/5.0 (Windows NT 10.0; Win64; x64; rv:87.0) Gecko/20100101 Firefox/87.0"
91.166.71.69 - - [29/Mar/2021:20:05:06 +0200] "GET /secureX/display_bye.php HTTP/1.1" 200 403 "http://82.121.247.198/secureX/index.html" "Mozilla/5.0 (Windows NT 10.0; Win64; x64; rv:87.0) Gecko/20100101 Firefox/87.0"
91.166.71.69 - - [29/Mar/2021:20:05:06 +0200] "GET /secureX/images/secureX-bye.png HTTP/1.1" 200 178084 "http://82.121.247.198/secureX/display_bye.php" "Mozilla/5.0 (Windows NT 10.0; Win64; x64; rv:87.0) Gecko/20100101 Firefox/87.0"
91.166.71.69 - - [29/Mar/2021:20:05:06 +0200] "GET /secureX/sons/bye.mp3 HTTP/1.1" 206 27290 "http://82.121.247.198/secureX/display_bye.php" "Mozilla/5.0 (Windows NT 10.0; Win64; x64; rv:87.0) Gecko/20100101 Firefox/87.0"
91.166.71.69 - - [29/Mar/2021:20:05:18 +0200] "GET /secureX/gethint.php?q=hello HTTP/1.1" 200 207 "http://82.121.247.198/secureX/index.html" "Mozilla/5.0 (Windows NT 10.0; Win64; x64; rv:87.0) Gecko/20100101 Firefox/87.0"
91.166.71.69 - - [29/Mar/2021:20:05:21 +0200] "GET /secureX/gethint.php?q=hello HTTP/1.1" 200 206 "http://82.121.247.198/secureX/index.html" "Mozilla/5.0 (Windows NT 10.0; Win64; x64; rv:87.0) Gecko/20100101 Firefox/87.0"
91.166.71.69 - - [29/Mar/2021:20:05:21 +0200] "GET /secureX/gethint.php?q=hello%20s HTTP/1.1" 200 206 "http://82.121.247.198/secureX/index.html" "Mozilla/5.0 (Windows NT 10.0; Win64; x64; rv:87.0) Gecko/20100101 Firefox/87.0"
91.166.71.69 - - [29/Mar/2021:20:05:21 +0200] "GET /secureX/gethint.php?q=hello%20se HTTP/1.1" 200 206 "http://82.121.247.198/secureX/index.html" "Mozilla/5.0 (Windows NT 10.0; Win64; x64; rv:87.0) Gecko/20100101 Firefox/87.0"
91.166.71.69 - - [29/Mar/2021:20:05:21 +0200] "GET /secureX/gethint.php?q=hello%20secu HTTP/1.1" 200 206 "http://82.121.247.198/secureX/index.html" "Mozilla/5.0 (Windows NT 10.0; Win64; x64; rv:87.0) Gecko/20100101 Firefox/87.0"
91.166.71.69 - - [29/Mar/2021:20:05:21 +0200] "GET /secureX/gethint.php?q=hello%20secu HTTP/1.1" 200 206 "http://82.121.247.198/secureX/index.html" "Mozilla/5.0 (Windows NT 10.0; Win64; x64; rv:87.0) Gecko/20100101 Firefox/87.0"
91.166.71.69 - - [29/Mar/2021:20:05:22 +0200] "GET /secureX/gethint.php?q=hello%20secure HTTP/1.1" 200 206 "http://82.121.247.198/secureX/index.html" "Mozilla/5.0 (Windows NT 10.0; Win64; x64; rv:87.0) Gecko/20100101 Firefox/87.0"
91.166.71.69 - - [29/Mar/2021:20:05:22 +0200] "GET /secureX/gethint.php?q=hello%20secure HTTP/1.1" 200 206 "http://82.121.247.198/secureX/index.html" "Mozilla/5.0 (Windows NT 10.0; Win64; x64; rv:87.0) Gecko/20100101 Firefox/87.0"
91.166.71.69 - - [29/Mar/2021:20:05:22 +0200] "GET /secureX/gethint.php?q=hello%20secureX HTTP/1.1" 200 206 "http://82.121.247.198/secureX/index.html" "Mozilla/5.0 (Windows NT 10.0; Win64; x64; rv:87.0) Gecko/20100101 Firefox/87.0"
91.166.71.69 - - [29/Mar/2021:20:05:22 +0200] "GET /secureX/gethint.php?q=hello%20secureX HTTP/1.1" 200 206 "http://82.121.247.198/secureX/index.html" "Mozilla/5.0 (Windows NT 10.0; Win64; x64; rv:87.0) Gecko/20100101 Firefox/87.0"
91.166.71.69 - - [29/Mar/2021:20:05:23 +0200] "GET /secureX/Ajax_SomePage.php?value=1&_=1617040748775 HTTP/1.1" 200 367 "http://82.121.247.198/secureX/index.html" "Mozilla/5.0 (Windows NT 10.0; Win64; x64; rv:87.0) Gecko/20100101 Firefox/87.0"
91.166.71.69 - - [29/Mar/2021:20:05:26 +0200] "GET /secureX/display_bye.php HTTP/1.1" 200 403 "http://82.121.247.198/secureX/index.html" "Mozilla/5.0 (Windows NT 10.0; Win64; x64; rv:87.0) Gecko/20100101 Firefox/87.0"
